Archive member included because of file (symbol)

/usr/local/gcc_arm/gcc-arm-none-eabi-4_9-2015q3/bin/../lib/gcc/arm-none-eabi/4.9.3/armv6-m/libgcc.a(_udivsi3.o)
                              ./src/SEGGER_RTT_printf.o (__aeabi_uidiv)
/usr/local/gcc_arm/gcc-arm-none-eabi-4_9-2015q3/bin/../lib/gcc/arm-none-eabi/4.9.3/armv6-m/libgcc.a(_divsi3.o)
                              ./src/SEGGER_RTT_printf.o (__aeabi_idiv)
/usr/local/gcc_arm/gcc-arm-none-eabi-4_9-2015q3/bin/../lib/gcc/arm-none-eabi/4.9.3/armv6-m/libgcc.a(_dvmd_tls.o)
                              /usr/local/gcc_arm/gcc-arm-none-eabi-4_9-2015q3/bin/../lib/gcc/arm-none-eabi/4.9.3/armv6-m/libgcc.a(_udivsi3.o) (__aeabi_idiv0)
/usr/local/gcc_arm/gcc-arm-none-eabi-4_9-2015q3/bin/../lib/gcc/arm-none-eabi/4.9.3/../../../../arm-none-eabi/lib/armv6-m/libg_nano.a(lib_a-exit.o)
                              /usr/local/gcc_arm/gcc-arm-none-eabi-4_9-2015q3/bin/../lib/gcc/arm-none-eabi/4.9.3/../../../../arm-none-eabi/lib/armv6-m/crt0.o (exit)
/usr/local/gcc_arm/gcc-arm-none-eabi-4_9-2015q3/bin/../lib/gcc/arm-none-eabi/4.9.3/../../../../arm-none-eabi/lib/armv6-m/libg_nano.a(lib_a-impure.o)
                              /usr/local/gcc_arm/gcc-arm-none-eabi-4_9-2015q3/bin/../lib/gcc/arm-none-eabi/4.9.3/../../../../arm-none-eabi/lib/armv6-m/libg_nano.a(lib_a-exit.o) (_global_impure_ptr)
/usr/local/gcc_arm/gcc-arm-none-eabi-4_9-2015q3/bin/../lib/gcc/arm-none-eabi/4.9.3/../../../../arm-none-eabi/lib/armv6-m/libg_nano.a(lib_a-init.o)
                              /usr/local/gcc_arm/gcc-arm-none-eabi-4_9-2015q3/bin/../lib/gcc/arm-none-eabi/4.9.3/../../../../arm-none-eabi/lib/armv6-m/crt0.o (__libc_init_array)
/usr/local/gcc_arm/gcc-arm-none-eabi-4_9-2015q3/bin/../lib/gcc/arm-none-eabi/4.9.3/../../../../arm-none-eabi/lib/armv6-m/libg_nano.a(lib_a-memcmp.o)
                              ./src/device_manager_peripheral.o (memcmp)
/usr/local/gcc_arm/gcc-arm-none-eabi-4_9-2015q3/bin/../lib/gcc/arm-none-eabi/4.9.3/../../../../arm-none-eabi/lib/armv6-m/libg_nano.a(lib_a-memcpy.o)
                              ./src/SEGGER_RTT.o (memcpy)
/usr/local/gcc_arm/gcc-arm-none-eabi-4_9-2015q3/bin/../lib/gcc/arm-none-eabi/4.9.3/../../../../arm-none-eabi/lib/armv6-m/libg_nano.a(lib_a-memset.o)
                              /usr/local/gcc_arm/gcc-arm-none-eabi-4_9-2015q3/bin/../lib/gcc/arm-none-eabi/4.9.3/../../../../arm-none-eabi/lib/armv6-m/crt0.o (memset)
/usr/local/gcc_arm/gcc-arm-none-eabi-4_9-2015q3/bin/../lib/gcc/arm-none-eabi/4.9.3/../../../../arm-none-eabi/lib/armv6-m/libg_nano.a(lib_a-strlen.o)
                              ./src/SEGGER_RTT.o (strlen)
/usr/local/gcc_arm/gcc-arm-none-eabi-4_9-2015q3/bin/../lib/gcc/arm-none-eabi/4.9.3/../../../../arm-none-eabi/lib/armv6-m/libnosys.a(_exit.o)
                              /usr/local/gcc_arm/gcc-arm-none-eabi-4_9-2015q3/bin/../lib/gcc/arm-none-eabi/4.9.3/../../../../arm-none-eabi/lib/armv6-m/libg_nano.a(lib_a-exit.o) (_exit)

Allocating common symbols
Common symbol       size              file

m_p_file_name       0x4               ./src/app_error.o
__stdin             0x68              ./src/retarget.o
m_error_code        0x4               ./src/app_error.o
m_line_num          0x4               ./src/app_error.o
__stdout            0x68              ./src/retarget.o
_SEGGER_RTT         0x78              ./src/SEGGER_RTT.o

Discarded input sections

 .group         0x0000000000000000        0x8 ./src/SEGGER_RTT.o
 .group         0x0000000000000000        0x8 ./src/SEGGER_RTT.o
 .group         0x0000000000000000        0x8 ./src/SEGGER_RTT.o
 .group         0x0000000000000000        0x8 ./src/SEGGER_RTT.o
 .group         0x0000000000000000        0x8 ./src/SEGGER_RTT.o
 .group         0x0000000000000000        0x8 ./src/SEGGER_RTT.o
 .group         0x0000000000000000        0x8 ./src/SEGGER_RTT.o
 .group         0x0000000000000000        0x8 ./src/SEGGER_RTT.o
 .group         0x0000000000000000        0x8 ./src/SEGGER_RTT.o
 .group         0x0000000000000000        0x8 ./src/SEGGER_RTT.o
 .group         0x0000000000000000        0x8 ./src/SEGGER_RTT.o
 .group         0x0000000000000000        0x8 ./src/SEGGER_RTT.o
 .group         0x0000000000000000        0x8 ./src/SEGGER_RTT.o
 .group         0x0000000000000000        0x8 ./src/SEGGER_RTT.o
 .group         0x0000000000000000        0x8 ./src/SEGGER_RTT.o
 .group         0x0000000000000000        0x8 ./src/SEGGER_RTT.o
 .group         0x0000000000000000        0x8 ./src/SEGGER_RTT_printf.o
 .group         0x0000000000000000        0x8 ./src/SEGGER_RTT_printf.o
 .group         0x0000000000000000        0x8 ./src/SEGGER_RTT_printf.o
 .group         0x0000000000000000        0x8 ./src/SEGGER_RTT_printf.o
 .group         0x0000000000000000        0x8 ./src/SEGGER_RTT_printf.o
 .group         0x0000000000000000        0x8 ./src/SEGGER_RTT_printf.o
 .group         0x0000000000000000        0x8 ./src/SEGGER_RTT_printf.o
 .group         0x0000000000000000        0x8 ./src/SEGGER_RTT_printf.o
[...]
Memory Configuration

Name             Origin             Length             Attributes
FLASH            0x0000000000018000 0x0000000000028000 xr
RAM              0x0000000020002000 0x0000000000006000 xrw
*default*        0x0000000000000000 0xffffffffffffffff

Linker script and memory map

LOAD /usr/local/gcc_arm/gcc-arm-none-eabi-4_9-2015q3/bin/../lib/gcc/arm-none-eabi/4.9.3/armv6-m/crti.o
LOAD /usr/local/gcc_arm/gcc-arm-none-eabi-4_9-2015q3/bin/../lib/gcc/arm-none-eabi/4.9.3/armv6-m/crtbegin.o
LOAD /usr/local/gcc_arm/gcc-arm-none-eabi-4_9-2015q3/bin/../lib/gcc/arm-none-eabi/4.9.3/../../../../arm-none-eabi/lib/armv6-m/crt0.o
LOAD ./src/SEGGER_RTT.o
LOAD ./src/SEGGER_RTT_printf.o
LOAD ./src/app_button.o
LOAD ./src/app_error.o
LOAD ./src/app_timer.o
LOAD ./src/app_trace.o
LOAD ./src/app_uart.o
LOAD ./src/ble_advdata.o
LOAD ./src/ble_advertising.o
LOAD ./src/ble_conn_params.o
LOAD ./src/ble_srv_common.o
LOAD ./src/bsp.o
LOAD ./src/bsp_btn_ble.o
LOAD ./src/device_manager_peripheral.o
LOAD ./src/gcc_startup_nrf51.o
LOAD ./src/main.o
LOAD ./src/nrf_assert.o
LOAD ./src/nrf_delay.o
LOAD ./src/nrf_drv_common.o
LOAD ./src/nrf_drv_gpiote.o
LOAD ./src/pstorage.o
LOAD ./src/retarget.o
LOAD ./src/softdevice_handler.o
LOAD ./src/system_nrf51.o
START GROUP
LOAD /usr/local/gcc_arm/gcc-arm-none-eabi-4_9-2015q3/bin/../lib/gcc/arm-none-eabi/4.9.3/armv6-m/libgcc.a
LOAD /usr/local/gcc_arm/gcc-arm-none-eabi-4_9-2015q3/bin/../lib/gcc/arm-none-eabi/4.9.3/../../../../arm-none-eabi/lib/armv6-m/libg_nano.a
LOAD /usr/local/gcc_arm/gcc-arm-none-eabi-4_9-2015q3/bin/../lib/gcc/arm-none-eabi/4.9.3/../../../../arm-none-eabi/lib/armv6-m/libc_nano.a
END GROUP
START GROUP
LOAD /usr/local/gcc_arm/gcc-arm-none-eabi-4_9-2015q3/bin/../lib/gcc/arm-none-eabi/4.9.3/armv6-m/libgcc.a
LOAD /usr/local/gcc_arm/gcc-arm-none-eabi-4_9-2015q3/bin/../lib/gcc/arm-none-eabi/4.9.3/../../../../arm-none-eabi/lib/armv6-m/libc_nano.a
END GROUP
LOAD /usr/local/gcc_arm/gcc-arm-none-eabi-4_9-2015q3/bin/../lib/gcc/arm-none-eabi/4.9.3/armv6-m/crtend.o
LOAD /usr/local/gcc_arm/gcc-arm-none-eabi-4_9-2015q3/bin/../lib/gcc/arm-none-eabi/4.9.3/armv6-m/crtn.o
START GROUP
LOAD /usr/local/gcc_arm/gcc-arm-none-eabi-4_9-2015q3/bin/../lib/gcc/arm-none-eabi/4.9.3/armv6-m/libgcc.a
LOAD /usr/local/gcc_arm/gcc-arm-none-eabi-4_9-2015q3/bin/../lib/gcc/arm-none-eabi/4.9.3/../../../../arm-none-eabi/lib/armv6-m/libc.a
LOAD /usr/local/gcc_arm/gcc-arm-none-eabi-4_9-2015q3/bin/../lib/gcc/arm-none-eabi/4.9.3/../../../../arm-none-eabi/lib/armv6-m/libnosys.a
END GROUP

.text           0x0000000000018000     0xe38c
 *(.Vectors)
 .Vectors       0x0000000000018000       0xc0 ./src/gcc_startup_nrf51.o
                0x0000000000018000                __Vectors
 *(.text*)
 .text          0x00000000000180c0        0x0 /usr/local/gcc_arm/gcc-arm-none-eabi-4_9-2015q3/bin/../lib/gcc/arm-none-eabi/4.9.3/armv6-m/crti.o
 .text          0x00000000000180c0       0x60 /usr/local/gcc_arm/gcc-arm-none-eabi-4_9-2015q3/bin/../lib/gcc/arm-none-eabi/4.9.3/armv6-m/crtbegin.o
 .text          0x0000000000018120       0x78 /usr/local/gcc_arm/gcc-arm-none-eabi-4_9-2015q3/bin/../lib/gcc/arm-none-eabi/4.9.3/../../../../arm-none-eabi/lib/armv6-m/crt0.o
                0x0000000000018120                _mainCRTStartup
                0x0000000000018120                _start
 .text          0x0000000000018198      0xb7c ./src/SEGGER_RTT.o
                0x0000000000018410                SEGGER_RTT_ReadNoLock
                0x000000000001851c                SEGGER_RTT_Read
                0x0000000000018558                SEGGER_RTT_WriteSkipNoLock
                0x0000000000018688                SEGGER_RTT_WriteNoLock
                0x0000000000018740                SEGGER_RTT_Write
                0x000000000001878c                SEGGER_RTT_WriteString
                0x00000000000187bc                SEGGER_RTT_GetKey
                0x00000000000187f0                SEGGER_RTT_WaitKey
                0x0000000000018810                SEGGER_RTT_HasKey
                0x000000000001884c                SEGGER_RTT_HasData
                0x0000000000018884                SEGGER_RTT_ConfigUpBuffer
                0x0000000000018954                SEGGER_RTT_ConfigDownBuffer
                0x0000000000018a24                SEGGER_RTT_SetNameUpBuffer
                0x0000000000018a84                SEGGER_RTT_SetNameDownBuffer
                0x0000000000018ae8                SEGGER_RTT_Init
                0x0000000000018b00                SEGGER_RTT_SetTerminal
                0x0000000000018bcc                SEGGER_RTT_TerminalOut
 .text          0x0000000000018d14      0x6e0 ./src/SEGGER_RTT_printf.o
                0x0000000000019044                SEGGER_RTT_vprintf
                0x00000000000193c0                SEGGER_RTT_printf
 .text          0x00000000000193f4      0x388 ./src/app_button.o
                0x0000000000019580                app_button_init
                0x000000000001968c                app_button_enable
                0x00000000000196d0                app_button_disable
                0x0000000000019720                app_button_is_pushed
 .text          0x000000000001977c       0x54 ./src/app_error.o
                0x000000000001977c                app_error_handler
 .text          0x00000000000197d0     0x1440 ./src/app_timer.o
                0x000000000001a7f4                RTC1_IRQHandler
                0x000000000001a840                SWI0_IRQHandler
                0x000000000001a84c                app_timer_init
                0x000000000001a9c8                app_timer_create
                0x000000000001aab8                app_timer_start
                0x000000000001ab44                app_timer_stop
                0x000000000001aba4                app_timer_stop_all
                0x000000000001abcc                app_timer_cnt_get
                0x000000000001abe8                app_timer_cnt_diff_compute
 .text          0x000000000001ac10        0x0 ./src/app_trace.o
 .text          0x000000000001ac10      0x9e0 ./src/app_uart.o
                0x000000000001af70                action_tx_stop
                0x000000000001b128                UART0_IRQHandler
                0x000000000001b2e0                app_uart_init
                0x000000000001b4fc                app_uart_get
                0x000000000001b53c                app_uart_put
                0x000000000001b57c                app_uart_flush
                0x000000000001b588                app_uart_get_connection_state
                0x000000000001b5b0                app_uart_close
 .text          0x000000000001b5f0      0xc4c ./src/ble_advdata.o
                0x000000000001c170                ble_advdata_set
 .text          0x000000000001c23c      0xc78 ./src/ble_advertising.o
                0x000000000001c628                ble_advertising_init
                0x000000000001c824                ble_advertising_start
                0x000000000001cba0                ble_advertising_on_ble_evt
                0x000000000001ccd4                ble_advertising_on_sys_evt
                0x000000000001cd34                ble_advertising_peer_addr_reply
                0x000000000001cd94                ble_advertising_whitelist_reply
                0x000000000001ce38                ble_advertising_restart_without_whitelist
 .text          0x000000000001ceb4      0x6e0 ./src/ble_conn_params.o
                0x000000000001d1e4                ble_conn_params_init
                0x000000000001d290                ble_conn_params_stop
                0x000000000001d49c                ble_conn_params_on_ble_evt
                0x000000000001d4ec                ble_conn_params_change_conn_params
 .text          0x000000000001d594      0x59c ./src/ble_srv_common.o
                0x000000000001d774                ble_srv_report_ref_encode
                0x000000000001d7f0                ble_srv_ascii_to_utf8
                0x000000000001d938                characteristic_add
 .text          0x000000000001db30      0xc28 ./src/bsp.o
                0x000000000001db30                bsp_buttons_state_get
                0x000000000001db98                bsp_button_is_pressed
                0x000000000001e484                bsp_indication_set
                0x000000000001e4bc                bsp_indication_text_set
                0x000000000001e4e4                bsp_init
                0x000000000001e60c                bsp_event_to_button_action_assign
                0x000000000001e6b4                bsp_buttons_enable
                0x000000000001e6c4                bsp_buttons_disable
                0x000000000001e6d4                bsp_wakeup_buttons_set
 .text          0x000000000001e758      0x438 ./src/bsp_btn_ble.o
                0x000000000001ea80                bsp_btn_ble_sleep_mode_prepare
                0x000000000001eaac                bsp_btn_ble_on_ble_evt
                0x000000000001eb3c                bsp_btn_ble_init
 .text          0x000000000001eb90     0x2cc0 ./src/device_manager_peripheral.o
                0x000000000001fbb8                dm_init
                0x000000000001fd24                dm_register
                0x000000000001fdf8                dm_security_setup_req
                0x000000000001fed0                dm_security_status_req
                0x000000000001ffdc                dm_whitelist_create
                0x00000000000201a8                dm_device_add
                0x00000000000201c0                dm_device_delete
                0x000000000002025c                dm_device_delete_all
                0x00000000000202f8                dm_service_context_set
                0x0000000000020448                dm_service_context_get
                0x0000000000020598                dm_service_context_delete
                0x000000000002062c                dm_application_context_set
                0x00000000000207ac                dm_application_context_get
                0x00000000000208ec                dm_application_context_delete
                0x00000000000209f4                dm_application_instance_set
                0x0000000000020a68                dm_handle_initialize
                0x0000000000020aa0                dm_peer_addr_set
                0x0000000000020b94                dm_peer_addr_get
                0x0000000000020cb0                dm_distributed_keys_get
                0x0000000000020e10                bond_data_load
                0x0000000000020e90                dm_ble_evt_handler
                0x00000000000217a0                dm_handle_get
 .text          0x0000000000021850       0x54 ./src/gcc_startup_nrf51.o
                0x0000000000021850                Reset_Handler
                0x0000000000021898                NMI_Handler
                0x000000000002189a                HardFault_Handler
                0x000000000002189c                SVC_Handler
                0x000000000002189e                PendSV_Handler
                0x00000000000218a0                SysTick_Handler
                0x00000000000218a2                SWI4_IRQHandler
                0x00000000000218a2                TEMP_IRQHandler
                0x00000000000218a2                QDEC_IRQHandler
                0x00000000000218a2                SWI5_IRQHandler
                0x00000000000218a2                TIMER0_IRQHandler
                0x00000000000218a2                TIMER1_IRQHandler
                0x00000000000218a2                ECB_IRQHandler
                0x00000000000218a2                Default_Handler
                0x00000000000218a2                ADC_IRQHandler
                0x00000000000218a2                SWI3_IRQHandler
                0x00000000000218a2                CCM_AAR_IRQHandler
                0x00000000000218a2                WDT_IRQHandler
                0x00000000000218a2                RNG_IRQHandler
                0x00000000000218a2                SPI1_TWI1_IRQHandler
                0x00000000000218a2                TIMER2_IRQHandler
                0x00000000000218a2                SWI1_IRQHandler
                0x00000000000218a2                SPI0_TWI0_IRQHandler
                0x00000000000218a2                RTC0_IRQHandler
                0x00000000000218a2                POWER_CLOCK_IRQHandler
                0x00000000000218a2                RADIO_IRQHandler
                0x00000000000218a2                LPCOMP_IRQHandler
 .text          0x00000000000218a4      0xbd4 ./src/main.o
                0x0000000000021c3c                assert_nrf_callback
                0x00000000000220b8                bsp_event_handler
                0x0000000000022414                main
 .text          0x0000000000022478        0x0 ./src/nrf_assert.o
 .text          0x0000000000022478       0x44 ./src/nrf_delay.o
                0x0000000000022478                nrf_delay_ms
 .text          0x00000000000224bc      0x30c ./src/nrf_drv_common.o
                0x0000000000022784                nrf_drv_common_irq_enable
 .text          0x00000000000227c8     0x11f0 ./src/nrf_drv_gpiote.o
                0x00000000000231d8                nrf_drv_gpiote_init
                0x000000000002325c                nrf_drv_gpiote_is_init
                0x0000000000023278                nrf_drv_gpiote_uninit
                0x00000000000232cc                nrf_drv_gpiote_out_init
                0x000000000002336c                nrf_drv_gpiote_out_uninit
                0x00000000000233b0                nrf_drv_gpiote_out_set
                0x00000000000233c8                nrf_drv_gpiote_out_clear
                0x00000000000233e0                nrf_drv_gpiote_out_toggle
                0x00000000000233f8                nrf_drv_gpiote_out_task_enable
                0x0000000000023420                nrf_drv_gpiote_out_task_disable
                0x0000000000023448                nrf_drv_gpiote_out_task_addr_get
                0x000000000002347c                nrf_drv_gpiote_out_task_force
                0x00000000000234c0                nrf_drv_gpiote_out_task_trigger
                0x00000000000234f0                nrf_drv_gpiote_in_init
                0x00000000000235c4                nrf_drv_gpiote_in_event_enable
                0x00000000000236d0                nrf_drv_gpiote_in_event_disable
                0x0000000000023724                nrf_drv_gpiote_in_uninit
                0x0000000000023778                nrf_drv_gpiote_in_is_set
                0x0000000000023798                nrf_drv_gpiote_in_event_addr_get
                0x00000000000237d0                GPIOTE_IRQHandler
 .text          0x00000000000239b8     0x19ac ./src/pstorage.o
                0x000000000002470c                pstorage_sys_event_handler
                0x00000000000249f8                pstorage_init
                0x0000000000024abc                pstorage_register
                0x0000000000024c38                pstorage_block_identifier_get
                0x0000000000024d30                pstorage_store
                0x0000000000024e94                pstorage_update
                0x0000000000024ff8                pstorage_load
                0x0000000000025184                pstorage_clear
                0x0000000000025328                pstorage_access_status_get
 .text          0x0000000000025364      0x1f8 ./src/retarget.o
                0x00000000000254fc                _write
                0x0000000000025534                _read
 .text          0x000000000002555c      0x640 ./src/softdevice_handler.o
                0x0000000000025910                softdevice_assertion_handler
                0x0000000000025938                intern_softdevice_events_execute
                0x0000000000025a4c                softdevice_handler_init
                0x0000000000025ad8                softdevice_handler_sd_disable
                0x0000000000025b00                softdevice_ble_evt_handler_set
                0x0000000000025b28                softdevice_sys_evt_handler_set
                0x0000000000025b50                SWI2_IRQHandler
 .text          0x0000000000025b9c      0x124 ./src/system_nrf51.o
                0x0000000000025b9c                SystemCoreClockUpdate
                0x0000000000025bb4                SystemInit
 .text          0x0000000000025cc0      0x120 /usr/local/gcc_arm/gcc-arm-none-eabi-4_9-2015q3/bin/../lib/gcc/arm-none-eabi/4.9.3/armv6-m/libgcc.a(_udivsi3.o)
                0x0000000000025cc0                __udivsi3
                0x0000000000025cc0                __aeabi_uidiv
                0x0000000000025dcc                __aeabi_uidivmod
 .text          0x0000000000025de0      0x1e0 /usr/local/gcc_arm/gcc-arm-none-eabi-4_9-2015q3/bin/../lib/gcc/arm-none-eabi/4.9.3/armv6-m/libgcc.a(_divsi3.o)
                0x0000000000025de0                __aeabi_idiv
                0x0000000000025de0                __divsi3
                0x0000000000025fac                __aeabi_idivmod
 .text          0x0000000000025fc0        0x4 /usr/local/gcc_arm/gcc-arm-none-eabi-4_9-2015q3/bin/../lib/gcc/arm-none-eabi/4.9.3/armv6-m/libgcc.a(_dvmd_tls.o)
                0x0000000000025fc0                __aeabi_ldiv0
                0x0000000000025fc0                __aeabi_idiv0
 .text          0x0000000000025fc4        0x0 /usr/local/gcc_arm/gcc-arm-none-eabi-4_9-2015q3/bin/../lib/gcc/arm-none-eabi/4.9.3/../../../../arm-none-eabi/lib/armv6-m/libg_nano.a(lib_a-exit.o)
 .text.exit     0x0000000000025fc4       0x2c /usr/local/gcc_arm/gcc-arm-none-eabi-4_9-2015q3/bin/../lib/gcc/arm-none-eabi/4.9.3/../../../../arm-none-eabi/lib/armv6-m/libg_nano.a(lib_a-exit.o)
                0x0000000000025fc4                exit
 .text          0x0000000000025ff0        0x0 /usr/local/gcc_arm/gcc-arm-none-eabi-4_9-2015q3/bin/../lib/gcc/arm-none-eabi/4.9.3/../../../../arm-none-eabi/lib/armv6-m/libg_nano.a(lib_a-impure.o)
 .text          0x0000000000025ff0        0x0 /usr/local/gcc_arm/gcc-arm-none-eabi-4_9-2015q3/bin/../lib/gcc/arm-none-eabi/4.9.3/../../../../arm-none-eabi/lib/armv6-m/libg_nano.a(lib_a-init.o)
 .text.__libc_init_array
                0x0000000000025ff0       0x4c /usr/local/gcc_arm/gcc-arm-none-eabi-4_9-2015q3/bin/../lib/gcc/arm-none-eabi/4.9.3/../../../../arm-none-eabi/lib/armv6-m/libg_nano.a(lib_a-init.o)
                0x0000000000025ff0                __libc_init_array
 .text          0x000000000002603c        0x0 /usr/local/gcc_arm/gcc-arm-none-eabi-4_9-2015q3/bin/../lib/gcc/arm-none-eabi/4.9.3/../../../../arm-none-eabi/lib/armv6-m/libg_nano.a(lib_a-memcmp.o)
 .text.memcmp   0x000000000002603c       0x1e /usr/local/gcc_arm/gcc-arm-none-eabi-4_9-2015q3/bin/../lib/gcc/arm-none-eabi/4.9.3/../../../../arm-none-eabi/lib/armv6-m/libg_nano.a(lib_a-memcmp.o)
                0x000000000002603c                memcmp
 .text          0x000000000002605a        0x0 /usr/local/gcc_arm/gcc-arm-none-eabi-4_9-2015q3/bin/../lib/gcc/arm-none-eabi/4.9.3/../../../../arm-none-eabi/lib/armv6-m/libg_nano.a(lib_a-memcpy.o)
 .text.memcpy   0x000000000002605a       0x12 /usr/local/gcc_arm/gcc-arm-none-eabi-4_9-2015q3/bin/../lib/gcc/arm-none-eabi/4.9.3/../../../../arm-none-eabi/lib/armv6-m/libg_nano.a(lib_a-memcpy.o)
                0x000000000002605a                memcpy
 .text          0x000000000002606c        0x0 /usr/local/gcc_arm/gcc-arm-none-eabi-4_9-2015q3/bin/../lib/gcc/arm-none-eabi/4.9.3/../../../../arm-none-eabi/lib/armv6-m/libg_nano.a(lib_a-memset.o)
 .text.memset   0x000000000002606c       0x10 /usr/local/gcc_arm/gcc-arm-none-eabi-4_9-2015q3/bin/../lib/gcc/arm-none-eabi/4.9.3/../../../../arm-none-eabi/lib/armv6-m/libg_nano.a(lib_a-memset.o)
                0x000000000002606c                memset
 .text          0x000000000002607c        0x0 /usr/local/gcc_arm/gcc-arm-none-eabi-4_9-2015q3/bin/../lib/gcc/arm-none-eabi/4.9.3/../../../../arm-none-eabi/lib/armv6-m/libg_nano.a(lib_a-strlen.o)
 .text.strlen   0x000000000002607c        0xe /usr/local/gcc_arm/gcc-arm-none-eabi-4_9-2015q3/bin/../lib/gcc/arm-none-eabi/4.9.3/../../../../arm-none-eabi/lib/armv6-m/libg_nano.a(lib_a-strlen.o)
                0x000000000002607c                strlen
 .text          0x000000000002608a        0x0 /usr/local/gcc_arm/gcc-arm-none-eabi-4_9-2015q3/bin/../lib/gcc/arm-none-eabi/4.9.3/armv6-m/crtend.o
 .text          0x000000000002608a        0x0 /usr/local/gcc_arm/gcc-arm-none-eabi-4_9-2015q3/bin/../lib/gcc/arm-none-eabi/4.9.3/armv6-m/crtn.o
 .text          0x000000000002608a        0x0 /usr/local/gcc_arm/gcc-arm-none-eabi-4_9-2015q3/bin/../lib/gcc/arm-none-eabi/4.9.3/../../../../arm-none-eabi/lib/armv6-m/libnosys.a(_exit.o)
 *fill*         0x000000000002608a        0x2 
 .text._exit    0x000000000002608c        0x4 /usr/local/gcc_arm/gcc-arm-none-eabi-4_9-2015q3/bin/../lib/gcc/arm-none-eabi/4.9.3/../../../../arm-none-eabi/lib/armv6-m/libnosys.a(_exit.o)
                0x000000000002608c                _exit
 *(.init)
 .init          0x0000000000026090        0x4 /usr/local/gcc_arm/gcc-arm-none-eabi-4_9-2015q3/bin/../lib/gcc/arm-none-eabi/4.9.3/armv6-m/crti.o
                0x0000000000026090                _init
 .init          0x0000000000026094        0x8 /usr/local/gcc_arm/gcc-arm-none-eabi-4_9-2015q3/bin/../lib/gcc/arm-none-eabi/4.9.3/armv6-m/crtn.o
 *(.fini)
 .fini          0x000000000002609c        0x4 /usr/local/gcc_arm/gcc-arm-none-eabi-4_9-2015q3/bin/../lib/gcc/arm-none-eabi/4.9.3/armv6-m/crti.o
                0x000000000002609c                _fini
 .fini          0x00000000000260a0        0x8 /usr/local/gcc_arm/gcc-arm-none-eabi-4_9-2015q3/bin/../lib/gcc/arm-none-eabi/4.9.3/armv6-m/crtn.o
 *crtbegin.o(.ctors)
 *crtbegin?.o(.ctors)
 *(EXCLUDE_FILE(*crtend.o *crtend?.o) .ctors)
 *(SORT(.ctors.*))
 *(.ctors)
 *crtbegin.o(.dtors)
 *crtbegin?.o(.dtors)
 *(EXCLUDE_FILE(*crtend.o *crtend?.o) .dtors)
 *(SORT(.dtors.*))
 *(.dtors)
 *(.rodata*)
 .rodata        0x00000000000260a8       0x17 ./src/SEGGER_RTT.o
 *fill*         0x00000000000260bf        0x1 
 .rodata        0x00000000000260c0       0x10 ./src/SEGGER_RTT_printf.o
 .rodata        0x00000000000260d0       0x13 ./src/app_timer.o
 *fill*         0x00000000000260e3        0x1 
 .rodata        0x00000000000260e4       0x14 ./src/app_uart.o
 .rodata        0x00000000000260f8       0x30 ./src/ble_srv_common.o
 .rodata        0x0000000000026128       0x90 ./src/bsp.o
 .rodata        0x00000000000261b8      0x164 ./src/device_manager_peripheral.o
                0x00000000000261b8                m_service_context_store
                0x00000000000261c8                m_service_context_load
                0x00000000000261d8                m_service_context_apply
                0x00000000000261e8                m_context_init_len
 .rodata        0x000000000002631c       0x20 ./src/main.o
 .rodata        0x000000000002633c       0x28 ./src/pstorage.o
 .rodata        0x0000000000026364       0x1c ./src/softdevice_handler.o
 .rodata.str1.1
                0x0000000000026380        0x2 /usr/local/gcc_arm/gcc-arm-none-eabi-4_9-2015q3/bin/../lib/gcc/arm-none-eabi/4.9.3/../../../../arm-none-eabi/lib/armv6-m/libg_nano.a(lib_a-impure.o)
 *fill*         0x0000000000026382        0x2 
 .rodata._global_impure_ptr
                0x0000000000026384        0x4 /usr/local/gcc_arm/gcc-arm-none-eabi-4_9-2015q3/bin/../lib/gcc/arm-none-eabi/4.9.3/../../../../arm-none-eabi/lib/armv6-m/libg_nano.a(lib_a-impure.o)
                0x0000000000026384                _global_impure_ptr
 *(.eh_frame*)
 .eh_frame      0x0000000000026388        0x0 /usr/local/gcc_arm/gcc-arm-none-eabi-4_9-2015q3/bin/../lib/gcc/arm-none-eabi/4.9.3/armv6-m/crtbegin.o
 .eh_frame      0x0000000000026388        0x4 /usr/local/gcc_arm/gcc-arm-none-eabi-4_9-2015q3/bin/../lib/gcc/arm-none-eabi/4.9.3/armv6-m/crtend.o

.glue_7         0x000000000002638c        0x0
 .glue_7        0x0000000000000000        0x0 linker stubs

.glue_7t        0x000000000002638c        0x0
 .glue_7t       0x0000000000000000        0x0 linker stubs

.vfp11_veneer   0x000000000002638c        0x0
 .vfp11_veneer  0x0000000000000000        0x0 linker stubs

.v4_bx          0x000000000002638c        0x0
 .v4_bx         0x0000000000000000        0x0 linker stubs

.iplt           0x000000000002638c        0x0
 .iplt          0x0000000000000000        0x0 /usr/local/gcc_arm/gcc-arm-none-eabi-4_9-2015q3/bin/../lib/gcc/arm-none-eabi/4.9.3/armv6-m/crtbegin.o

.ARM.extab      0x000000000002638c        0x0
 *(.ARM.extab* .gnu.linkonce.armextab.*)
 .ARM.extab     0x000000000002638c        0x0 /usr/local/gcc_arm/gcc-arm-none-eabi-4_9-2015q3/bin/../lib/gcc/arm-none-eabi/4.9.3/../../../../arm-none-eabi/lib/armv6-m/crt0.o
 .ARM.extab     0x000000000002638c        0x0 ./src/gcc_startup_nrf51.o
                0x000000000002638c                __exidx_start = .

.ARM.exidx      0x000000000002638c        0x8
 *(.ARM.exidx* .gnu.linkonce.armexidx.*)
 .ARM.exidx     0x000000000002638c        0x8 /usr/local/gcc_arm/gcc-arm-none-eabi-4_9-2015q3/bin/../lib/gcc/arm-none-eabi/4.9.3/../../../../arm-none-eabi/lib/armv6-m/crt0.o
 .ARM.exidx     0x0000000000026394        0x0 ./src/gcc_startup_nrf51.o
                                          0x8 (size before relaxing)
                0x0000000000026394                __exidx_end = .
                0x0000000000026394                __etext = .

.rel.dyn        0x0000000000026394        0x0
 .rel.iplt      0x0000000000000000        0x0 /usr/local/gcc_arm/gcc-arm-none-eabi-4_9-2015q3/bin/../lib/gcc/arm-none-eabi/4.9.3/armv6-m/crtbegin.o

.data           0x0000000020002000       0x98 load address 0x0000000000026394
                0x0000000020002000                __data_start__ = .
 *(vtable)
 *(.data*)
 .data          0x0000000020002000        0x0 /usr/local/gcc_arm/gcc-arm-none-eabi-4_9-2015q3/bin/../lib/gcc/arm-none-eabi/4.9.3/armv6-m/crti.o
 .data          0x0000000020002000        0x4 /usr/local/gcc_arm/gcc-arm-none-eabi-4_9-2015q3/bin/../lib/gcc/arm-none-eabi/4.9.3/armv6-m/crtbegin.o
                0x0000000020002000                __dso_handle
 .data          0x0000000020002004        0x0 /usr/local/gcc_arm/gcc-arm-none-eabi-4_9-2015q3/bin/../lib/gcc/arm-none-eabi/4.9.3/../../../../arm-none-eabi/lib/armv6-m/crt0.o
 .data          0x0000000020002004       0x10 ./src/SEGGER_RTT.o
 .data          0x0000000020002014        0x0 ./src/SEGGER_RTT_printf.o
 .data          0x0000000020002014        0x0 ./src/app_button.o
 .data          0x0000000020002014        0x0 ./src/app_error.o
 .data          0x0000000020002014        0x0 ./src/app_timer.o
 .data          0x0000000020002014        0x0 ./src/app_trace.o
 .data          0x0000000020002014        0x3 ./src/app_uart.o
 .data          0x0000000020002017        0x0 ./src/ble_advdata.o
 *fill*         0x0000000020002017        0x1 
 .data          0x0000000020002018        0x2 ./src/ble_advertising.o
 .data          0x000000002000201a        0x0 ./src/ble_conn_params.o
 .data          0x000000002000201a        0x0 ./src/ble_srv_common.o
 .data          0x000000002000201a        0x0 ./src/bsp.o
 .data          0x000000002000201a        0x0 ./src/bsp_btn_ble.o
 .data          0x000000002000201a        0x0 ./src/device_manager_peripheral.o
 .data          0x000000002000201a        0x0 ./src/gcc_startup_nrf51.o
 *fill*         0x000000002000201a        0x2 
 .data          0x000000002000201c        0x8 ./src/main.o
 .data          0x0000000020002024        0x0 ./src/nrf_assert.o
 .data          0x0000000020002024        0x0 ./src/nrf_delay.o
 .data          0x0000000020002024        0x0 ./src/nrf_drv_common.o
 .data          0x0000000020002024        0x0 ./src/nrf_drv_gpiote.o
 .data          0x0000000020002024        0x0 ./src/pstorage.o
 .data          0x0000000020002024        0x0 ./src/retarget.o
 .data          0x0000000020002024        0x0 ./src/softdevice_handler.o
 .data          0x0000000020002024        0x4 ./src/system_nrf51.o
                0x0000000020002024                SystemCoreClock
 .data          0x0000000020002028        0x0 /usr/local/gcc_arm/gcc-arm-none-eabi-4_9-2015q3/bin/../lib/gcc/arm-none-eabi/4.9.3/armv6-m/libgcc.a(_udivsi3.o)
 .data          0x0000000020002028        0x0 /usr/local/gcc_arm/gcc-arm-none-eabi-4_9-2015q3/bin/../lib/gcc/arm-none-eabi/4.9.3/armv6-m/libgcc.a(_divsi3.o)
 .data          0x0000000020002028        0x0 /usr/local/gcc_arm/gcc-arm-none-eabi-4_9-2015q3/bin/../lib/gcc/arm-none-eabi/4.9.3/armv6-m/libgcc.a(_dvmd_tls.o)
 .data          0x0000000020002028        0x0 /usr/local/gcc_arm/gcc-arm-none-eabi-4_9-2015q3/bin/../lib/gcc/arm-none-eabi/4.9.3/../../../../arm-none-eabi/lib/armv6-m/libg_nano.a(lib_a-exit.o)
 .data          0x0000000020002028        0x0 /usr/local/gcc_arm/gcc-arm-none-eabi-4_9-2015q3/bin/../lib/gcc/arm-none-eabi/4.9.3/../../../../arm-none-eabi/lib/armv6-m/libg_nano.a(lib_a-impure.o)
 .data.impure_data
                0x0000000020002028       0x60 /usr/local/gcc_arm/gcc-arm-none-eabi-4_9-2015q3/bin/../lib/gcc/arm-none-eabi/4.9.3/../../../../arm-none-eabi/lib/armv6-m/libg_nano.a(lib_a-impure.o)
 .data._impure_ptr
                0x0000000020002088        0x4 /usr/local/gcc_arm/gcc-arm-none-eabi-4_9-2015q3/bin/../lib/gcc/arm-none-eabi/4.9.3/../../../../arm-none-eabi/lib/armv6-m/libg_nano.a(lib_a-impure.o)
                0x0000000020002088                _impure_ptr
 .data          0x000000002000208c        0x0 /usr/local/gcc_arm/gcc-arm-none-eabi-4_9-2015q3/bin/../lib/gcc/arm-none-eabi/4.9.3/../../../../arm-none-eabi/lib/armv6-m/libg_nano.a(lib_a-init.o)
 .data          0x000000002000208c        0x0 /usr/local/gcc_arm/gcc-arm-none-eabi-4_9-2015q3/bin/../lib/gcc/arm-none-eabi/4.9.3/../../../../arm-none-eabi/lib/armv6-m/libg_nano.a(lib_a-memcmp.o)
 .data          0x000000002000208c        0x0 /usr/local/gcc_arm/gcc-arm-none-eabi-4_9-2015q3/bin/../lib/gcc/arm-none-eabi/4.9.3/../../../../arm-none-eabi/lib/armv6-m/libg_nano.a(lib_a-memcpy.o)
 .data          0x000000002000208c        0x0 /usr/local/gcc_arm/gcc-arm-none-eabi-4_9-2015q3/bin/../lib/gcc/arm-none-eabi/4.9.3/../../../../arm-none-eabi/lib/armv6-m/libg_nano.a(lib_a-memset.o)
 .data          0x000000002000208c        0x0 /usr/local/gcc_arm/gcc-arm-none-eabi-4_9-2015q3/bin/../lib/gcc/arm-none-eabi/4.9.3/../../../../arm-none-eabi/lib/armv6-m/libg_nano.a(lib_a-strlen.o)
 .data          0x000000002000208c        0x0 /usr/local/gcc_arm/gcc-arm-none-eabi-4_9-2015q3/bin/../lib/gcc/arm-none-eabi/4.9.3/armv6-m/crtend.o
 .data          0x000000002000208c        0x0 /usr/local/gcc_arm/gcc-arm-none-eabi-4_9-2015q3/bin/../lib/gcc/arm-none-eabi/4.9.3/armv6-m/crtn.o
 .data          0x000000002000208c        0x0 /usr/local/gcc_arm/gcc-arm-none-eabi-4_9-2015q3/bin/../lib/gcc/arm-none-eabi/4.9.3/../../../../arm-none-eabi/lib/armv6-m/libnosys.a(_exit.o)
                0x000000002000208c                . = ALIGN (0x4)
                0x000000002000208c                PROVIDE (__preinit_array_start, .)
 *(.preinit_array)
                0x000000002000208c                PROVIDE (__preinit_array_end, .)
                0x000000002000208c                . = ALIGN (0x4)
                0x000000002000208c                PROVIDE (__init_array_start, .)
 *(SORT(.init_array.*))
 *(.init_array)
 .init_array    0x000000002000208c        0x4 /usr/local/gcc_arm/gcc-arm-none-eabi-4_9-2015q3/bin/../lib/gcc/arm-none-eabi/4.9.3/armv6-m/crtbegin.o
                0x0000000020002090                PROVIDE (__init_array_end, .)
                0x0000000020002090                . = ALIGN (0x4)
                0x0000000020002090                PROVIDE (__fini_array_start, .)
 *(SORT(.fini_array.*))
 *(.fini_array)
 .fini_array    0x0000000020002090        0x4 /usr/local/gcc_arm/gcc-arm-none-eabi-4_9-2015q3/bin/../lib/gcc/arm-none-eabi/4.9.3/armv6-m/crtbegin.o
                0x0000000020002094                PROVIDE (__fini_array_end, .)
 *(.jcr)
 .jcr           0x0000000020002094        0x0 /usr/local/gcc_arm/gcc-arm-none-eabi-4_9-2015q3/bin/../lib/gcc/arm-none-eabi/4.9.3/armv6-m/crtbegin.o
 .jcr           0x0000000020002094        0x4 /usr/local/gcc_arm/gcc-arm-none-eabi-4_9-2015q3/bin/../lib/gcc/arm-none-eabi/4.9.3/armv6-m/crtend.o
                0x0000000020002098                . = ALIGN (0x4)
                0x0000000020002098                __data_end__ = .

.igot.plt       0x0000000020002098        0x0 load address 0x000000000002642c
 .igot.plt      0x0000000000000000        0x0 /usr/local/gcc_arm/gcc-arm-none-eabi-4_9-2015q3/bin/../lib/gcc/arm-none-eabi/4.9.3/armv6-m/crtbegin.o

.bss            0x0000000020002098      0xdb8 load address 0x000000000002642c
                0x0000000020002098                . = ALIGN (0x4)
                0x0000000020002098                __bss_start__ = .
 *(.bss*)
 .bss           0x0000000020002098        0x0 /usr/local/gcc_arm/gcc-arm-none-eabi-4_9-2015q3/bin/../lib/gcc/arm-none-eabi/4.9.3/armv6-m/crti.o
 .bss           0x0000000020002098       0x1c /usr/local/gcc_arm/gcc-arm-none-eabi-4_9-2015q3/bin/../lib/gcc/arm-none-eabi/4.9.3/armv6-m/crtbegin.o
 .bss           0x00000000200020b4        0x0 /usr/local/gcc_arm/gcc-arm-none-eabi-4_9-2015q3/bin/../lib/gcc/arm-none-eabi/4.9.3/../../../../arm-none-eabi/lib/armv6-m/crt0.o
 .bss           0x00000000200020b4      0x411 ./src/SEGGER_RTT.o
 .bss           0x00000000200024c5        0x0 ./src/SEGGER_RTT_printf.o
 *fill*         0x00000000200024c5        0x3 
 .bss           0x00000000200024c8       0x18 ./src/app_button.o
 .bss           0x00000000200024e0        0x0 ./src/app_error.o
 .bss           0x00000000200024e0       0x2a ./src/app_timer.o
 .bss           0x000000002000250a        0x0 ./src/app_trace.o
 *fill*         0x000000002000250a        0x2 
 .bss           0x000000002000250c        0x9 ./src/app_uart.o
 .bss           0x0000000020002515        0x0 ./src/ble_advdata.o
 *fill*         0x0000000020002515        0x3 
 .bss           0x0000000020002518      0x121 ./src/ble_advertising.o
 *fill*         0x0000000020002639        0x3 
 .bss           0x000000002000263c       0x35 ./src/ble_conn_params.o
 .bss           0x0000000020002671        0x0 ./src/ble_srv_common.o
 *fill*         0x0000000020002671        0x3 
 .bss           0x0000000020002674       0x30 ./src/bsp.o
 .bss           0x00000000200026a4        0x8 ./src/bsp_btn_ble.o
 .bss           0x00000000200026ac      0x163 ./src/device_manager_peripheral.o
 .bss           0x000000002000280f        0x0 ./src/gcc_startup_nrf51.o
 *fill*         0x000000002000280f        0x1 
 .bss           0x0000000020002810      0x37c ./src/main.o
 .bss           0x0000000020002b8c        0x0 ./src/nrf_assert.o
 .bss           0x0000000020002b8c        0x0 ./src/nrf_delay.o
 .bss           0x0000000020002b8c        0x0 ./src/nrf_drv_common.o
 .bss           0x0000000020002b8c       0x4c ./src/nrf_drv_gpiote.o
 .bss           0x0000000020002bd8      0x10c ./src/pstorage.o
 .bss           0x0000000020002ce4        0x0 ./src/retarget.o
 .bss           0x0000000020002ce4       0x18 ./src/softdevice_handler.o
 .bss           0x0000000020002cfc        0x0 ./src/system_nrf51.o
 .bss           0x0000000020002cfc        0x0 /usr/local/gcc_arm/gcc-arm-none-eabi-4_9-2015q3/bin/../lib/gcc/arm-none-eabi/4.9.3/armv6-m/libgcc.a(_udivsi3.o)
 .bss           0x0000000020002cfc        0x0 /usr/local/gcc_arm/gcc-arm-none-eabi-4_9-2015q3/bin/../lib/gcc/arm-none-eabi/4.9.3/armv6-m/libgcc.a(_divsi3.o)
 .bss           0x0000000020002cfc        0x0 /usr/local/gcc_arm/gcc-arm-none-eabi-4_9-2015q3/bin/../lib/gcc/arm-none-eabi/4.9.3/armv6-m/libgcc.a(_dvmd_tls.o)
 .bss           0x0000000020002cfc        0x0 /usr/local/gcc_arm/gcc-arm-none-eabi-4_9-2015q3/bin/../lib/gcc/arm-none-eabi/4.9.3/../../../../arm-none-eabi/lib/armv6-m/libg_nano.a(lib_a-exit.o)
 .bss           0x0000000020002cfc        0x0 /usr/local/gcc_arm/gcc-arm-none-eabi-4_9-2015q3/bin/../lib/gcc/arm-none-eabi/4.9.3/../../../../arm-none-eabi/lib/armv6-m/libg_nano.a(lib_a-impure.o)
 .bss           0x0000000020002cfc        0x0 /usr/local/gcc_arm/gcc-arm-none-eabi-4_9-2015q3/bin/../lib/gcc/arm-none-eabi/4.9.3/../../../../arm-none-eabi/lib/armv6-m/libg_nano.a(lib_a-init.o)
 .bss           0x0000000020002cfc        0x0 /usr/local/gcc_arm/gcc-arm-none-eabi-4_9-2015q3/bin/../lib/gcc/arm-none-eabi/4.9.3/../../../../arm-none-eabi/lib/armv6-m/libg_nano.a(lib_a-memcmp.o)
 .bss           0x0000000020002cfc        0x0 /usr/local/gcc_arm/gcc-arm-none-eabi-4_9-2015q3/bin/../lib/gcc/arm-none-eabi/4.9.3/../../../../arm-none-eabi/lib/armv6-m/libg_nano.a(lib_a-memcpy.o)
 .bss           0x0000000020002cfc        0x0 /usr/local/gcc_arm/gcc-arm-none-eabi-4_9-2015q3/bin/../lib/gcc/arm-none-eabi/4.9.3/../../../../arm-none-eabi/lib/armv6-m/libg_nano.a(lib_a-memset.o)
 .bss           0x0000000020002cfc        0x0 /usr/local/gcc_arm/gcc-arm-none-eabi-4_9-2015q3/bin/../lib/gcc/arm-none-eabi/4.9.3/../../../../arm-none-eabi/lib/armv6-m/libg_nano.a(lib_a-strlen.o)
 .bss           0x0000000020002cfc        0x0 /usr/local/gcc_arm/gcc-arm-none-eabi-4_9-2015q3/bin/../lib/gcc/arm-none-eabi/4.9.3/armv6-m/crtend.o
 .bss           0x0000000020002cfc        0x0 /usr/local/gcc_arm/gcc-arm-none-eabi-4_9-2015q3/bin/../lib/gcc/arm-none-eabi/4.9.3/armv6-m/crtn.o
 .bss           0x0000000020002cfc        0x0 /usr/local/gcc_arm/gcc-arm-none-eabi-4_9-2015q3/bin/../lib/gcc/arm-none-eabi/4.9.3/../../../../arm-none-eabi/lib/armv6-m/libnosys.a(_exit.o)
 *(COMMON)
 COMMON         0x0000000020002cfc       0x78 ./src/SEGGER_RTT.o
                0x0000000020002cfc                _SEGGER_RTT
 COMMON         0x0000000020002d74        0xc ./src/app_error.o
                0x0000000020002d74                m_p_file_name
                0x0000000020002d78                m_error_code
                0x0000000020002d7c                m_line_num
 COMMON         0x0000000020002d80       0xd0 ./src/retarget.o
                0x0000000020002d80                __stdin
                0x0000000020002de8                __stdout
                0x0000000020002e50                . = ALIGN (0x4)
                0x0000000020002e50                __bss_end__ = .

.heap           0x0000000020002e50      0x800
                0x0000000020002e50                __end__ = .
                0x0000000020002e50                end = __end__
 *(.heap*)
 .heap          0x0000000020002e50      0x800 ./src/gcc_startup_nrf51.o
                0x0000000020002e50                __HeapBase
                0x0000000020003650                __HeapLimit = .

.stack_dummy    0x0000000020002e50      0x800
 *(.stack*)
 .stack         0x0000000020002e50      0x800 ./src/gcc_startup_nrf51.o
                0x0000000020008000                __StackTop = (ORIGIN (RAM) + 0x6000)
                0x0000000020007800                __StackLimit = (__StackTop - SIZEOF (.stack_dummy))
                0x0000000020008000                PROVIDE (__stack, __StackTop)
                0x0000000000000001                ASSERT ((__StackLimit >= __HeapLimit), region RAM overflowed with stack)
OUTPUT(nrf51-ble-test.elf elf32-littlearm)

.ARM.attributes
                0x0000000000000000       0x28
 .ARM.attributes
                0x0000000000000000       0x1e /usr/local/gcc_arm/gcc-arm-none-eabi-4_9-2015q3/bin/../lib/gcc/arm-none-eabi/4.9.3/armv6-m/crti.o
 .ARM.attributes
                0x000000000000001e       0x2c /usr/local/gcc_arm/gcc-arm-none-eabi-4_9-2015q3/bin/../lib/gcc/arm-none-eabi/4.9.3/armv6-m/crtbegin.o
 .ARM.attributes
                0x000000000000004a       0x1b /usr/local/gcc_arm/gcc-arm-none-eabi-4_9-2015q3/bin/../lib/gcc/arm-none-eabi/4.9.3/../../../../arm-none-eabi/lib/armv6-m/crt0.o
 .ARM.attributes
                0x0000000000000065       0x31 ./src/SEGGER_RTT.o
 .ARM.attributes
                0x0000000000000096       0x31 ./src/SEGGER_RTT_printf.o
 .ARM.attributes
                0x00000000000000c7       0x31 ./src/app_button.o
 .ARM.attributes
                0x00000000000000f8       0x31 ./src/app_error.o
 .ARM.attributes
                0x0000000000000129       0x31 ./src/app_timer.o
 .ARM.attributes
                0x000000000000015a       0x31 ./src/app_trace.o
 .ARM.attributes
                0x000000000000018b       0x31 ./src/app_uart.o
 .ARM.attributes
                0x00000000000001bc       0x31 ./src/ble_advdata.o
 .ARM.attributes
                0x00000000000001ed       0x31 ./src/ble_advertising.o
 .ARM.attributes
                0x000000000000021e       0x31 ./src/ble_conn_params.o
 .ARM.attributes
                0x000000000000024f       0x31 ./src/ble_srv_common.o
 .ARM.attributes
                0x0000000000000280       0x31 ./src/bsp.o
 .ARM.attributes
                0x00000000000002b1       0x31 ./src/bsp_btn_ble.o
 .ARM.attributes
                0x00000000000002e2       0x31 ./src/device_manager_peripheral.o
 .ARM.attributes
                0x0000000000000313       0x1b ./src/gcc_startup_nrf51.o
 .ARM.attributes
                0x000000000000032e       0x31 ./src/main.o
 .ARM.attributes
                0x000000000000035f       0x31 ./src/nrf_assert.o
 .ARM.attributes
                0x0000000000000390       0x31 ./src/nrf_delay.o
 .ARM.attributes
                0x00000000000003c1       0x31 ./src/nrf_drv_common.o
 .ARM.attributes
                0x00000000000003f2       0x31 ./src/nrf_drv_gpiote.o
 .ARM.attributes
                0x0000000000000423       0x31 ./src/pstorage.o
 .ARM.attributes
                0x0000000000000454       0x31 ./src/retarget.o
 .ARM.attributes
                0x0000000000000485       0x31 ./src/softdevice_handler.o
 .ARM.attributes
                0x00000000000004b6       0x31 ./src/system_nrf51.o
 .ARM.attributes
                0x00000000000004e7       0x1e /usr/local/gcc_arm/gcc-arm-none-eabi-4_9-2015q3/bin/../lib/gcc/arm-none-eabi/4.9.3/armv6-m/libgcc.a(_udivsi3.o)
 .ARM.attributes
                0x0000000000000505       0x1e /usr/local/gcc_arm/gcc-arm-none-eabi-4_9-2015q3/bin/../lib/gcc/arm-none-eabi/4.9.3/armv6-m/libgcc.a(_divsi3.o)
 .ARM.attributes
                0x0000000000000523       0x1e /usr/local/gcc_arm/gcc-arm-none-eabi-4_9-2015q3/bin/../lib/gcc/arm-none-eabi/4.9.3/armv6-m/libgcc.a(_dvmd_tls.o)
 .ARM.attributes
                0x0000000000000541       0x2c /usr/local/gcc_arm/gcc-arm-none-eabi-4_9-2015q3/bin/../lib/gcc/arm-none-eabi/4.9.3/../../../../arm-none-eabi/lib/armv6-m/libg_nano.a(lib_a-exit.o)
 .ARM.attributes
                0x000000000000056d       0x2c /usr/local/gcc_arm/gcc-arm-none-eabi-4_9-2015q3/bin/../lib/gcc/arm-none-eabi/4.9.3/../../../../arm-none-eabi/lib/armv6-m/libg_nano.a(lib_a-impure.o)
 .ARM.attributes
                0x0000000000000599       0x2c /usr/local/gcc_arm/gcc-arm-none-eabi-4_9-2015q3/bin/../lib/gcc/arm-none-eabi/4.9.3/../../../../arm-none-eabi/lib/armv6-m/libg_nano.a(lib_a-init.o)
 .ARM.attributes
                0x00000000000005c5       0x2c /usr/local/gcc_arm/gcc-arm-none-eabi-4_9-2015q3/bin/../lib/gcc/arm-none-eabi/4.9.3/../../../../arm-none-eabi/lib/armv6-m/libg_nano.a(lib_a-memcmp.o)
 .ARM.attributes
                0x00000000000005f1       0x2c /usr/local/gcc_arm/gcc-arm-none-eabi-4_9-2015q3/bin/../lib/gcc/arm-none-eabi/4.9.3/../../../../arm-none-eabi/lib/armv6-m/libg_nano.a(lib_a-memcpy.o)
 .ARM.attributes
                0x000000000000061d       0x2c /usr/local/gcc_arm/gcc-arm-none-eabi-4_9-2015q3/bin/../lib/gcc/arm-none-eabi/4.9.3/../../../../arm-none-eabi/lib/armv6-m/libg_nano.a(lib_a-memset.o)
 .ARM.attributes
                0x0000000000000649       0x2c /usr/local/gcc_arm/gcc-arm-none-eabi-4_9-2015q3/bin/../lib/gcc/arm-none-eabi/4.9.3/../../../../arm-none-eabi/lib/armv6-m/libg_nano.a(lib_a-strlen.o)
 .ARM.attributes
                0x0000000000000675       0x2c /usr/local/gcc_arm/gcc-arm-none-eabi-4_9-2015q3/bin/../lib/gcc/arm-none-eabi/4.9.3/armv6-m/crtend.o
 .ARM.attributes
                0x00000000000006a1       0x1e /usr/local/gcc_arm/gcc-arm-none-eabi-4_9-2015q3/bin/../lib/gcc/arm-none-eabi/4.9.3/armv6-m/crtn.o
 .ARM.attributes
                0x00000000000006bf       0x2c /usr/local/gcc_arm/gcc-arm-none-eabi-4_9-2015q3/bin/../lib/gcc/arm-none-eabi/4.9.3/../../../../arm-none-eabi/lib/armv6-m/libnosys.a(_exit.o)

.comment        0x0000000000000000       0x70
 .comment       0x0000000000000000       0x70 ./src/SEGGER_RTT.o
                                         0x71 (size before relaxing)
 .comment       0x0000000000000000       0x71 ./src/SEGGER_RTT_printf.o
 .comment       0x0000000000000000       0x71 ./src/app_button.o
 .comment       0x0000000000000000       0x71 ./src/app_error.o
 .comment       0x0000000000000000       0x71 ./src/app_timer.o
 .comment       0x0000000000000000       0x71 ./src/app_trace.o
 .comment       0x0000000000000000       0x71 ./src/app_uart.o
 .comment       0x0000000000000000       0x71 ./src/ble_advdata.o
 .comment       0x0000000000000000       0x71 ./src/ble_advertising.o
 .comment       0x0000000000000000       0x71 ./src/ble_conn_params.o
 .comment       0x0000000000000000       0x71 ./src/ble_srv_common.o
 .comment       0x0000000000000000       0x71 ./src/bsp.o
 .comment       0x0000000000000000       0x71 ./src/bsp_btn_ble.o
 .comment       0x0000000000000000       0x71 ./src/device_manager_peripheral.o
 .comment       0x0000000000000000       0x71 ./src/main.o
 .comment       0x0000000000000000       0x71 ./src/nrf_assert.o
 .comment       0x0000000000000000       0x71 ./src/nrf_delay.o
 .comment       0x0000000000000000       0x71 ./src/nrf_drv_common.o
 .comment       0x0000000000000000       0x71 ./src/nrf_drv_gpiote.o
 .comment       0x0000000000000000       0x71 ./src/pstorage.o
 .comment       0x0000000000000000       0x71 ./src/retarget.o
 .comment       0x0000000000000000       0x71 ./src/softdevice_handler.o
 .comment       0x0000000000000000       0x71 ./src/system_nrf51.o

.debug_info     0x0000000000000000    0x26b21
 .debug_info    0x0000000000000000      0xa10 ./src/SEGGER_RTT.o
 .debug_info    0x0000000000000a10      0x3e5 ./src/SEGGER_RTT_printf.o
 .debug_info    0x0000000000000df5      0x42f ./src/app_button.o
 .debug_info    0x0000000000001224      0x1f8 ./src/app_error.o
 .debug_info    0x000000000000141c     0x1fe9 ./src/app_timer.o
 .debug_info    0x0000000000003405       0x76 ./src/app_trace.o
 .debug_info    0x000000000000347b     0x1b03 ./src/app_uart.o
 .debug_info    0x0000000000004f7e     0x2528 ./src/ble_advdata.o
 .debug_info    0x00000000000074a6     0x3fea ./src/ble_advertising.o
 .debug_info    0x000000000000b490     0x2fd5 ./src/ble_conn_params.o
 .debug_info    0x000000000000e465     0x20c8 ./src/ble_srv_common.o
 .debug_info    0x000000000001052d      0x93d ./src/bsp.o
 .debug_info    0x0000000000010e6a     0x2d28 ./src/bsp_btn_ble.o
 .debug_info    0x0000000000013b92     0x433f ./src/device_manager_peripheral.o
 .debug_info    0x0000000000017ed1       0x7b ./src/gcc_startup_nrf51.o
 .debug_info    0x0000000000017f4c     0x4855 ./src/main.o
 .debug_info    0x000000000001c7a1       0x68 ./src/nrf_assert.o
 .debug_info    0x000000000001c809      0x105 ./src/nrf_delay.o
 .debug_info    0x000000000001c90e     0x100e ./src/nrf_drv_common.o
 .debug_info    0x000000000001d91c     0x1fdf ./src/nrf_drv_gpiote.o
 .debug_info    0x000000000001f8fb     0x1e83 ./src/pstorage.o
 .debug_info    0x000000000002177e     0x1675 ./src/retarget.o
 .debug_info    0x0000000000022df3     0x3b7d ./src/softdevice_handler.o
 .debug_info    0x0000000000026970      0x1b1 ./src/system_nrf51.o

.debug_abbrev   0x0000000000000000     0x308a
 .debug_abbrev  0x0000000000000000      0x1d1 ./src/SEGGER_RTT.o
 .debug_abbrev  0x00000000000001d1      0x17a ./src/SEGGER_RTT_printf.o
 .debug_abbrev  0x000000000000034b      0x105 ./src/app_button.o
 .debug_abbrev  0x0000000000000450       0xce ./src/app_error.o
 .debug_abbrev  0x000000000000051e      0x3ae ./src/app_timer.o
 .debug_abbrev  0x00000000000008cc       0x29 ./src/app_trace.o
 .debug_abbrev  0x00000000000008f5      0x313 ./src/app_uart.o
 .debug_abbrev  0x0000000000000c08      0x272 ./src/ble_advdata.o
 .debug_abbrev  0x0000000000000e7a      0x2f2 ./src/ble_advertising.o
 .debug_abbrev  0x000000000000116c      0x31f ./src/ble_conn_params.o
 .debug_abbrev  0x000000000000148b      0x23c ./src/ble_srv_common.o
 .debug_abbrev  0x00000000000016c7      0x23a ./src/bsp.o
 .debug_abbrev  0x0000000000001901      0x280 ./src/bsp_btn_ble.o
 .debug_abbrev  0x0000000000001b81      0x30f ./src/device_manager_peripheral.o
 .debug_abbrev  0x0000000000001e90       0x14 ./src/gcc_startup_nrf51.o
 .debug_abbrev  0x0000000000001ea4      0x33f ./src/main.o
 .debug_abbrev  0x00000000000021e3       0x29 ./src/nrf_assert.o
 .debug_abbrev  0x000000000000220c       0xbd ./src/nrf_delay.o
 .debug_abbrev  0x00000000000022c9      0x19c ./src/nrf_drv_common.o
 .debug_abbrev  0x0000000000002465      0x328 ./src/nrf_drv_gpiote.o
 .debug_abbrev  0x000000000000278d      0x2c5 ./src/pstorage.o
 .debug_abbrev  0x0000000000002a52      0x242 ./src/retarget.o
 .debug_abbrev  0x0000000000002c94      0x302 ./src/softdevice_handler.o
 .debug_abbrev  0x0000000000002f96       0xf4 ./src/system_nrf51.o

.debug_aranges  0x0000000000000000      0x2f0
 .debug_aranges
                0x0000000000000000       0x20 ./src/SEGGER_RTT.o
 .debug_aranges
                0x0000000000000020       0x20 ./src/SEGGER_RTT_printf.o
 .debug_aranges
                0x0000000000000040       0x20 ./src/app_button.o
 .debug_aranges
                0x0000000000000060       0x20 ./src/app_error.o
 .debug_aranges
                0x0000000000000080       0x20 ./src/app_timer.o
 .debug_aranges
                0x00000000000000a0       0x18 ./src/app_trace.o
 .debug_aranges
                0x00000000000000b8       0x20 ./src/app_uart.o
 .debug_aranges
                0x00000000000000d8       0x20 ./src/ble_advdata.o
 .debug_aranges
                0x00000000000000f8       0x20 ./src/ble_advertising.o
 .debug_aranges
                0x0000000000000118       0x20 ./src/ble_conn_params.o
 .debug_aranges
                0x0000000000000138       0x20 ./src/ble_srv_common.o
 .debug_aranges
                0x0000000000000158       0x20 ./src/bsp.o
 .debug_aranges
                0x0000000000000178       0x20 ./src/bsp_btn_ble.o
 .debug_aranges
                0x0000000000000198       0x20 ./src/device_manager_peripheral.o
 .debug_aranges
                0x00000000000001b8       0x20 ./src/gcc_startup_nrf51.o
 .debug_aranges
                0x00000000000001d8       0x20 ./src/main.o
 .debug_aranges
                0x00000000000001f8       0x18 ./src/nrf_assert.o
 .debug_aranges
                0x0000000000000210       0x20 ./src/nrf_delay.o
 .debug_aranges
                0x0000000000000230       0x20 ./src/nrf_drv_common.o
 .debug_aranges
                0x0000000000000250       0x20 ./src/nrf_drv_gpiote.o
 .debug_aranges
                0x0000000000000270       0x20 ./src/pstorage.o
 .debug_aranges
                0x0000000000000290       0x20 ./src/retarget.o
 .debug_aranges
                0x00000000000002b0       0x20 ./src/softdevice_handler.o
 .debug_aranges
                0x00000000000002d0       0x20 ./src/system_nrf51.o

.debug_macro    0x0000000000000000     0xe6bb
 .debug_macro   0x0000000000000000      0x102 ./src/SEGGER_RTT.o
 .debug_macro   0x0000000000000102      0x850 ./src/SEGGER_RTT.o
 .debug_macro   0x0000000000000952       0x3a ./src/SEGGER_RTT.o
 .debug_macro   0x000000000000098c      0x114 ./src/SEGGER_RTT.o
 .debug_macro   0x0000000000000aa0       0x58 ./src/SEGGER_RTT.o
 .debug_macro   0x0000000000000af8       0x22 ./src/SEGGER_RTT.o
 .debug_macro   0x0000000000000b1a       0x35 ./src/SEGGER_RTT.o
 .debug_macro   0x0000000000000b4f       0x9c ./src/SEGGER_RTT.o
 .debug_macro   0x0000000000000beb      0x166 ./src/SEGGER_RTT.o
 .debug_macro   0x0000000000000d51       0x4a ./src/SEGGER_RTT.o
 .debug_macro   0x0000000000000d9b       0x52 ./src/SEGGER_RTT.o
 .debug_macro   0x0000000000000ded       0x16 ./src/SEGGER_RTT.o
 .debug_macro   0x0000000000000e03       0x43 ./src/SEGGER_RTT.o
 .debug_macro   0x0000000000000e46      0x180 ./src/SEGGER_RTT.o
 .debug_macro   0x0000000000000fc6      0x29d ./src/SEGGER_RTT.o
 .debug_macro   0x0000000000001263       0x10 ./src/SEGGER_RTT.o
 .debug_macro   0x0000000000001273       0x35 ./src/SEGGER_RTT.o
 .debug_macro   0x00000000000012a8      0x11b ./src/SEGGER_RTT_printf.o
 .debug_macro   0x00000000000013c3       0x16 ./src/SEGGER_RTT_printf.o
 .debug_macro   0x00000000000013d9      0x10e ./src/SEGGER_RTT_printf.o
 .debug_macro   0x00000000000014e7       0x7f ./src/SEGGER_RTT_printf.o
 .debug_macro   0x0000000000001566       0x16 ./src/SEGGER_RTT_printf.o
 .debug_macro   0x000000000000157c       0x29 ./src/SEGGER_RTT_printf.o
 .debug_macro   0x00000000000015a5       0x58 ./src/SEGGER_RTT_printf.o
 .debug_macro   0x00000000000015fd      0x25b ./src/app_button.o
 .debug_macro   0x0000000000001858       0x44 ./src/app_button.o
 .debug_macro   0x000000000000189c       0xe3 ./src/app_button.o
 .debug_macro   0x000000000000197f       0x22 ./src/app_button.o
 .debug_macro   0x00000000000019a1      0x1df ./src/app_button.o
 .debug_macro   0x0000000000001b80       0x22 ./src/app_button.o
 .debug_macro   0x0000000000001ba2       0x22 ./src/app_button.o
 .debug_macro   0x0000000000001bc4       0x3a ./src/app_button.o
 .debug_macro   0x0000000000001bfe       0x1f ./src/app_button.o
 .debug_macro   0x0000000000001c1d      0x242 ./src/app_button.o
 .debug_macro   0x0000000000001e5f      0x1d2 ./src/app_button.o
 .debug_macro   0x0000000000002031     0x7414 ./src/app_button.o
 .debug_macro   0x0000000000009445      0x976 ./src/app_button.o
 .debug_macro   0x0000000000009dbb       0x1c ./src/app_button.o
 .debug_macro   0x0000000000009dd7       0x8e ./src/app_button.o
 .debug_macro   0x0000000000009e65       0x16 ./src/app_button.o
 .debug_macro   0x0000000000009e7b       0x1c ./src/app_button.o
 .debug_macro   0x0000000000009e97       0xf4 ./src/app_button.o
 .debug_macro   0x0000000000009f8b       0x30 ./src/app_button.o
 .debug_macro   0x0000000000009fbb       0x1c ./src/app_button.o
 .debug_macro   0x0000000000009fd7       0x10 ./src/app_button.o
 .debug_macro   0x0000000000009fe7       0x10 ./src/app_button.o
 .debug_macro   0x0000000000009ff7       0x22 ./src/app_button.o
 .debug_macro   0x000000000000a019       0xbe ./src/app_button.o
 .debug_macro   0x000000000000a0d7       0x16 ./src/app_button.o
 .debug_macro   0x000000000000a0ed      0x197 ./src/app_button.o
 .debug_macro   0x000000000000a284       0x3b ./src/app_button.o
 .debug_macro   0x000000000000a2bf       0x10 ./src/app_button.o
 .debug_macro   0x000000000000a2cf       0xb4 ./src/app_button.o
 .debug_macro   0x000000000000a383       0x76 ./src/app_button.o
 .debug_macro   0x000000000000a3f9       0x2e ./src/app_button.o
 .debug_macro   0x000000000000a427       0x10 ./src/app_button.o
 .debug_macro   0x000000000000a437      0x129 ./src/app_error.o
 .debug_macro   0x000000000000a560      0x1c0 ./src/app_error.o
 .debug_macro   0x000000000000a720       0x22 ./src/app_error.o
 .debug_macro   0x000000000000a742       0x22 ./src/app_error.o
 .debug_macro   0x000000000000a764       0x76 ./src/app_error.o
 .debug_macro   0x000000000000a7da      0x297 ./src/app_timer.o
 .debug_macro   0x000000000000aa71       0x16 ./src/app_timer.o
 .debug_macro   0x000000000000aa87       0x97 ./src/app_timer.o
 .debug_macro   0x000000000000ab1e       0xef ./src/app_timer.o
 .debug_macro   0x000000000000ac0d       0x28 ./src/app_timer.o
 .debug_macro   0x000000000000ac35       0x10 ./src/app_timer.o
 .debug_macro   0x000000000000ac45       0x40 ./src/app_timer.o
 .debug_macro   0x000000000000ac85       0x64 ./src/app_timer.o
 .debug_macro   0x000000000000ace9       0x22 ./src/app_timer.o
 .debug_macro   0x000000000000ad0b      0x14f ./src/app_trace.o
 .debug_macro   0x000000000000ae5a       0x16 ./src/app_trace.o
 .debug_macro   0x000000000000ae70       0x52 ./src/app_trace.o
 .debug_macro   0x000000000000aec2      0x190 ./src/app_uart.o
 .debug_macro   0x000000000000b052       0x18 ./src/app_uart.o
 .debug_macro   0x000000000000b06a       0x36 ./src/app_uart.o
 .debug_macro   0x000000000000b0a0       0x10 ./src/app_uart.o
 .debug_macro   0x000000000000b0b0      0x1d6 ./src/ble_advdata.o
 .debug_macro   0x000000000000b286       0xd6 ./src/ble_advdata.o
 .debug_macro   0x000000000000b35c      0x1f7 ./src/ble_advdata.o
 .debug_macro   0x000000000000b553      0x375 ./src/ble_advdata.o
 .debug_macro   0x000000000000b8c8       0x3a ./src/ble_advdata.o
 .debug_macro   0x000000000000b902       0x22 ./src/ble_advdata.o
 .debug_macro   0x000000000000b924      0x1f0 ./src/ble_advdata.o
 .debug_macro   0x000000000000bb14       0x16 ./src/ble_advdata.o
 .debug_macro   0x000000000000bb2a       0xd9 ./src/ble_advdata.o
 .debug_macro   0x000000000000bc03       0x1c ./src/ble_advdata.o
 .debug_macro   0x000000000000bc1f      0x243 ./src/ble_advdata.o
 .debug_macro   0x000000000000be62      0x2bf ./src/ble_advertising.o
 .debug_macro   0x000000000000c121       0x40 ./src/ble_advertising.o
 .debug_macro   0x000000000000c161       0x46 ./src/ble_advertising.o
 .debug_macro   0x000000000000c1a7       0x16 ./src/ble_advertising.o
 .debug_macro   0x000000000000c1bd       0x46 ./src/ble_advertising.o
 .debug_macro   0x000000000000c203       0x1c ./src/ble_advertising.o
 .debug_macro   0x000000000000c21f      0x25c ./src/ble_conn_params.o
 .debug_macro   0x000000000000c47b       0xa6 ./src/ble_conn_params.o
 .debug_macro   0x000000000000c521      0x1cf ./src/ble_srv_common.o
 .debug_macro   0x000000000000c6f0      0x292 ./src/bsp.o
 .debug_macro   0x000000000000c982      0x1f7 ./src/bsp_btn_ble.o
 .debug_macro   0x000000000000cb79      0x438 ./src/device_manager_peripheral.o
 .debug_macro   0x000000000000cfb1       0x22 ./src/device_manager_peripheral.o
 .debug_macro   0x000000000000cfd3       0x70 ./src/device_manager_peripheral.o
 .debug_macro   0x000000000000d043       0x28 ./src/device_manager_peripheral.o
 .debug_macro   0x000000000000d06b       0x98 ./src/device_manager_peripheral.o
 .debug_macro   0x000000000000d103       0x1c ./src/device_manager_peripheral.o
 .debug_macro   0x000000000000d11f      0x47c ./src/main.o
 .debug_macro   0x000000000000d59b       0x1c ./src/main.o
 .debug_macro   0x000000000000d5b7       0x34 ./src/main.o
 .debug_macro   0x000000000000d5eb       0x16 ./src/main.o
 .debug_macro   0x000000000000d601       0x10 ./src/main.o
 .debug_macro   0x000000000000d611       0x16 ./src/main.o
 .debug_macro   0x000000000000d627       0x4c ./src/main.o
 .debug_macro   0x000000000000d673       0x1c ./src/main.o
 .debug_macro   0x000000000000d68f       0x6d ./src/nrf_assert.o
 .debug_macro   0x000000000000d6fc      0x19c ./src/nrf_delay.o
 .debug_macro   0x000000000000d898      0x116 ./src/nrf_drv_common.o
 .debug_macro   0x000000000000d9ae      0x1aa ./src/nrf_drv_gpiote.o
 .debug_macro   0x000000000000db58      0x282 ./src/pstorage.o
 .debug_macro   0x000000000000ddda      0x1ee ./src/retarget.o
 .debug_macro   0x000000000000dfc8      0x266 ./src/softdevice_handler.o
 .debug_macro   0x000000000000e22e      0x37b ./src/softdevice_handler.o
 .debug_macro   0x000000000000e5a9       0x40 ./src/softdevice_handler.o
 .debug_macro   0x000000000000e5e9       0x10 ./src/softdevice_handler.o
 .debug_macro   0x000000000000e5f9       0xc2 ./src/system_nrf51.o

.debug_line     0x0000000000000000     0x9292
 .debug_line    0x0000000000000000      0x3e5 ./src/SEGGER_RTT.o
 .debug_line    0x00000000000003e5      0x3a1 ./src/SEGGER_RTT_printf.o
 .debug_line    0x0000000000000786      0x5ec ./src/app_button.o
 .debug_line    0x0000000000000d72      0x442 ./src/app_error.o
 .debug_line    0x00000000000011b4      0x84b ./src/app_timer.o
 .debug_line    0x00000000000019ff      0x27c ./src/app_trace.o
 .debug_line    0x0000000000001c7b      0x660 ./src/app_uart.o
 .debug_line    0x00000000000022db      0x64b ./src/ble_advdata.o
 .debug_line    0x0000000000002926      0x968 ./src/ble_advertising.o
 .debug_line    0x000000000000328e      0x64a ./src/ble_conn_params.o
 .debug_line    0x00000000000038d8      0x564 ./src/ble_srv_common.o
 .debug_line    0x0000000000003e3c      0x6d6 ./src/bsp.o
 .debug_line    0x0000000000004512      0x681 ./src/bsp_btn_ble.o
 .debug_line    0x0000000000004b93      0xecb ./src/device_manager_peripheral.o
 .debug_line    0x0000000000005a5e       0x79 ./src/gcc_startup_nrf51.o
 .debug_line    0x0000000000005ad7      0xbd0 ./src/main.o
 .debug_line    0x00000000000066a7      0x230 ./src/nrf_assert.o
 .debug_line    0x00000000000068d7      0x3c7 ./src/nrf_delay.o
 .debug_line    0x0000000000006c9e      0x49f ./src/nrf_drv_common.o
 .debug_line    0x000000000000713d      0x7d6 ./src/nrf_drv_gpiote.o
 .debug_line    0x0000000000007913      0x994 ./src/pstorage.o
 .debug_line    0x00000000000082a7      0x547 ./src/retarget.o
 .debug_line    0x00000000000087ee      0x77b ./src/softdevice_handler.o
 .debug_line    0x0000000000008f69      0x329 ./src/system_nrf51.o

.debug_str      0x0000000000000000    0x452dc
 .debug_str     0x0000000000000000     0x5488 ./src/SEGGER_RTT.o
                                       0x55bc (size before relaxing)
 .debug_str     0x0000000000005488      0x362 ./src/SEGGER_RTT_printf.o
                                       0x557f (size before relaxing)
 .debug_str     0x00000000000057ea    0x2eba7 ./src/app_button.o
                                      0x337ac (size before relaxing)
 .debug_str     0x0000000000034391     0x10f7 ./src/app_error.o
                                      0x30499 (size before relaxing)
 .debug_str     0x0000000000035488     0x2124 ./src/app_timer.o
                                      0x348fb (size before relaxing)
 .debug_str     0x00000000000375ac       0x13 ./src/app_trace.o
                                       0x61d9 (size before relaxing)
 .debug_str     0x00000000000375bf      0xa1a ./src/app_uart.o
                                      0x32480 (size before relaxing)
 .debug_str     0x0000000000037fd9     0x613c ./src/ble_advdata.o
                                       0xc23e (size before relaxing)
 .debug_str     0x000000000003e115     0x140a ./src/ble_advertising.o
                                      0x39eb9 (size before relaxing)
 .debug_str     0x000000000003f51f      0x843 ./src/ble_conn_params.o
                                       0xe20c (size before relaxing)
 .debug_str     0x000000000003fd62      0x1ce ./src/ble_srv_common.o
                                       0xc1ad (size before relaxing)
 .debug_str     0x000000000003ff30      0x69b ./src/bsp.o
                                      0x341ac (size before relaxing)
 .debug_str     0x00000000000405cb      0x461 ./src/bsp_btn_ble.o
                                      0x36292 (size before relaxing)
 .debug_str     0x0000000000040a2c     0x1a52 ./src/device_manager_peripheral.o
                                      0x3a66b (size before relaxing)
 .debug_str     0x000000000004247e      0xe6e ./src/main.o
                                      0x3e04e (size before relaxing)
 .debug_str     0x00000000000432ec       0x14 ./src/nrf_assert.o
                                       0x30cf (size before relaxing)
 .debug_str     0x0000000000043300       0x2d ./src/nrf_delay.o
                                      0x31ae3 (size before relaxing)
 .debug_str     0x000000000004332d       0x46 ./src/nrf_drv_common.o
                                      0x30401 (size before relaxing)
 .debug_str     0x0000000000043373      0xa19 ./src/nrf_drv_gpiote.o
                                      0x32396 (size before relaxing)
 .debug_str     0x0000000000043d8c      0xf59 ./src/pstorage.o
                                      0x343be (size before relaxing)
 .debug_str     0x0000000000044ce5      0x377 ./src/retarget.o
                                      0x30f95 (size before relaxing)
 .debug_str     0x000000000004505c      0x192 ./src/softdevice_handler.o
                                      0x35cf3 (size before relaxing)
 .debug_str     0x00000000000451ee       0xee ./src/system_nrf51.o
                                      0x2eb3e (size before relaxing)

.debug_frame    0x0000000000000000     0x6ba8
 .debug_frame   0x0000000000000000      0x2cc ./src/SEGGER_RTT.o
 .debug_frame   0x00000000000002cc       0xb4 ./src/SEGGER_RTT_printf.o
 .debug_frame   0x0000000000000380       0xd0 ./src/app_button.o
 .debug_frame   0x0000000000000450       0x30 ./src/app_error.o
 .debug_frame   0x0000000000000480      0x84c ./src/app_timer.o
 .debug_frame   0x0000000000000ccc      0x65c ./src/app_uart.o
 .debug_frame   0x0000000000001328      0x590 ./src/ble_advdata.o
 .debug_frame   0x00000000000018b8      0x83c ./src/ble_advertising.o
 .debug_frame   0x00000000000020f4      0x56c ./src/ble_conn_params.o
 .debug_frame   0x0000000000002660      0x450 ./src/ble_srv_common.o
 .debug_frame   0x0000000000002ab0      0x1c8 ./src/bsp.o
 .debug_frame   0x0000000000002c78      0x490 ./src/bsp_btn_ble.o
 .debug_frame   0x0000000000003108      0xa10 ./src/device_manager_peripheral.o
 .debug_frame   0x0000000000003b18      0x9d8 ./src/main.o
 .debug_frame   0x00000000000044f0       0x30 ./src/nrf_delay.o
 .debug_frame   0x0000000000004520      0x3c4 ./src/nrf_drv_common.o
 .debug_frame   0x00000000000048e4      0xaf8 ./src/nrf_drv_gpiote.o
 .debug_frame   0x00000000000053dc      0xa44 ./src/pstorage.o
 .debug_frame   0x0000000000005e20      0x380 ./src/retarget.o
 .debug_frame   0x00000000000061a0      0x840 ./src/softdevice_handler.o
 .debug_frame   0x00000000000069e0       0x80 ./src/system_nrf51.o
 .debug_frame   0x0000000000006a60       0x20 /usr/local/gcc_arm/gcc-arm-none-eabi-4_9-2015q3/bin/../lib/gcc/arm-none-eabi/4.9.3/armv6-m/libgcc.a(_udivsi3.o)
 .debug_frame   0x0000000000006a80       0x20 /usr/local/gcc_arm/gcc-arm-none-eabi-4_9-2015q3/bin/../lib/gcc/arm-none-eabi/4.9.3/armv6-m/libgcc.a(_divsi3.o)
 .debug_frame   0x0000000000006aa0       0x28 /usr/local/gcc_arm/gcc-arm-none-eabi-4_9-2015q3/bin/../lib/gcc/arm-none-eabi/4.9.3/../../../../arm-none-eabi/lib/armv6-m/libg_nano.a(lib_a-exit.o)
 .debug_frame   0x0000000000006ac8       0x2c /usr/local/gcc_arm/gcc-arm-none-eabi-4_9-2015q3/bin/../lib/gcc/arm-none-eabi/4.9.3/../../../../arm-none-eabi/lib/armv6-m/libg_nano.a(lib_a-init.o)
 .debug_frame   0x0000000000006af4       0x2c /usr/local/gcc_arm/gcc-arm-none-eabi-4_9-2015q3/bin/../lib/gcc/arm-none-eabi/4.9.3/../../../../arm-none-eabi/lib/armv6-m/libg_nano.a(lib_a-memcmp.o)
 .debug_frame   0x0000000000006b20       0x28 /usr/local/gcc_arm/gcc-arm-none-eabi-4_9-2015q3/bin/../lib/gcc/arm-none-eabi/4.9.3/../../../../arm-none-eabi/lib/armv6-m/libg_nano.a(lib_a-memcpy.o)
 .debug_frame   0x0000000000006b48       0x20 /usr/local/gcc_arm/gcc-arm-none-eabi-4_9-2015q3/bin/../lib/gcc/arm-none-eabi/4.9.3/../../../../arm-none-eabi/lib/armv6-m/libg_nano.a(lib_a-memset.o)
 .debug_frame   0x0000000000006b68       0x20 /usr/local/gcc_arm/gcc-arm-none-eabi-4_9-2015q3/bin/../lib/gcc/arm-none-eabi/4.9.3/../../../../arm-none-eabi/lib/armv6-m/libg_nano.a(lib_a-strlen.o)
 .debug_frame   0x0000000000006b88       0x20 /usr/local/gcc_arm/gcc-arm-none-eabi-4_9-2015q3/bin/../lib/gcc/arm-none-eabi/4.9.3/../../../../arm-none-eabi/lib/armv6-m/libnosys.a(_exit.o)

.debug_ranges   0x0000000000000000       0x18
 .debug_ranges  0x0000000000000000       0x18 ./src/ble_conn_params.o
