Archive member included because of file (symbol)

/usr/local/gcc_arm/gcc-arm-none-eabi-4_9-2015q3/bin/../lib/gcc/arm-none-eabi/4.9.3/armv6-m/libgcc.a(_udivsi3.o)
                              ./src/SEGGER_RTT_printf.o (__aeabi_uidiv)
/usr/local/gcc_arm/gcc-arm-none-eabi-4_9-2015q3/bin/../lib/gcc/arm-none-eabi/4.9.3/armv6-m/libgcc.a(_divsi3.o)
                              ./src/SEGGER_RTT_printf.o (__aeabi_idiv)
/usr/local/gcc_arm/gcc-arm-none-eabi-4_9-2015q3/bin/../lib/gcc/arm-none-eabi/4.9.3/armv6-m/libgcc.a(_dvmd_tls.o)
                              /usr/local/gcc_arm/gcc-arm-none-eabi-4_9-2015q3/bin/../lib/gcc/arm-none-eabi/4.9.3/armv6-m/libgcc.a(_udivsi3.o) (__aeabi_idiv0)
/usr/local/gcc_arm/gcc-arm-none-eabi-4_9-2015q3/bin/../lib/gcc/arm-none-eabi/4.9.3/../../../../arm-none-eabi/lib/armv6-m/libg_nano.a(lib_a-exit.o)
                              /usr/local/gcc_arm/gcc-arm-none-eabi-4_9-2015q3/bin/../lib/gcc/arm-none-eabi/4.9.3/../../../../arm-none-eabi/lib/armv6-m/crt0.o (exit)
/usr/local/gcc_arm/gcc-arm-none-eabi-4_9-2015q3/bin/../lib/gcc/arm-none-eabi/4.9.3/../../../../arm-none-eabi/lib/armv6-m/libg_nano.a(lib_a-impure.o)
                              /usr/local/gcc_arm/gcc-arm-none-eabi-4_9-2015q3/bin/../lib/gcc/arm-none-eabi/4.9.3/../../../../arm-none-eabi/lib/armv6-m/libg_nano.a(lib_a-exit.o) (_global_impure_ptr)
/usr/local/gcc_arm/gcc-arm-none-eabi-4_9-2015q3/bin/../lib/gcc/arm-none-eabi/4.9.3/../../../../arm-none-eabi/lib/armv6-m/libg_nano.a(lib_a-init.o)
                              /usr/local/gcc_arm/gcc-arm-none-eabi-4_9-2015q3/bin/../lib/gcc/arm-none-eabi/4.9.3/../../../../arm-none-eabi/lib/armv6-m/crt0.o (__libc_init_array)
/usr/local/gcc_arm/gcc-arm-none-eabi-4_9-2015q3/bin/../lib/gcc/arm-none-eabi/4.9.3/../../../../arm-none-eabi/lib/armv6-m/libg_nano.a(lib_a-memcmp.o)
                              ./nrf51_sdk/components/ble/device_manager/device_manager_peripheral.o (memcmp)
/usr/local/gcc_arm/gcc-arm-none-eabi-4_9-2015q3/bin/../lib/gcc/arm-none-eabi/4.9.3/../../../../arm-none-eabi/lib/armv6-m/libg_nano.a(lib_a-memcpy.o)
                              ./src/SEGGER_RTT.o (memcpy)
/usr/local/gcc_arm/gcc-arm-none-eabi-4_9-2015q3/bin/../lib/gcc/arm-none-eabi/4.9.3/../../../../arm-none-eabi/lib/armv6-m/libg_nano.a(lib_a-memset.o)
                              /usr/local/gcc_arm/gcc-arm-none-eabi-4_9-2015q3/bin/../lib/gcc/arm-none-eabi/4.9.3/../../../../arm-none-eabi/lib/armv6-m/crt0.o (memset)
/usr/local/gcc_arm/gcc-arm-none-eabi-4_9-2015q3/bin/../lib/gcc/arm-none-eabi/4.9.3/../../../../arm-none-eabi/lib/armv6-m/libg_nano.a(lib_a-strlen.o)
                              ./src/SEGGER_RTT.o (strlen)
/usr/local/gcc_arm/gcc-arm-none-eabi-4_9-2015q3/bin/../lib/gcc/arm-none-eabi/4.9.3/../../../../arm-none-eabi/lib/armv6-m/libnosys.a(_exit.o)
                              /usr/local/gcc_arm/gcc-arm-none-eabi-4_9-2015q3/bin/../lib/gcc/arm-none-eabi/4.9.3/../../../../arm-none-eabi/lib/armv6-m/libg_nano.a(lib_a-exit.o) (_exit)

Allocating common symbols
Common symbol       size              file

m_p_file_name       0x4               ./nrf51_sdk/components/libraries/util/app_error.o
__stdin             0x68              ./nrf51_sdk/components/libraries/uart/retarget.o
m_error_code        0x4               ./nrf51_sdk/components/libraries/util/app_error.o
m_line_num          0x4               ./nrf51_sdk/components/libraries/util/app_error.o
__stdout            0x68              ./nrf51_sdk/components/libraries/uart/retarget.o
_SEGGER_RTT         0x78              ./src/SEGGER_RTT.o

Discarded input sections

 .group         0x0000000000000000        0x8 ./src/SEGGER_RTT.o
 .group         0x0000000000000000        0x8 ./src/SEGGER_RTT.o
 .group         0x0000000000000000        0x8 ./src/SEGGER_RTT.o
 .group         0x0000000000000000        0x8 ./src/SEGGER_RTT.o
 .group         0x0000000000000000        0x8 ./src/SEGGER_RTT.o
 .group         0x0000000000000000        0x8 ./src/SEGGER_RTT.o
 .group         0x0000000000000000        0x8 ./src/SEGGER_RTT.o
 .group         0x0000000000000000        0x8 ./src/SEGGER_RTT.o
 .group         0x0000000000000000        0x8 ./src/SEGGER_RTT.o
 .group         0x0000000000000000        0x8 ./src/SEGGER_RTT.o
 .group         0x0000000000000000        0x8 ./src/SEGGER_RTT.o
 .group         0x0000000000000000        0x8 ./src/SEGGER_RTT.o
 .group         0x0000000000000000        0x8 ./src/SEGGER_RTT.o
 .group         0x0000000000000000        0x8 ./src/SEGGER_RTT.o
 .group         0x0000000000000000        0x8 ./src/SEGGER_RTT.o
 .group         0x0000000000000000        0x8 ./src/SEGGER_RTT.o
 .group         0x0000000000000000        0x8 ./src/SEGGER_RTT_printf.o
 .group         0x0000000000000000        0x8 ./src/SEGGER_RTT_printf.o
 .group         0x0000000000000000        0x8 ./src/SEGGER_RTT_printf.o
 .group         0x0000000000000000        0x8 ./src/SEGGER_RTT_printf.o
 .group         0x0000000000000000        0x8 ./src/SEGGER_RTT_printf.o
[...]
Memory Configuration

Name             Origin             Length             Attributes
FLASH            0x0000000000018000 0x0000000000028000 xr
RAM              0x0000000020002000 0x0000000000006000 xrw
*default*        0x0000000000000000 0xffffffffffffffff

Linker script and memory map

LOAD /usr/local/gcc_arm/gcc-arm-none-eabi-4_9-2015q3/bin/../lib/gcc/arm-none-eabi/4.9.3/armv6-m/crti.o
LOAD /usr/local/gcc_arm/gcc-arm-none-eabi-4_9-2015q3/bin/../lib/gcc/arm-none-eabi/4.9.3/armv6-m/crtbegin.o
LOAD /usr/local/gcc_arm/gcc-arm-none-eabi-4_9-2015q3/bin/../lib/gcc/arm-none-eabi/4.9.3/../../../../arm-none-eabi/lib/armv6-m/crt0.o
LOAD ./src/SEGGER_RTT.o
LOAD ./src/SEGGER_RTT_printf.o
LOAD ./src/main.o
LOAD ./nrf51_sdk/examples/bsp/bsp.o
LOAD ./nrf51_sdk/examples/bsp/bsp_btn_ble.o
LOAD ./nrf51_sdk/components/toolchain/gcc/gcc_startup_nrf51.o
LOAD ./nrf51_sdk/components/toolchain/system_nrf51.o
LOAD ./nrf51_sdk/components/softdevice/common/softdevice_handler/softdevice_handler.o
LOAD ./nrf51_sdk/components/libraries/util/app_error.o
LOAD ./nrf51_sdk/components/libraries/util/app_util_platform.o
LOAD ./nrf51_sdk/components/libraries/util/nrf_assert.o
LOAD ./nrf51_sdk/components/libraries/uart/retarget.o
LOAD ./nrf51_sdk/components/libraries/trace/app_trace.o
LOAD ./nrf51_sdk/components/libraries/timer/app_timer.o
LOAD ./nrf51_sdk/components/libraries/button/app_button.o
LOAD ./nrf51_sdk/components/drivers_nrf/uart/app_uart.o
LOAD ./nrf51_sdk/components/drivers_nrf/pstorage/pstorage.o
LOAD ./nrf51_sdk/components/drivers_nrf/hal/nrf_delay.o
LOAD ./nrf51_sdk/components/drivers_nrf/gpiote/nrf_drv_gpiote.o
LOAD ./nrf51_sdk/components/drivers_nrf/common/nrf_drv_common.o
LOAD ./nrf51_sdk/components/ble/device_manager/device_manager_peripheral.o
LOAD ./nrf51_sdk/components/ble/common/ble_advdata.o
LOAD ./nrf51_sdk/components/ble/common/ble_conn_params.o
LOAD ./nrf51_sdk/components/ble/common/ble_srv_common.o
LOAD ./nrf51_sdk/components/ble/ble_advertising/ble_advertising.o
START GROUP
LOAD /usr/local/gcc_arm/gcc-arm-none-eabi-4_9-2015q3/bin/../lib/gcc/arm-none-eabi/4.9.3/armv6-m/libgcc.a
LOAD /usr/local/gcc_arm/gcc-arm-none-eabi-4_9-2015q3/bin/../lib/gcc/arm-none-eabi/4.9.3/../../../../arm-none-eabi/lib/armv6-m/libg_nano.a
LOAD /usr/local/gcc_arm/gcc-arm-none-eabi-4_9-2015q3/bin/../lib/gcc/arm-none-eabi/4.9.3/../../../../arm-none-eabi/lib/armv6-m/libc_nano.a
END GROUP
START GROUP
LOAD /usr/local/gcc_arm/gcc-arm-none-eabi-4_9-2015q3/bin/../lib/gcc/arm-none-eabi/4.9.3/armv6-m/libgcc.a
LOAD /usr/local/gcc_arm/gcc-arm-none-eabi-4_9-2015q3/bin/../lib/gcc/arm-none-eabi/4.9.3/../../../../arm-none-eabi/lib/armv6-m/libc_nano.a
END GROUP
LOAD /usr/local/gcc_arm/gcc-arm-none-eabi-4_9-2015q3/bin/../lib/gcc/arm-none-eabi/4.9.3/armv6-m/crtend.o
LOAD /usr/local/gcc_arm/gcc-arm-none-eabi-4_9-2015q3/bin/../lib/gcc/arm-none-eabi/4.9.3/armv6-m/crtn.o
START GROUP
LOAD /usr/local/gcc_arm/gcc-arm-none-eabi-4_9-2015q3/bin/../lib/gcc/arm-none-eabi/4.9.3/armv6-m/libgcc.a
LOAD /usr/local/gcc_arm/gcc-arm-none-eabi-4_9-2015q3/bin/../lib/gcc/arm-none-eabi/4.9.3/../../../../arm-none-eabi/lib/armv6-m/libc.a
LOAD /usr/local/gcc_arm/gcc-arm-none-eabi-4_9-2015q3/bin/../lib/gcc/arm-none-eabi/4.9.3/../../../../arm-none-eabi/lib/armv6-m/libnosys.a
END GROUP

.text           0x0000000000018000     0xe5f4
 *(.Vectors)
 .Vectors       0x0000000000018000       0xc0 ./nrf51_sdk/components/toolchain/gcc/gcc_startup_nrf51.o
                0x0000000000018000                __Vectors
 *(.text*)
 .text          0x00000000000180c0        0x0 /usr/local/gcc_arm/gcc-arm-none-eabi-4_9-2015q3/bin/../lib/gcc/arm-none-eabi/4.9.3/armv6-m/crti.o
 .text          0x00000000000180c0       0x60 /usr/local/gcc_arm/gcc-arm-none-eabi-4_9-2015q3/bin/../lib/gcc/arm-none-eabi/4.9.3/armv6-m/crtbegin.o
 .text          0x0000000000018120       0x78 /usr/local/gcc_arm/gcc-arm-none-eabi-4_9-2015q3/bin/../lib/gcc/arm-none-eabi/4.9.3/../../../../arm-none-eabi/lib/armv6-m/crt0.o
                0x0000000000018120                _mainCRTStartup
                0x0000000000018120                _start
 .text          0x0000000000018198      0xb7c ./src/SEGGER_RTT.o
                0x0000000000018410                SEGGER_RTT_ReadNoLock
                0x000000000001851c                SEGGER_RTT_Read
                0x0000000000018558                SEGGER_RTT_WriteSkipNoLock
                0x0000000000018688                SEGGER_RTT_WriteNoLock
                0x0000000000018740                SEGGER_RTT_Write
                0x000000000001878c                SEGGER_RTT_WriteString
                0x00000000000187bc                SEGGER_RTT_GetKey
                0x00000000000187f0                SEGGER_RTT_WaitKey
                0x0000000000018810                SEGGER_RTT_HasKey
                0x000000000001884c                SEGGER_RTT_HasData
                0x0000000000018884                SEGGER_RTT_ConfigUpBuffer
                0x0000000000018954                SEGGER_RTT_ConfigDownBuffer
                0x0000000000018a24                SEGGER_RTT_SetNameUpBuffer
                0x0000000000018a84                SEGGER_RTT_SetNameDownBuffer
                0x0000000000018ae8                SEGGER_RTT_Init
                0x0000000000018b00                SEGGER_RTT_SetTerminal
                0x0000000000018bcc                SEGGER_RTT_TerminalOut
 .text          0x0000000000018d14      0x6e0 ./src/SEGGER_RTT_printf.o
                0x0000000000019044                SEGGER_RTT_vprintf
                0x00000000000193c0                SEGGER_RTT_printf
 .text          0x00000000000193f4      0xbd4 ./src/main.o
                0x000000000001978c                assert_nrf_callback
                0x0000000000019c08                bsp_event_handler
                0x0000000000019f64                main
 .text          0x0000000000019fc8      0xc28 ./nrf51_sdk/examples/bsp/bsp.o
                0x0000000000019fc8                bsp_buttons_state_get
                0x000000000001a030                bsp_button_is_pressed
                0x000000000001a91c                bsp_indication_set
                0x000000000001a954                bsp_indication_text_set
                0x000000000001a97c                bsp_init
                0x000000000001aaa4                bsp_event_to_button_action_assign
                0x000000000001ab4c                bsp_buttons_enable
                0x000000000001ab5c                bsp_buttons_disable
                0x000000000001ab6c                bsp_wakeup_buttons_set
 .text          0x000000000001abf0      0x438 ./nrf51_sdk/examples/bsp/bsp_btn_ble.o
                0x000000000001af18                bsp_btn_ble_sleep_mode_prepare
                0x000000000001af44                bsp_btn_ble_on_ble_evt
                0x000000000001afd4                bsp_btn_ble_init
 .text          0x000000000001b028       0x54 ./nrf51_sdk/components/toolchain/gcc/gcc_startup_nrf51.o
                0x000000000001b028                Reset_Handler
                0x000000000001b070                NMI_Handler
                0x000000000001b072                HardFault_Handler
                0x000000000001b074                SVC_Handler
                0x000000000001b076                PendSV_Handler
                0x000000000001b078                SysTick_Handler
                0x000000000001b07a                SWI4_IRQHandler
                0x000000000001b07a                TEMP_IRQHandler
                0x000000000001b07a                QDEC_IRQHandler
                0x000000000001b07a                SWI5_IRQHandler
                0x000000000001b07a                TIMER0_IRQHandler
                0x000000000001b07a                TIMER1_IRQHandler
                0x000000000001b07a                ECB_IRQHandler
                0x000000000001b07a                Default_Handler
                0x000000000001b07a                ADC_IRQHandler
                0x000000000001b07a                SWI3_IRQHandler
                0x000000000001b07a                CCM_AAR_IRQHandler
                0x000000000001b07a                WDT_IRQHandler
                0x000000000001b07a                RNG_IRQHandler
                0x000000000001b07a                SPI1_TWI1_IRQHandler
                0x000000000001b07a                TIMER2_IRQHandler
                0x000000000001b07a                SWI1_IRQHandler
                0x000000000001b07a                SPI0_TWI0_IRQHandler
                0x000000000001b07a                RTC0_IRQHandler
                0x000000000001b07a                POWER_CLOCK_IRQHandler
                0x000000000001b07a                RADIO_IRQHandler
                0x000000000001b07a                LPCOMP_IRQHandler
 .text          0x000000000001b07c      0x124 ./nrf51_sdk/components/toolchain/system_nrf51.o
                0x000000000001b07c                SystemCoreClockUpdate
                0x000000000001b094                SystemInit
 .text          0x000000000001b1a0      0x640 ./nrf51_sdk/components/softdevice/common/softdevice_handler/softdevice_handler.o
                0x000000000001b554                softdevice_assertion_handler
                0x000000000001b57c                intern_softdevice_events_execute
                0x000000000001b690                softdevice_handler_init
                0x000000000001b71c                softdevice_handler_sd_disable
                0x000000000001b744                softdevice_ble_evt_handler_set
                0x000000000001b76c                softdevice_sys_evt_handler_set
                0x000000000001b794                SWI2_IRQHandler
 .text          0x000000000001b7e0       0x54 ./nrf51_sdk/components/libraries/util/app_error.o
                0x000000000001b7e0                app_error_handler
 .text          0x000000000001b834      0x1d0 ./nrf51_sdk/components/libraries/util/app_util_platform.o
                0x000000000001b9cc                critical_region_enter
                0x000000000001b9e4                critical_region_exit
 .text          0x000000000001ba04        0x0 ./nrf51_sdk/components/libraries/util/nrf_assert.o
 .text          0x000000000001ba04      0x1f8 ./nrf51_sdk/components/libraries/uart/retarget.o
                0x000000000001bb9c                _write
                0x000000000001bbd4                _read
 .text          0x000000000001bbfc        0x0 ./nrf51_sdk/components/libraries/trace/app_trace.o
 .text          0x000000000001bbfc     0x1440 ./nrf51_sdk/components/libraries/timer/app_timer.o
                0x000000000001cc20                RTC1_IRQHandler
                0x000000000001cc6c                SWI0_IRQHandler
                0x000000000001cc78                app_timer_init
                0x000000000001cdf4                app_timer_create
                0x000000000001cee4                app_timer_start
                0x000000000001cf70                app_timer_stop
                0x000000000001cfd0                app_timer_stop_all
                0x000000000001cff8                app_timer_cnt_get
                0x000000000001d014                app_timer_cnt_diff_compute
 .text          0x000000000001d03c      0x388 ./nrf51_sdk/components/libraries/button/app_button.o
                0x000000000001d1c8                app_button_init
                0x000000000001d2d4                app_button_enable
                0x000000000001d318                app_button_disable
                0x000000000001d368                app_button_is_pushed
 .text          0x000000000001d3c4      0x9e0 ./nrf51_sdk/components/drivers_nrf/uart/app_uart.o
                0x000000000001d724                action_tx_stop
                0x000000000001d8dc                UART0_IRQHandler
                0x000000000001da94                app_uart_init
                0x000000000001dcb0                app_uart_get
                0x000000000001dcf0                app_uart_put
                0x000000000001dd30                app_uart_flush
                0x000000000001dd3c                app_uart_get_connection_state
                0x000000000001dd64                app_uart_close
 .text          0x000000000001dda4     0x19ac ./nrf51_sdk/components/drivers_nrf/pstorage/pstorage.o
                0x000000000001eaf8                pstorage_sys_event_handler
                0x000000000001ede4                pstorage_init
                0x000000000001eea8                pstorage_register
                0x000000000001f024                pstorage_block_identifier_get
                0x000000000001f11c                pstorage_store
                0x000000000001f280                pstorage_update
                0x000000000001f3e4                pstorage_load
                0x000000000001f570                pstorage_clear
                0x000000000001f714                pstorage_access_status_get
 .text          0x000000000001f750       0x44 ./nrf51_sdk/components/drivers_nrf/hal/nrf_delay.o
                0x000000000001f750                nrf_delay_ms
 .text          0x000000000001f794     0x11f0 ./nrf51_sdk/components/drivers_nrf/gpiote/nrf_drv_gpiote.o
                0x00000000000201a4                nrf_drv_gpiote_init
                0x0000000000020228                nrf_drv_gpiote_is_init
                0x0000000000020244                nrf_drv_gpiote_uninit
                0x0000000000020298                nrf_drv_gpiote_out_init
                0x0000000000020338                nrf_drv_gpiote_out_uninit
                0x000000000002037c                nrf_drv_gpiote_out_set
                0x0000000000020394                nrf_drv_gpiote_out_clear
                0x00000000000203ac                nrf_drv_gpiote_out_toggle
                0x00000000000203c4                nrf_drv_gpiote_out_task_enable
                0x00000000000203ec                nrf_drv_gpiote_out_task_disable
                0x0000000000020414                nrf_drv_gpiote_out_task_addr_get
                0x0000000000020448                nrf_drv_gpiote_out_task_force
                0x000000000002048c                nrf_drv_gpiote_out_task_trigger
                0x00000000000204bc                nrf_drv_gpiote_in_init
                0x0000000000020590                nrf_drv_gpiote_in_event_enable
                0x000000000002069c                nrf_drv_gpiote_in_event_disable
                0x00000000000206f0                nrf_drv_gpiote_in_uninit
                0x0000000000020744                nrf_drv_gpiote_in_is_set
                0x0000000000020764                nrf_drv_gpiote_in_event_addr_get
                0x000000000002079c                GPIOTE_IRQHandler
 .text          0x0000000000020984      0x30c ./nrf51_sdk/components/drivers_nrf/common/nrf_drv_common.o
                0x0000000000020c4c                nrf_drv_common_irq_enable
 .text          0x0000000000020c90     0x2cc0 ./nrf51_sdk/components/ble/device_manager/device_manager_peripheral.o
                0x0000000000021cb8                dm_init
                0x0000000000021e24                dm_register
                0x0000000000021ef8                dm_security_setup_req
                0x0000000000021fd0                dm_security_status_req
                0x00000000000220dc                dm_whitelist_create
                0x00000000000222a8                dm_device_add
                0x00000000000222c0                dm_device_delete
                0x000000000002235c                dm_device_delete_all
                0x00000000000223f8                dm_service_context_set
                0x0000000000022548                dm_service_context_get
                0x0000000000022698                dm_service_context_delete
                0x000000000002272c                dm_application_context_set
                0x00000000000228ac                dm_application_context_get
                0x00000000000229ec                dm_application_context_delete
                0x0000000000022af4                dm_application_instance_set
                0x0000000000022b68                dm_handle_initialize
                0x0000000000022ba0                dm_peer_addr_set
                0x0000000000022c94                dm_peer_addr_get
                0x0000000000022db0                dm_distributed_keys_get
                0x0000000000022f10                bond_data_load
                0x0000000000022f90                dm_ble_evt_handler
                0x00000000000238a0                dm_handle_get
 .text          0x0000000000023950      0xc4c ./nrf51_sdk/components/ble/common/ble_advdata.o
                0x00000000000244d0                ble_advdata_set
 .text          0x000000000002459c      0x6e0 ./nrf51_sdk/components/ble/common/ble_conn_params.o
                0x00000000000248cc                ble_conn_params_init
                0x0000000000024978                ble_conn_params_stop
                0x0000000000024b84                ble_conn_params_on_ble_evt
                0x0000000000024bd4                ble_conn_params_change_conn_params
 .text          0x0000000000024c7c      0x59c ./nrf51_sdk/components/ble/common/ble_srv_common.o
                0x0000000000024e5c                ble_srv_report_ref_encode
                0x0000000000024ed8                ble_srv_ascii_to_utf8
                0x0000000000025020                characteristic_add
 .text          0x0000000000025218      0xc78 ./nrf51_sdk/components/ble/ble_advertising/ble_advertising.o
                0x0000000000025604                ble_advertising_init
                0x0000000000025800                ble_advertising_start
                0x0000000000025b7c                ble_advertising_on_ble_evt
                0x0000000000025cb0                ble_advertising_on_sys_evt
                0x0000000000025d10                ble_advertising_peer_addr_reply
                0x0000000000025d70                ble_advertising_whitelist_reply
                0x0000000000025e14                ble_advertising_restart_without_whitelist
 .text          0x0000000000025e90      0x120 /usr/local/gcc_arm/gcc-arm-none-eabi-4_9-2015q3/bin/../lib/gcc/arm-none-eabi/4.9.3/armv6-m/libgcc.a(_udivsi3.o)
                0x0000000000025e90                __udivsi3
                0x0000000000025e90                __aeabi_uidiv
                0x0000000000025f9c                __aeabi_uidivmod
 .text          0x0000000000025fb0      0x1e0 /usr/local/gcc_arm/gcc-arm-none-eabi-4_9-2015q3/bin/../lib/gcc/arm-none-eabi/4.9.3/armv6-m/libgcc.a(_divsi3.o)
                0x0000000000025fb0                __aeabi_idiv
                0x0000000000025fb0                __divsi3
                0x000000000002617c                __aeabi_idivmod
 .text          0x0000000000026190        0x4 /usr/local/gcc_arm/gcc-arm-none-eabi-4_9-2015q3/bin/../lib/gcc/arm-none-eabi/4.9.3/armv6-m/libgcc.a(_dvmd_tls.o)
                0x0000000000026190                __aeabi_ldiv0
                0x0000000000026190                __aeabi_idiv0
 .text          0x0000000000026194        0x0 /usr/local/gcc_arm/gcc-arm-none-eabi-4_9-2015q3/bin/../lib/gcc/arm-none-eabi/4.9.3/../../../../arm-none-eabi/lib/armv6-m/libg_nano.a(lib_a-exit.o)
 .text.exit     0x0000000000026194       0x2c /usr/local/gcc_arm/gcc-arm-none-eabi-4_9-2015q3/bin/../lib/gcc/arm-none-eabi/4.9.3/../../../../arm-none-eabi/lib/armv6-m/libg_nano.a(lib_a-exit.o)
                0x0000000000026194                exit
 .text          0x00000000000261c0        0x0 /usr/local/gcc_arm/gcc-arm-none-eabi-4_9-2015q3/bin/../lib/gcc/arm-none-eabi/4.9.3/../../../../arm-none-eabi/lib/armv6-m/libg_nano.a(lib_a-impure.o)
 .text          0x00000000000261c0        0x0 /usr/local/gcc_arm/gcc-arm-none-eabi-4_9-2015q3/bin/../lib/gcc/arm-none-eabi/4.9.3/../../../../arm-none-eabi/lib/armv6-m/libg_nano.a(lib_a-init.o)
 .text.__libc_init_array
                0x00000000000261c0       0x4c /usr/local/gcc_arm/gcc-arm-none-eabi-4_9-2015q3/bin/../lib/gcc/arm-none-eabi/4.9.3/../../../../arm-none-eabi/lib/armv6-m/libg_nano.a(lib_a-init.o)
                0x00000000000261c0                __libc_init_array
 .text          0x000000000002620c        0x0 /usr/local/gcc_arm/gcc-arm-none-eabi-4_9-2015q3/bin/../lib/gcc/arm-none-eabi/4.9.3/../../../../arm-none-eabi/lib/armv6-m/libg_nano.a(lib_a-memcmp.o)
 .text.memcmp   0x000000000002620c       0x1e /usr/local/gcc_arm/gcc-arm-none-eabi-4_9-2015q3/bin/../lib/gcc/arm-none-eabi/4.9.3/../../../../arm-none-eabi/lib/armv6-m/libg_nano.a(lib_a-memcmp.o)
                0x000000000002620c                memcmp
 .text          0x000000000002622a        0x0 /usr/local/gcc_arm/gcc-arm-none-eabi-4_9-2015q3/bin/../lib/gcc/arm-none-eabi/4.9.3/../../../../arm-none-eabi/lib/armv6-m/libg_nano.a(lib_a-memcpy.o)
 .text.memcpy   0x000000000002622a       0x12 /usr/local/gcc_arm/gcc-arm-none-eabi-4_9-2015q3/bin/../lib/gcc/arm-none-eabi/4.9.3/../../../../arm-none-eabi/lib/armv6-m/libg_nano.a(lib_a-memcpy.o)
                0x000000000002622a                memcpy
 .text          0x000000000002623c        0x0 /usr/local/gcc_arm/gcc-arm-none-eabi-4_9-2015q3/bin/../lib/gcc/arm-none-eabi/4.9.3/../../../../arm-none-eabi/lib/armv6-m/libg_nano.a(lib_a-memset.o)
 .text.memset   0x000000000002623c       0x10 /usr/local/gcc_arm/gcc-arm-none-eabi-4_9-2015q3/bin/../lib/gcc/arm-none-eabi/4.9.3/../../../../arm-none-eabi/lib/armv6-m/libg_nano.a(lib_a-memset.o)
                0x000000000002623c                memset
 .text          0x000000000002624c        0x0 /usr/local/gcc_arm/gcc-arm-none-eabi-4_9-2015q3/bin/../lib/gcc/arm-none-eabi/4.9.3/../../../../arm-none-eabi/lib/armv6-m/libg_nano.a(lib_a-strlen.o)
 .text.strlen   0x000000000002624c        0xe /usr/local/gcc_arm/gcc-arm-none-eabi-4_9-2015q3/bin/../lib/gcc/arm-none-eabi/4.9.3/../../../../arm-none-eabi/lib/armv6-m/libg_nano.a(lib_a-strlen.o)
                0x000000000002624c                strlen
 .text          0x000000000002625a        0x0 /usr/local/gcc_arm/gcc-arm-none-eabi-4_9-2015q3/bin/../lib/gcc/arm-none-eabi/4.9.3/armv6-m/crtend.o
 .text          0x000000000002625a        0x0 /usr/local/gcc_arm/gcc-arm-none-eabi-4_9-2015q3/bin/../lib/gcc/arm-none-eabi/4.9.3/armv6-m/crtn.o
 .text          0x000000000002625a        0x0 /usr/local/gcc_arm/gcc-arm-none-eabi-4_9-2015q3/bin/../lib/gcc/arm-none-eabi/4.9.3/../../../../arm-none-eabi/lib/armv6-m/libnosys.a(_exit.o)
 *fill*         0x000000000002625a        0x2 
 .text._exit    0x000000000002625c        0x4 /usr/local/gcc_arm/gcc-arm-none-eabi-4_9-2015q3/bin/../lib/gcc/arm-none-eabi/4.9.3/../../../../arm-none-eabi/lib/armv6-m/libnosys.a(_exit.o)
                0x000000000002625c                _exit
 *(.init)
 .init          0x0000000000026260        0x4 /usr/local/gcc_arm/gcc-arm-none-eabi-4_9-2015q3/bin/../lib/gcc/arm-none-eabi/4.9.3/armv6-m/crti.o
                0x0000000000026260                _init
 .init          0x0000000000026264        0x8 /usr/local/gcc_arm/gcc-arm-none-eabi-4_9-2015q3/bin/../lib/gcc/arm-none-eabi/4.9.3/armv6-m/crtn.o
 *(.fini)
 .fini          0x000000000002626c        0x4 /usr/local/gcc_arm/gcc-arm-none-eabi-4_9-2015q3/bin/../lib/gcc/arm-none-eabi/4.9.3/armv6-m/crti.o
                0x000000000002626c                _fini
 .fini          0x0000000000026270        0x8 /usr/local/gcc_arm/gcc-arm-none-eabi-4_9-2015q3/bin/../lib/gcc/arm-none-eabi/4.9.3/armv6-m/crtn.o
 *crtbegin.o(.ctors)
 *crtbegin?.o(.ctors)
 *(EXCLUDE_FILE(*crtend.o *crtend?.o) .ctors)
 *(SORT(.ctors.*))
 *(.ctors)
 *crtbegin.o(.dtors)
 *crtbegin?.o(.dtors)
 *(EXCLUDE_FILE(*crtend.o *crtend?.o) .dtors)
 *(SORT(.dtors.*))
 *(.dtors)
 *(.rodata*)
 .rodata        0x0000000000026278       0x17 ./src/SEGGER_RTT.o
 *fill*         0x000000000002628f        0x1 
 .rodata        0x0000000000026290       0x10 ./src/SEGGER_RTT_printf.o
 .rodata        0x00000000000262a0       0x20 ./src/main.o
 .rodata        0x00000000000262c0       0x90 ./nrf51_sdk/examples/bsp/bsp.o
 .rodata        0x0000000000026350       0x52 ./nrf51_sdk/components/softdevice/common/softdevice_handler/softdevice_handler.o
 *fill*         0x00000000000263a2        0x2 
 .rodata        0x00000000000263a4       0x34 ./nrf51_sdk/components/libraries/timer/app_timer.o
 .rodata        0x00000000000263d8       0x14 ./nrf51_sdk/components/drivers_nrf/uart/app_uart.o
 .rodata        0x00000000000263ec       0x28 ./nrf51_sdk/components/drivers_nrf/pstorage/pstorage.o
 .rodata        0x0000000000026414      0x188 ./nrf51_sdk/components/ble/device_manager/device_manager_peripheral.o
                0x0000000000026414                m_service_context_store
                0x0000000000026424                m_service_context_load
                0x0000000000026434                m_service_context_apply
                0x0000000000026444                m_context_init_len
 .rodata        0x000000000002659c       0x4c ./nrf51_sdk/components/ble/common/ble_srv_common.o
 .rodata.str1.1
                0x00000000000265e8        0x2 /usr/local/gcc_arm/gcc-arm-none-eabi-4_9-2015q3/bin/../lib/gcc/arm-none-eabi/4.9.3/../../../../arm-none-eabi/lib/armv6-m/libg_nano.a(lib_a-impure.o)
 *fill*         0x00000000000265ea        0x2 
 .rodata._global_impure_ptr
                0x00000000000265ec        0x4 /usr/local/gcc_arm/gcc-arm-none-eabi-4_9-2015q3/bin/../lib/gcc/arm-none-eabi/4.9.3/../../../../arm-none-eabi/lib/armv6-m/libg_nano.a(lib_a-impure.o)
                0x00000000000265ec                _global_impure_ptr
 *(.eh_frame*)
 .eh_frame      0x00000000000265f0        0x0 /usr/local/gcc_arm/gcc-arm-none-eabi-4_9-2015q3/bin/../lib/gcc/arm-none-eabi/4.9.3/armv6-m/crtbegin.o
 .eh_frame      0x00000000000265f0        0x4 /usr/local/gcc_arm/gcc-arm-none-eabi-4_9-2015q3/bin/../lib/gcc/arm-none-eabi/4.9.3/armv6-m/crtend.o

.glue_7         0x00000000000265f4        0x0
 .glue_7        0x0000000000000000        0x0 linker stubs

.glue_7t        0x00000000000265f4        0x0
 .glue_7t       0x0000000000000000        0x0 linker stubs

.vfp11_veneer   0x00000000000265f4        0x0
 .vfp11_veneer  0x0000000000000000        0x0 linker stubs

.v4_bx          0x00000000000265f4        0x0
 .v4_bx         0x0000000000000000        0x0 linker stubs

.iplt           0x00000000000265f4        0x0
 .iplt          0x0000000000000000        0x0 /usr/local/gcc_arm/gcc-arm-none-eabi-4_9-2015q3/bin/../lib/gcc/arm-none-eabi/4.9.3/armv6-m/crtbegin.o

.ARM.extab      0x00000000000265f4        0x0
 *(.ARM.extab* .gnu.linkonce.armextab.*)
 .ARM.extab     0x00000000000265f4        0x0 /usr/local/gcc_arm/gcc-arm-none-eabi-4_9-2015q3/bin/../lib/gcc/arm-none-eabi/4.9.3/../../../../arm-none-eabi/lib/armv6-m/crt0.o
 .ARM.extab     0x00000000000265f4        0x0 ./nrf51_sdk/components/toolchain/gcc/gcc_startup_nrf51.o
                0x00000000000265f4                __exidx_start = .

.ARM.exidx      0x00000000000265f4        0x8
 *(.ARM.exidx* .gnu.linkonce.armexidx.*)
 .ARM.exidx     0x00000000000265f4        0x8 /usr/local/gcc_arm/gcc-arm-none-eabi-4_9-2015q3/bin/../lib/gcc/arm-none-eabi/4.9.3/../../../../arm-none-eabi/lib/armv6-m/crt0.o
 .ARM.exidx     0x00000000000265fc        0x0 ./nrf51_sdk/components/toolchain/gcc/gcc_startup_nrf51.o
                                          0x8 (size before relaxing)
                0x00000000000265fc                __exidx_end = .
                0x00000000000265fc                __etext = .

.rel.dyn        0x00000000000265fc        0x0
 .rel.iplt      0x0000000000000000        0x0 /usr/local/gcc_arm/gcc-arm-none-eabi-4_9-2015q3/bin/../lib/gcc/arm-none-eabi/4.9.3/armv6-m/crtbegin.o

.data           0x0000000020002000       0x98 load address 0x00000000000265fc
                0x0000000020002000                __data_start__ = .
 *(vtable)
 *(.data*)
 .data          0x0000000020002000        0x0 /usr/local/gcc_arm/gcc-arm-none-eabi-4_9-2015q3/bin/../lib/gcc/arm-none-eabi/4.9.3/armv6-m/crti.o
 .data          0x0000000020002000        0x4 /usr/local/gcc_arm/gcc-arm-none-eabi-4_9-2015q3/bin/../lib/gcc/arm-none-eabi/4.9.3/armv6-m/crtbegin.o
                0x0000000020002000                __dso_handle
 .data          0x0000000020002004        0x0 /usr/local/gcc_arm/gcc-arm-none-eabi-4_9-2015q3/bin/../lib/gcc/arm-none-eabi/4.9.3/../../../../arm-none-eabi/lib/armv6-m/crt0.o
 .data          0x0000000020002004       0x10 ./src/SEGGER_RTT.o
 .data          0x0000000020002014        0x0 ./src/SEGGER_RTT_printf.o
 .data          0x0000000020002014        0x8 ./src/main.o
 .data          0x000000002000201c        0x0 ./nrf51_sdk/examples/bsp/bsp.o
 .data          0x000000002000201c        0x0 ./nrf51_sdk/examples/bsp/bsp_btn_ble.o
 .data          0x000000002000201c        0x0 ./nrf51_sdk/components/toolchain/gcc/gcc_startup_nrf51.o
 .data          0x000000002000201c        0x4 ./nrf51_sdk/components/toolchain/system_nrf51.o
                0x000000002000201c                SystemCoreClock
 .data          0x0000000020002020        0x0 ./nrf51_sdk/components/softdevice/common/softdevice_handler/softdevice_handler.o
 .data          0x0000000020002020        0x0 ./nrf51_sdk/components/libraries/util/app_error.o
 .data          0x0000000020002020        0x0 ./nrf51_sdk/components/libraries/util/app_util_platform.o
 .data          0x0000000020002020        0x0 ./nrf51_sdk/components/libraries/util/nrf_assert.o
 .data          0x0000000020002020        0x0 ./nrf51_sdk/components/libraries/uart/retarget.o
 .data          0x0000000020002020        0x0 ./nrf51_sdk/components/libraries/trace/app_trace.o
 .data          0x0000000020002020        0x0 ./nrf51_sdk/components/libraries/timer/app_timer.o
 .data          0x0000000020002020        0x0 ./nrf51_sdk/components/libraries/button/app_button.o
 .data          0x0000000020002020        0x3 ./nrf51_sdk/components/drivers_nrf/uart/app_uart.o
 .data          0x0000000020002023        0x0 ./nrf51_sdk/components/drivers_nrf/pstorage/pstorage.o
 .data          0x0000000020002023        0x0 ./nrf51_sdk/components/drivers_nrf/hal/nrf_delay.o
 .data          0x0000000020002023        0x0 ./nrf51_sdk/components/drivers_nrf/gpiote/nrf_drv_gpiote.o
 .data          0x0000000020002023        0x0 ./nrf51_sdk/components/drivers_nrf/common/nrf_drv_common.o
 .data          0x0000000020002023        0x0 ./nrf51_sdk/components/ble/device_manager/device_manager_peripheral.o
 .data          0x0000000020002023        0x0 ./nrf51_sdk/components/ble/common/ble_advdata.o
 .data          0x0000000020002023        0x0 ./nrf51_sdk/components/ble/common/ble_conn_params.o
 .data          0x0000000020002023        0x0 ./nrf51_sdk/components/ble/common/ble_srv_common.o
 *fill*         0x0000000020002023        0x1 
 .data          0x0000000020002024        0x2 ./nrf51_sdk/components/ble/ble_advertising/ble_advertising.o
 .data          0x0000000020002026        0x0 /usr/local/gcc_arm/gcc-arm-none-eabi-4_9-2015q3/bin/../lib/gcc/arm-none-eabi/4.9.3/armv6-m/libgcc.a(_udivsi3.o)
 .data          0x0000000020002026        0x0 /usr/local/gcc_arm/gcc-arm-none-eabi-4_9-2015q3/bin/../lib/gcc/arm-none-eabi/4.9.3/armv6-m/libgcc.a(_divsi3.o)
 .data          0x0000000020002026        0x0 /usr/local/gcc_arm/gcc-arm-none-eabi-4_9-2015q3/bin/../lib/gcc/arm-none-eabi/4.9.3/armv6-m/libgcc.a(_dvmd_tls.o)
 .data          0x0000000020002026        0x0 /usr/local/gcc_arm/gcc-arm-none-eabi-4_9-2015q3/bin/../lib/gcc/arm-none-eabi/4.9.3/../../../../arm-none-eabi/lib/armv6-m/libg_nano.a(lib_a-exit.o)
 .data          0x0000000020002026        0x0 /usr/local/gcc_arm/gcc-arm-none-eabi-4_9-2015q3/bin/../lib/gcc/arm-none-eabi/4.9.3/../../../../arm-none-eabi/lib/armv6-m/libg_nano.a(lib_a-impure.o)
 *fill*         0x0000000020002026        0x2 
 .data.impure_data
                0x0000000020002028       0x60 /usr/local/gcc_arm/gcc-arm-none-eabi-4_9-2015q3/bin/../lib/gcc/arm-none-eabi/4.9.3/../../../../arm-none-eabi/lib/armv6-m/libg_nano.a(lib_a-impure.o)
 .data._impure_ptr
                0x0000000020002088        0x4 /usr/local/gcc_arm/gcc-arm-none-eabi-4_9-2015q3/bin/../lib/gcc/arm-none-eabi/4.9.3/../../../../arm-none-eabi/lib/armv6-m/libg_nano.a(lib_a-impure.o)
                0x0000000020002088                _impure_ptr
 .data          0x000000002000208c        0x0 /usr/local/gcc_arm/gcc-arm-none-eabi-4_9-2015q3/bin/../lib/gcc/arm-none-eabi/4.9.3/../../../../arm-none-eabi/lib/armv6-m/libg_nano.a(lib_a-init.o)
 .data          0x000000002000208c        0x0 /usr/local/gcc_arm/gcc-arm-none-eabi-4_9-2015q3/bin/../lib/gcc/arm-none-eabi/4.9.3/../../../../arm-none-eabi/lib/armv6-m/libg_nano.a(lib_a-memcmp.o)
 .data          0x000000002000208c        0x0 /usr/local/gcc_arm/gcc-arm-none-eabi-4_9-2015q3/bin/../lib/gcc/arm-none-eabi/4.9.3/../../../../arm-none-eabi/lib/armv6-m/libg_nano.a(lib_a-memcpy.o)
 .data          0x000000002000208c        0x0 /usr/local/gcc_arm/gcc-arm-none-eabi-4_9-2015q3/bin/../lib/gcc/arm-none-eabi/4.9.3/../../../../arm-none-eabi/lib/armv6-m/libg_nano.a(lib_a-memset.o)
 .data          0x000000002000208c        0x0 /usr/local/gcc_arm/gcc-arm-none-eabi-4_9-2015q3/bin/../lib/gcc/arm-none-eabi/4.9.3/../../../../arm-none-eabi/lib/armv6-m/libg_nano.a(lib_a-strlen.o)
 .data          0x000000002000208c        0x0 /usr/local/gcc_arm/gcc-arm-none-eabi-4_9-2015q3/bin/../lib/gcc/arm-none-eabi/4.9.3/armv6-m/crtend.o
 .data          0x000000002000208c        0x0 /usr/local/gcc_arm/gcc-arm-none-eabi-4_9-2015q3/bin/../lib/gcc/arm-none-eabi/4.9.3/armv6-m/crtn.o
 .data          0x000000002000208c        0x0 /usr/local/gcc_arm/gcc-arm-none-eabi-4_9-2015q3/bin/../lib/gcc/arm-none-eabi/4.9.3/../../../../arm-none-eabi/lib/armv6-m/libnosys.a(_exit.o)
                0x000000002000208c                . = ALIGN (0x4)
                0x000000002000208c                PROVIDE (__preinit_array_start, .)
 *(.preinit_array)
                0x000000002000208c                PROVIDE (__preinit_array_end, .)
                0x000000002000208c                . = ALIGN (0x4)
                0x000000002000208c                PROVIDE (__init_array_start, .)
 *(SORT(.init_array.*))
 *(.init_array)
 .init_array    0x000000002000208c        0x4 /usr/local/gcc_arm/gcc-arm-none-eabi-4_9-2015q3/bin/../lib/gcc/arm-none-eabi/4.9.3/armv6-m/crtbegin.o
                0x0000000020002090                PROVIDE (__init_array_end, .)
                0x0000000020002090                . = ALIGN (0x4)
                0x0000000020002090                PROVIDE (__fini_array_start, .)
 *(SORT(.fini_array.*))
 *(.fini_array)
 .fini_array    0x0000000020002090        0x4 /usr/local/gcc_arm/gcc-arm-none-eabi-4_9-2015q3/bin/../lib/gcc/arm-none-eabi/4.9.3/armv6-m/crtbegin.o
                0x0000000020002094                PROVIDE (__fini_array_end, .)
 *(.jcr)
 .jcr           0x0000000020002094        0x0 /usr/local/gcc_arm/gcc-arm-none-eabi-4_9-2015q3/bin/../lib/gcc/arm-none-eabi/4.9.3/armv6-m/crtbegin.o
 .jcr           0x0000000020002094        0x4 /usr/local/gcc_arm/gcc-arm-none-eabi-4_9-2015q3/bin/../lib/gcc/arm-none-eabi/4.9.3/armv6-m/crtend.o
                0x0000000020002098                . = ALIGN (0x4)
                0x0000000020002098                __data_end__ = .

.igot.plt       0x0000000020002098        0x0 load address 0x0000000000026694
 .igot.plt      0x0000000000000000        0x0 /usr/local/gcc_arm/gcc-arm-none-eabi-4_9-2015q3/bin/../lib/gcc/arm-none-eabi/4.9.3/armv6-m/crtbegin.o

.bss            0x0000000020002098      0xdbc load address 0x0000000000026694
                0x0000000020002098                . = ALIGN (0x4)
                0x0000000020002098                __bss_start__ = .
 *(.bss*)
 .bss           0x0000000020002098        0x0 /usr/local/gcc_arm/gcc-arm-none-eabi-4_9-2015q3/bin/../lib/gcc/arm-none-eabi/4.9.3/armv6-m/crti.o
 .bss           0x0000000020002098       0x1c /usr/local/gcc_arm/gcc-arm-none-eabi-4_9-2015q3/bin/../lib/gcc/arm-none-eabi/4.9.3/armv6-m/crtbegin.o
 .bss           0x00000000200020b4        0x0 /usr/local/gcc_arm/gcc-arm-none-eabi-4_9-2015q3/bin/../lib/gcc/arm-none-eabi/4.9.3/../../../../arm-none-eabi/lib/armv6-m/crt0.o
 .bss           0x00000000200020b4      0x411 ./src/SEGGER_RTT.o
 .bss           0x00000000200024c5        0x0 ./src/SEGGER_RTT_printf.o
 *fill*         0x00000000200024c5        0x3 
 .bss           0x00000000200024c8      0x37c ./src/main.o
 .bss           0x0000000020002844       0x30 ./nrf51_sdk/examples/bsp/bsp.o
 .bss           0x0000000020002874        0x8 ./nrf51_sdk/examples/bsp/bsp_btn_ble.o
 .bss           0x000000002000287c        0x0 ./nrf51_sdk/components/toolchain/gcc/gcc_startup_nrf51.o
 .bss           0x000000002000287c        0x0 ./nrf51_sdk/components/toolchain/system_nrf51.o
 .bss           0x000000002000287c       0x18 ./nrf51_sdk/components/softdevice/common/softdevice_handler/softdevice_handler.o
 .bss           0x0000000020002894        0x0 ./nrf51_sdk/components/libraries/util/app_error.o
 .bss           0x0000000020002894        0x4 ./nrf51_sdk/components/libraries/util/app_util_platform.o
 .bss           0x0000000020002898        0x0 ./nrf51_sdk/components/libraries/util/nrf_assert.o
 .bss           0x0000000020002898        0x0 ./nrf51_sdk/components/libraries/uart/retarget.o
 .bss           0x0000000020002898        0x0 ./nrf51_sdk/components/libraries/trace/app_trace.o
 .bss           0x0000000020002898       0x2a ./nrf51_sdk/components/libraries/timer/app_timer.o
 *fill*         0x00000000200028c2        0x2 
 .bss           0x00000000200028c4       0x18 ./nrf51_sdk/components/libraries/button/app_button.o
 .bss           0x00000000200028dc        0x9 ./nrf51_sdk/components/drivers_nrf/uart/app_uart.o
 *fill*         0x00000000200028e5        0x3 
 .bss           0x00000000200028e8      0x10c ./nrf51_sdk/components/drivers_nrf/pstorage/pstorage.o
 .bss           0x00000000200029f4        0x0 ./nrf51_sdk/components/drivers_nrf/hal/nrf_delay.o
 .bss           0x00000000200029f4       0x4c ./nrf51_sdk/components/drivers_nrf/gpiote/nrf_drv_gpiote.o
 .bss           0x0000000020002a40        0x0 ./nrf51_sdk/components/drivers_nrf/common/nrf_drv_common.o
 .bss           0x0000000020002a40      0x163 ./nrf51_sdk/components/ble/device_manager/device_manager_peripheral.o
 .bss           0x0000000020002ba3        0x0 ./nrf51_sdk/components/ble/common/ble_advdata.o
 *fill*         0x0000000020002ba3        0x1 
 .bss           0x0000000020002ba4       0x35 ./nrf51_sdk/components/ble/common/ble_conn_params.o
 .bss           0x0000000020002bd9        0x0 ./nrf51_sdk/components/ble/common/ble_srv_common.o
 *fill*         0x0000000020002bd9        0x3 
 .bss           0x0000000020002bdc      0x121 ./nrf51_sdk/components/ble/ble_advertising/ble_advertising.o
 .bss           0x0000000020002cfd        0x0 /usr/local/gcc_arm/gcc-arm-none-eabi-4_9-2015q3/bin/../lib/gcc/arm-none-eabi/4.9.3/armv6-m/libgcc.a(_udivsi3.o)
 .bss           0x0000000020002cfd        0x0 /usr/local/gcc_arm/gcc-arm-none-eabi-4_9-2015q3/bin/../lib/gcc/arm-none-eabi/4.9.3/armv6-m/libgcc.a(_divsi3.o)
 .bss           0x0000000020002cfd        0x0 /usr/local/gcc_arm/gcc-arm-none-eabi-4_9-2015q3/bin/../lib/gcc/arm-none-eabi/4.9.3/armv6-m/libgcc.a(_dvmd_tls.o)
 .bss           0x0000000020002cfd        0x0 /usr/local/gcc_arm/gcc-arm-none-eabi-4_9-2015q3/bin/../lib/gcc/arm-none-eabi/4.9.3/../../../../arm-none-eabi/lib/armv6-m/libg_nano.a(lib_a-exit.o)
 .bss           0x0000000020002cfd        0x0 /usr/local/gcc_arm/gcc-arm-none-eabi-4_9-2015q3/bin/../lib/gcc/arm-none-eabi/4.9.3/../../../../arm-none-eabi/lib/armv6-m/libg_nano.a(lib_a-impure.o)
 .bss           0x0000000020002cfd        0x0 /usr/local/gcc_arm/gcc-arm-none-eabi-4_9-2015q3/bin/../lib/gcc/arm-none-eabi/4.9.3/../../../../arm-none-eabi/lib/armv6-m/libg_nano.a(lib_a-init.o)
 .bss           0x0000000020002cfd        0x0 /usr/local/gcc_arm/gcc-arm-none-eabi-4_9-2015q3/bin/../lib/gcc/arm-none-eabi/4.9.3/../../../../arm-none-eabi/lib/armv6-m/libg_nano.a(lib_a-memcmp.o)
 .bss           0x0000000020002cfd        0x0 /usr/local/gcc_arm/gcc-arm-none-eabi-4_9-2015q3/bin/../lib/gcc/arm-none-eabi/4.9.3/../../../../arm-none-eabi/lib/armv6-m/libg_nano.a(lib_a-memcpy.o)
 .bss           0x0000000020002cfd        0x0 /usr/local/gcc_arm/gcc-arm-none-eabi-4_9-2015q3/bin/../lib/gcc/arm-none-eabi/4.9.3/../../../../arm-none-eabi/lib/armv6-m/libg_nano.a(lib_a-memset.o)
 .bss           0x0000000020002cfd        0x0 /usr/local/gcc_arm/gcc-arm-none-eabi-4_9-2015q3/bin/../lib/gcc/arm-none-eabi/4.9.3/../../../../arm-none-eabi/lib/armv6-m/libg_nano.a(lib_a-strlen.o)
 .bss           0x0000000020002cfd        0x0 /usr/local/gcc_arm/gcc-arm-none-eabi-4_9-2015q3/bin/../lib/gcc/arm-none-eabi/4.9.3/armv6-m/crtend.o
 .bss           0x0000000020002cfd        0x0 /usr/local/gcc_arm/gcc-arm-none-eabi-4_9-2015q3/bin/../lib/gcc/arm-none-eabi/4.9.3/armv6-m/crtn.o
 .bss           0x0000000020002cfd        0x0 /usr/local/gcc_arm/gcc-arm-none-eabi-4_9-2015q3/bin/../lib/gcc/arm-none-eabi/4.9.3/../../../../arm-none-eabi/lib/armv6-m/libnosys.a(_exit.o)
 *(COMMON)
 *fill*         0x0000000020002cfd        0x3 
 COMMON         0x0000000020002d00       0x78 ./src/SEGGER_RTT.o
                0x0000000020002d00                _SEGGER_RTT
 COMMON         0x0000000020002d78        0xc ./nrf51_sdk/components/libraries/util/app_error.o
                0x0000000020002d78                m_p_file_name
                0x0000000020002d7c                m_error_code
                0x0000000020002d80                m_line_num
 COMMON         0x0000000020002d84       0xd0 ./nrf51_sdk/components/libraries/uart/retarget.o
                0x0000000020002d84                __stdin
                0x0000000020002dec                __stdout
                0x0000000020002e54                . = ALIGN (0x4)
                0x0000000020002e54                __bss_end__ = .

.heap           0x0000000020002e58      0x800
                0x0000000020002e58                __end__ = .
                0x0000000020002e58                end = __end__
 *(.heap*)
 .heap          0x0000000020002e58      0x800 ./nrf51_sdk/components/toolchain/gcc/gcc_startup_nrf51.o
                0x0000000020002e58                __HeapBase
                0x0000000020003658                __HeapLimit = .

.stack_dummy    0x0000000020002e58      0x800
 *(.stack*)
 .stack         0x0000000020002e58      0x800 ./nrf51_sdk/components/toolchain/gcc/gcc_startup_nrf51.o
                0x0000000020008000                __StackTop = (ORIGIN (RAM) + 0x6000)
                0x0000000020007800                __StackLimit = (__StackTop - SIZEOF (.stack_dummy))
                0x0000000020008000                PROVIDE (__stack, __StackTop)
                0x0000000000000001                ASSERT ((__StackLimit >= __HeapLimit), region RAM overflowed with stack)
OUTPUT(pixwatch.elf elf32-littlearm)

.ARM.attributes
                0x0000000000000000       0x28
 .ARM.attributes
                0x0000000000000000       0x1e /usr/local/gcc_arm/gcc-arm-none-eabi-4_9-2015q3/bin/../lib/gcc/arm-none-eabi/4.9.3/armv6-m/crti.o
 .ARM.attributes
                0x000000000000001e       0x2c /usr/local/gcc_arm/gcc-arm-none-eabi-4_9-2015q3/bin/../lib/gcc/arm-none-eabi/4.9.3/armv6-m/crtbegin.o
 .ARM.attributes
                0x000000000000004a       0x1b /usr/local/gcc_arm/gcc-arm-none-eabi-4_9-2015q3/bin/../lib/gcc/arm-none-eabi/4.9.3/../../../../arm-none-eabi/lib/armv6-m/crt0.o
 .ARM.attributes
                0x0000000000000065       0x31 ./src/SEGGER_RTT.o
 .ARM.attributes
                0x0000000000000096       0x31 ./src/SEGGER_RTT_printf.o
 .ARM.attributes
                0x00000000000000c7       0x31 ./src/main.o
 .ARM.attributes
                0x00000000000000f8       0x31 ./nrf51_sdk/examples/bsp/bsp.o
 .ARM.attributes
                0x0000000000000129       0x31 ./nrf51_sdk/examples/bsp/bsp_btn_ble.o
 .ARM.attributes
                0x000000000000015a       0x1b ./nrf51_sdk/components/toolchain/gcc/gcc_startup_nrf51.o
 .ARM.attributes
                0x0000000000000175       0x31 ./nrf51_sdk/components/toolchain/system_nrf51.o
 .ARM.attributes
                0x00000000000001a6       0x31 ./nrf51_sdk/components/softdevice/common/softdevice_handler/softdevice_handler.o
 .ARM.attributes
                0x00000000000001d7       0x31 ./nrf51_sdk/components/libraries/util/app_error.o
 .ARM.attributes
                0x0000000000000208       0x31 ./nrf51_sdk/components/libraries/util/app_util_platform.o
 .ARM.attributes
                0x0000000000000239       0x31 ./nrf51_sdk/components/libraries/util/nrf_assert.o
 .ARM.attributes
                0x000000000000026a       0x31 ./nrf51_sdk/components/libraries/uart/retarget.o
 .ARM.attributes
                0x000000000000029b       0x31 ./nrf51_sdk/components/libraries/trace/app_trace.o
 .ARM.attributes
                0x00000000000002cc       0x31 ./nrf51_sdk/components/libraries/timer/app_timer.o
 .ARM.attributes
                0x00000000000002fd       0x31 ./nrf51_sdk/components/libraries/button/app_button.o
 .ARM.attributes
                0x000000000000032e       0x31 ./nrf51_sdk/components/drivers_nrf/uart/app_uart.o
 .ARM.attributes
                0x000000000000035f       0x31 ./nrf51_sdk/components/drivers_nrf/pstorage/pstorage.o
 .ARM.attributes
                0x0000000000000390       0x31 ./nrf51_sdk/components/drivers_nrf/hal/nrf_delay.o
 .ARM.attributes
                0x00000000000003c1       0x31 ./nrf51_sdk/components/drivers_nrf/gpiote/nrf_drv_gpiote.o
 .ARM.attributes
                0x00000000000003f2       0x31 ./nrf51_sdk/components/drivers_nrf/common/nrf_drv_common.o
 .ARM.attributes
                0x0000000000000423       0x31 ./nrf51_sdk/components/ble/device_manager/device_manager_peripheral.o
 .ARM.attributes
                0x0000000000000454       0x31 ./nrf51_sdk/components/ble/common/ble_advdata.o
 .ARM.attributes
                0x0000000000000485       0x31 ./nrf51_sdk/components/ble/common/ble_conn_params.o
 .ARM.attributes
                0x00000000000004b6       0x31 ./nrf51_sdk/components/ble/common/ble_srv_common.o
 .ARM.attributes
                0x00000000000004e7       0x31 ./nrf51_sdk/components/ble/ble_advertising/ble_advertising.o
 .ARM.attributes
                0x0000000000000518       0x1e /usr/local/gcc_arm/gcc-arm-none-eabi-4_9-2015q3/bin/../lib/gcc/arm-none-eabi/4.9.3/armv6-m/libgcc.a(_udivsi3.o)
 .ARM.attributes
                0x0000000000000536       0x1e /usr/local/gcc_arm/gcc-arm-none-eabi-4_9-2015q3/bin/../lib/gcc/arm-none-eabi/4.9.3/armv6-m/libgcc.a(_divsi3.o)
 .ARM.attributes
                0x0000000000000554       0x1e /usr/local/gcc_arm/gcc-arm-none-eabi-4_9-2015q3/bin/../lib/gcc/arm-none-eabi/4.9.3/armv6-m/libgcc.a(_dvmd_tls.o)
 .ARM.attributes
                0x0000000000000572       0x2c /usr/local/gcc_arm/gcc-arm-none-eabi-4_9-2015q3/bin/../lib/gcc/arm-none-eabi/4.9.3/../../../../arm-none-eabi/lib/armv6-m/libg_nano.a(lib_a-exit.o)
 .ARM.attributes
                0x000000000000059e       0x2c /usr/local/gcc_arm/gcc-arm-none-eabi-4_9-2015q3/bin/../lib/gcc/arm-none-eabi/4.9.3/../../../../arm-none-eabi/lib/armv6-m/libg_nano.a(lib_a-impure.o)
 .ARM.attributes
                0x00000000000005ca       0x2c /usr/local/gcc_arm/gcc-arm-none-eabi-4_9-2015q3/bin/../lib/gcc/arm-none-eabi/4.9.3/../../../../arm-none-eabi/lib/armv6-m/libg_nano.a(lib_a-init.o)
 .ARM.attributes
                0x00000000000005f6       0x2c /usr/local/gcc_arm/gcc-arm-none-eabi-4_9-2015q3/bin/../lib/gcc/arm-none-eabi/4.9.3/../../../../arm-none-eabi/lib/armv6-m/libg_nano.a(lib_a-memcmp.o)
 .ARM.attributes
                0x0000000000000622       0x2c /usr/local/gcc_arm/gcc-arm-none-eabi-4_9-2015q3/bin/../lib/gcc/arm-none-eabi/4.9.3/../../../../arm-none-eabi/lib/armv6-m/libg_nano.a(lib_a-memcpy.o)
 .ARM.attributes
                0x000000000000064e       0x2c /usr/local/gcc_arm/gcc-arm-none-eabi-4_9-2015q3/bin/../lib/gcc/arm-none-eabi/4.9.3/../../../../arm-none-eabi/lib/armv6-m/libg_nano.a(lib_a-memset.o)
 .ARM.attributes
                0x000000000000067a       0x2c /usr/local/gcc_arm/gcc-arm-none-eabi-4_9-2015q3/bin/../lib/gcc/arm-none-eabi/4.9.3/../../../../arm-none-eabi/lib/armv6-m/libg_nano.a(lib_a-strlen.o)
 .ARM.attributes
                0x00000000000006a6       0x2c /usr/local/gcc_arm/gcc-arm-none-eabi-4_9-2015q3/bin/../lib/gcc/arm-none-eabi/4.9.3/armv6-m/crtend.o
 .ARM.attributes
                0x00000000000006d2       0x1e /usr/local/gcc_arm/gcc-arm-none-eabi-4_9-2015q3/bin/../lib/gcc/arm-none-eabi/4.9.3/armv6-m/crtn.o
 .ARM.attributes
                0x00000000000006f0       0x2c /usr/local/gcc_arm/gcc-arm-none-eabi-4_9-2015q3/bin/../lib/gcc/arm-none-eabi/4.9.3/../../../../arm-none-eabi/lib/armv6-m/libnosys.a(_exit.o)

.comment        0x0000000000000000       0x70
 .comment       0x0000000000000000       0x70 ./src/SEGGER_RTT.o
                                         0x71 (size before relaxing)
 .comment       0x0000000000000000       0x71 ./src/SEGGER_RTT_printf.o
 .comment       0x0000000000000000       0x71 ./src/main.o
 .comment       0x0000000000000000       0x71 ./nrf51_sdk/examples/bsp/bsp.o
 .comment       0x0000000000000000       0x71 ./nrf51_sdk/examples/bsp/bsp_btn_ble.o
 .comment       0x0000000000000000       0x71 ./nrf51_sdk/components/toolchain/system_nrf51.o
 .comment       0x0000000000000000       0x71 ./nrf51_sdk/components/softdevice/common/softdevice_handler/softdevice_handler.o
 .comment       0x0000000000000000       0x71 ./nrf51_sdk/components/libraries/util/app_error.o
 .comment       0x0000000000000000       0x71 ./nrf51_sdk/components/libraries/util/app_util_platform.o
 .comment       0x0000000000000000       0x71 ./nrf51_sdk/components/libraries/util/nrf_assert.o
 .comment       0x0000000000000000       0x71 ./nrf51_sdk/components/libraries/uart/retarget.o
 .comment       0x0000000000000000       0x71 ./nrf51_sdk/components/libraries/trace/app_trace.o
 .comment       0x0000000000000000       0x71 ./nrf51_sdk/components/libraries/timer/app_timer.o
 .comment       0x0000000000000000       0x71 ./nrf51_sdk/components/libraries/button/app_button.o
 .comment       0x0000000000000000       0x71 ./nrf51_sdk/components/drivers_nrf/uart/app_uart.o
 .comment       0x0000000000000000       0x71 ./nrf51_sdk/components/drivers_nrf/pstorage/pstorage.o
 .comment       0x0000000000000000       0x71 ./nrf51_sdk/components/drivers_nrf/hal/nrf_delay.o
 .comment       0x0000000000000000       0x71 ./nrf51_sdk/components/drivers_nrf/gpiote/nrf_drv_gpiote.o
 .comment       0x0000000000000000       0x71 ./nrf51_sdk/components/drivers_nrf/common/nrf_drv_common.o
 .comment       0x0000000000000000       0x71 ./nrf51_sdk/components/ble/device_manager/device_manager_peripheral.o
 .comment       0x0000000000000000       0x71 ./nrf51_sdk/components/ble/common/ble_advdata.o
 .comment       0x0000000000000000       0x71 ./nrf51_sdk/components/ble/common/ble_conn_params.o
 .comment       0x0000000000000000       0x71 ./nrf51_sdk/components/ble/common/ble_srv_common.o
 .comment       0x0000000000000000       0x71 ./nrf51_sdk/components/ble/ble_advertising/ble_advertising.o

.debug_info     0x0000000000000000    0x27965
 .debug_info    0x0000000000000000      0xa10 ./src/SEGGER_RTT.o
 .debug_info    0x0000000000000a10      0x3e5 ./src/SEGGER_RTT_printf.o
 .debug_info    0x0000000000000df5     0x4855 ./src/main.o
 .debug_info    0x000000000000564a      0x93d ./nrf51_sdk/examples/bsp/bsp.o
 .debug_info    0x0000000000005f87     0x2d28 ./nrf51_sdk/examples/bsp/bsp_btn_ble.o
 .debug_info    0x0000000000008caf       0x94 ./nrf51_sdk/components/toolchain/gcc/gcc_startup_nrf51.o
 .debug_info    0x0000000000008d43      0x1b1 ./nrf51_sdk/components/toolchain/system_nrf51.o
 .debug_info    0x0000000000008ef4     0x3b7d ./nrf51_sdk/components/softdevice/common/softdevice_handler/softdevice_handler.o
 .debug_info    0x000000000000ca71      0x1f8 ./nrf51_sdk/components/libraries/util/app_error.o
 .debug_info    0x000000000000cc69      0xe2b ./nrf51_sdk/components/libraries/util/app_util_platform.o
 .debug_info    0x000000000000da94       0x68 ./nrf51_sdk/components/libraries/util/nrf_assert.o
 .debug_info    0x000000000000dafc     0x1675 ./nrf51_sdk/components/libraries/uart/retarget.o
 .debug_info    0x000000000000f171       0x76 ./nrf51_sdk/components/libraries/trace/app_trace.o
 .debug_info    0x000000000000f1e7     0x1fe9 ./nrf51_sdk/components/libraries/timer/app_timer.o
 .debug_info    0x00000000000111d0      0x42f ./nrf51_sdk/components/libraries/button/app_button.o
 .debug_info    0x00000000000115ff     0x1b03 ./nrf51_sdk/components/drivers_nrf/uart/app_uart.o
 .debug_info    0x0000000000013102     0x1e83 ./nrf51_sdk/components/drivers_nrf/pstorage/pstorage.o
 .debug_info    0x0000000000014f85      0x105 ./nrf51_sdk/components/drivers_nrf/hal/nrf_delay.o
 .debug_info    0x000000000001508a     0x1fdf ./nrf51_sdk/components/drivers_nrf/gpiote/nrf_drv_gpiote.o
 .debug_info    0x0000000000017069     0x100e ./nrf51_sdk/components/drivers_nrf/common/nrf_drv_common.o
 .debug_info    0x0000000000018077     0x433f ./nrf51_sdk/components/ble/device_manager/device_manager_peripheral.o
 .debug_info    0x000000000001c3b6     0x2528 ./nrf51_sdk/components/ble/common/ble_advdata.o
 .debug_info    0x000000000001e8de     0x2fd5 ./nrf51_sdk/components/ble/common/ble_conn_params.o
 .debug_info    0x00000000000218b3     0x20c8 ./nrf51_sdk/components/ble/common/ble_srv_common.o
 .debug_info    0x000000000002397b     0x3fea ./nrf51_sdk/components/ble/ble_advertising/ble_advertising.o

.debug_abbrev   0x0000000000000000     0x3203
 .debug_abbrev  0x0000000000000000      0x1d1 ./src/SEGGER_RTT.o
 .debug_abbrev  0x00000000000001d1      0x17a ./src/SEGGER_RTT_printf.o
 .debug_abbrev  0x000000000000034b      0x33f ./src/main.o
 .debug_abbrev  0x000000000000068a      0x23a ./nrf51_sdk/examples/bsp/bsp.o
 .debug_abbrev  0x00000000000008c4      0x280 ./nrf51_sdk/examples/bsp/bsp_btn_ble.o
 .debug_abbrev  0x0000000000000b44       0x14 ./nrf51_sdk/components/toolchain/gcc/gcc_startup_nrf51.o
 .debug_abbrev  0x0000000000000b58       0xf4 ./nrf51_sdk/components/toolchain/system_nrf51.o
 .debug_abbrev  0x0000000000000c4c      0x302 ./nrf51_sdk/components/softdevice/common/softdevice_handler/softdevice_handler.o
 .debug_abbrev  0x0000000000000f4e       0xce ./nrf51_sdk/components/libraries/util/app_error.o
 .debug_abbrev  0x000000000000101c      0x179 ./nrf51_sdk/components/libraries/util/app_util_platform.o
 .debug_abbrev  0x0000000000001195       0x29 ./nrf51_sdk/components/libraries/util/nrf_assert.o
 .debug_abbrev  0x00000000000011be      0x242 ./nrf51_sdk/components/libraries/uart/retarget.o
 .debug_abbrev  0x0000000000001400       0x29 ./nrf51_sdk/components/libraries/trace/app_trace.o
 .debug_abbrev  0x0000000000001429      0x3ae ./nrf51_sdk/components/libraries/timer/app_timer.o
 .debug_abbrev  0x00000000000017d7      0x105 ./nrf51_sdk/components/libraries/button/app_button.o
 .debug_abbrev  0x00000000000018dc      0x313 ./nrf51_sdk/components/drivers_nrf/uart/app_uart.o
 .debug_abbrev  0x0000000000001bef      0x2c5 ./nrf51_sdk/components/drivers_nrf/pstorage/pstorage.o
 .debug_abbrev  0x0000000000001eb4       0xbd ./nrf51_sdk/components/drivers_nrf/hal/nrf_delay.o
 .debug_abbrev  0x0000000000001f71      0x328 ./nrf51_sdk/components/drivers_nrf/gpiote/nrf_drv_gpiote.o
 .debug_abbrev  0x0000000000002299      0x19c ./nrf51_sdk/components/drivers_nrf/common/nrf_drv_common.o
 .debug_abbrev  0x0000000000002435      0x30f ./nrf51_sdk/components/ble/device_manager/device_manager_peripheral.o
 .debug_abbrev  0x0000000000002744      0x272 ./nrf51_sdk/components/ble/common/ble_advdata.o
 .debug_abbrev  0x00000000000029b6      0x31f ./nrf51_sdk/components/ble/common/ble_conn_params.o
 .debug_abbrev  0x0000000000002cd5      0x23c ./nrf51_sdk/components/ble/common/ble_srv_common.o
 .debug_abbrev  0x0000000000002f11      0x2f2 ./nrf51_sdk/components/ble/ble_advertising/ble_advertising.o

.debug_aranges  0x0000000000000000      0x310
 .debug_aranges
                0x0000000000000000       0x20 ./src/SEGGER_RTT.o
 .debug_aranges
                0x0000000000000020       0x20 ./src/SEGGER_RTT_printf.o
 .debug_aranges
                0x0000000000000040       0x20 ./src/main.o
 .debug_aranges
                0x0000000000000060       0x20 ./nrf51_sdk/examples/bsp/bsp.o
 .debug_aranges
                0x0000000000000080       0x20 ./nrf51_sdk/examples/bsp/bsp_btn_ble.o
 .debug_aranges
                0x00000000000000a0       0x20 ./nrf51_sdk/components/toolchain/gcc/gcc_startup_nrf51.o
 .debug_aranges
                0x00000000000000c0       0x20 ./nrf51_sdk/components/toolchain/system_nrf51.o
 .debug_aranges
                0x00000000000000e0       0x20 ./nrf51_sdk/components/softdevice/common/softdevice_handler/softdevice_handler.o
 .debug_aranges
                0x0000000000000100       0x20 ./nrf51_sdk/components/libraries/util/app_error.o
 .debug_aranges
                0x0000000000000120       0x20 ./nrf51_sdk/components/libraries/util/app_util_platform.o
 .debug_aranges
                0x0000000000000140       0x18 ./nrf51_sdk/components/libraries/util/nrf_assert.o
 .debug_aranges
                0x0000000000000158       0x20 ./nrf51_sdk/components/libraries/uart/retarget.o
 .debug_aranges
                0x0000000000000178       0x18 ./nrf51_sdk/components/libraries/trace/app_trace.o
 .debug_aranges
                0x0000000000000190       0x20 ./nrf51_sdk/components/libraries/timer/app_timer.o
 .debug_aranges
                0x00000000000001b0       0x20 ./nrf51_sdk/components/libraries/button/app_button.o
 .debug_aranges
                0x00000000000001d0       0x20 ./nrf51_sdk/components/drivers_nrf/uart/app_uart.o
 .debug_aranges
                0x00000000000001f0       0x20 ./nrf51_sdk/components/drivers_nrf/pstorage/pstorage.o
 .debug_aranges
                0x0000000000000210       0x20 ./nrf51_sdk/components/drivers_nrf/hal/nrf_delay.o
 .debug_aranges
                0x0000000000000230       0x20 ./nrf51_sdk/components/drivers_nrf/gpiote/nrf_drv_gpiote.o
 .debug_aranges
                0x0000000000000250       0x20 ./nrf51_sdk/components/drivers_nrf/common/nrf_drv_common.o
 .debug_aranges
                0x0000000000000270       0x20 ./nrf51_sdk/components/ble/device_manager/device_manager_peripheral.o
 .debug_aranges
                0x0000000000000290       0x20 ./nrf51_sdk/components/ble/common/ble_advdata.o
 .debug_aranges
                0x00000000000002b0       0x20 ./nrf51_sdk/components/ble/common/ble_conn_params.o
 .debug_aranges
                0x00000000000002d0       0x20 ./nrf51_sdk/components/ble/common/ble_srv_common.o
 .debug_aranges
                0x00000000000002f0       0x20 ./nrf51_sdk/components/ble/ble_advertising/ble_advertising.o

.debug_macro    0x0000000000000000     0xe7b8
 .debug_macro   0x0000000000000000      0x102 ./src/SEGGER_RTT.o
 .debug_macro   0x0000000000000102      0x850 ./src/SEGGER_RTT.o
 .debug_macro   0x0000000000000952       0x3a ./src/SEGGER_RTT.o
 .debug_macro   0x000000000000098c      0x114 ./src/SEGGER_RTT.o
 .debug_macro   0x0000000000000aa0       0x58 ./src/SEGGER_RTT.o
 .debug_macro   0x0000000000000af8       0x22 ./src/SEGGER_RTT.o
 .debug_macro   0x0000000000000b1a       0x35 ./src/SEGGER_RTT.o
 .debug_macro   0x0000000000000b4f       0x9c ./src/SEGGER_RTT.o
 .debug_macro   0x0000000000000beb      0x166 ./src/SEGGER_RTT.o
 .debug_macro   0x0000000000000d51       0x4a ./src/SEGGER_RTT.o
 .debug_macro   0x0000000000000d9b       0x52 ./src/SEGGER_RTT.o
 .debug_macro   0x0000000000000ded       0x16 ./src/SEGGER_RTT.o
 .debug_macro   0x0000000000000e03       0x43 ./src/SEGGER_RTT.o
 .debug_macro   0x0000000000000e46      0x180 ./src/SEGGER_RTT.o
 .debug_macro   0x0000000000000fc6      0x29d ./src/SEGGER_RTT.o
 .debug_macro   0x0000000000001263       0x10 ./src/SEGGER_RTT.o
 .debug_macro   0x0000000000001273       0x35 ./src/SEGGER_RTT.o
 .debug_macro   0x00000000000012a8      0x11b ./src/SEGGER_RTT_printf.o
 .debug_macro   0x00000000000013c3       0x16 ./src/SEGGER_RTT_printf.o
 .debug_macro   0x00000000000013d9      0x10e ./src/SEGGER_RTT_printf.o
 .debug_macro   0x00000000000014e7       0x7f ./src/SEGGER_RTT_printf.o
 .debug_macro   0x0000000000001566       0x16 ./src/SEGGER_RTT_printf.o
 .debug_macro   0x000000000000157c       0x29 ./src/SEGGER_RTT_printf.o
 .debug_macro   0x00000000000015a5       0x58 ./src/SEGGER_RTT_printf.o
 .debug_macro   0x00000000000015fd      0x47c ./src/main.o
 .debug_macro   0x0000000000001a79       0x44 ./src/main.o
 .debug_macro   0x0000000000001abd       0xe3 ./src/main.o
 .debug_macro   0x0000000000001ba0       0x22 ./src/main.o
 .debug_macro   0x0000000000001bc2      0x1df ./src/main.o
 .debug_macro   0x0000000000001da1       0xf4 ./src/main.o
 .debug_macro   0x0000000000001e95       0x22 ./src/main.o
 .debug_macro   0x0000000000001eb7       0x3a ./src/main.o
 .debug_macro   0x0000000000001ef1       0x1f ./src/main.o
 .debug_macro   0x0000000000001f10      0x242 ./src/main.o
 .debug_macro   0x0000000000002152      0x1d2 ./src/main.o
 .debug_macro   0x0000000000002324     0x7414 ./src/main.o
 .debug_macro   0x0000000000009738      0x976 ./src/main.o
 .debug_macro   0x000000000000a0ae       0x1c ./src/main.o
 .debug_macro   0x000000000000a0ca       0x22 ./src/main.o
 .debug_macro   0x000000000000a0ec       0x8e ./src/main.o
 .debug_macro   0x000000000000a17a       0x16 ./src/main.o
 .debug_macro   0x000000000000a190       0xd6 ./src/main.o
 .debug_macro   0x000000000000a266      0x1f7 ./src/main.o
 .debug_macro   0x000000000000a45d       0x10 ./src/main.o
 .debug_macro   0x000000000000a46d      0x375 ./src/main.o
 .debug_macro   0x000000000000a7e2       0x3a ./src/main.o
 .debug_macro   0x000000000000a81c       0x22 ./src/main.o
 .debug_macro   0x000000000000a83e      0x1f0 ./src/main.o
 .debug_macro   0x000000000000aa2e       0x16 ./src/main.o
 .debug_macro   0x000000000000aa44       0xd9 ./src/main.o
 .debug_macro   0x000000000000ab1d       0x1c ./src/main.o
 .debug_macro   0x000000000000ab39       0xa6 ./src/main.o
 .debug_macro   0x000000000000abdf       0x30 ./src/main.o
 .debug_macro   0x000000000000ac0f      0x243 ./src/main.o
 .debug_macro   0x000000000000ae52       0x40 ./src/main.o
 .debug_macro   0x000000000000ae92      0x1c0 ./src/main.o
 .debug_macro   0x000000000000b052       0x22 ./src/main.o
 .debug_macro   0x000000000000b074       0x46 ./src/main.o
 .debug_macro   0x000000000000b0ba       0x64 ./src/main.o
 .debug_macro   0x000000000000b11e       0x1c ./src/main.o
 .debug_macro   0x000000000000b13a       0x34 ./src/main.o
 .debug_macro   0x000000000000b16e       0x16 ./src/main.o
 .debug_macro   0x000000000000b184       0x10 ./src/main.o
 .debug_macro   0x000000000000b194       0x16 ./src/main.o
 .debug_macro   0x000000000000b1aa       0x1c ./src/main.o
 .debug_macro   0x000000000000b1c6       0x10 ./src/main.o
 .debug_macro   0x000000000000b1d6       0x10 ./src/main.o
 .debug_macro   0x000000000000b1e6       0x22 ./src/main.o
 .debug_macro   0x000000000000b208       0xbe ./src/main.o
 .debug_macro   0x000000000000b2c6       0x16 ./src/main.o
 .debug_macro   0x000000000000b2dc      0x197 ./src/main.o
 .debug_macro   0x000000000000b473       0x3b ./src/main.o
 .debug_macro   0x000000000000b4ae       0x22 ./src/main.o
 .debug_macro   0x000000000000b4d0       0x76 ./src/main.o
 .debug_macro   0x000000000000b546       0x28 ./src/main.o
 .debug_macro   0x000000000000b56e       0x98 ./src/main.o
 .debug_macro   0x000000000000b606       0x4c ./src/main.o
 .debug_macro   0x000000000000b652       0x1c ./src/main.o
 .debug_macro   0x000000000000b66e       0x1c ./src/main.o
 .debug_macro   0x000000000000b68a       0x22 ./src/main.o
 .debug_macro   0x000000000000b6ac       0x76 ./src/main.o
 .debug_macro   0x000000000000b722      0x292 ./nrf51_sdk/examples/bsp/bsp.o
 .debug_macro   0x000000000000b9b4       0x1c ./nrf51_sdk/examples/bsp/bsp.o
 .debug_macro   0x000000000000b9d0       0x16 ./nrf51_sdk/examples/bsp/bsp.o
 .debug_macro   0x000000000000b9e6      0x1f3 ./nrf51_sdk/examples/bsp/bsp_btn_ble.o
 .debug_macro   0x000000000000bbd9       0xc6 ./nrf51_sdk/components/toolchain/system_nrf51.o
 .debug_macro   0x000000000000bc9f      0x266 ./nrf51_sdk/components/softdevice/common/softdevice_handler/softdevice_handler.o
 .debug_macro   0x000000000000bf05       0x40 ./nrf51_sdk/components/softdevice/common/softdevice_handler/softdevice_handler.o
 .debug_macro   0x000000000000bf45      0x37b ./nrf51_sdk/components/softdevice/common/softdevice_handler/softdevice_handler.o
 .debug_macro   0x000000000000c2c0       0x40 ./nrf51_sdk/components/softdevice/common/softdevice_handler/softdevice_handler.o
 .debug_macro   0x000000000000c300       0x10 ./nrf51_sdk/components/softdevice/common/softdevice_handler/softdevice_handler.o
 .debug_macro   0x000000000000c310       0x10 ./nrf51_sdk/components/softdevice/common/softdevice_handler/softdevice_handler.o
 .debug_macro   0x000000000000c320      0x133 ./nrf51_sdk/components/libraries/util/app_error.o
 .debug_macro   0x000000000000c453       0xfb ./nrf51_sdk/components/libraries/util/app_util_platform.o
 .debug_macro   0x000000000000c54e       0x28 ./nrf51_sdk/components/libraries/util/app_util_platform.o
 .debug_macro   0x000000000000c576       0x22 ./nrf51_sdk/components/libraries/util/app_util_platform.o
 .debug_macro   0x000000000000c598       0x6d ./nrf51_sdk/components/libraries/util/nrf_assert.o
 .debug_macro   0x000000000000c605      0x1ee ./nrf51_sdk/components/libraries/uart/retarget.o
 .debug_macro   0x000000000000c7f3       0x97 ./nrf51_sdk/components/libraries/uart/retarget.o
 .debug_macro   0x000000000000c88a       0xef ./nrf51_sdk/components/libraries/uart/retarget.o
 .debug_macro   0x000000000000c979       0x18 ./nrf51_sdk/components/libraries/uart/retarget.o
 .debug_macro   0x000000000000c991      0x14f ./nrf51_sdk/components/libraries/trace/app_trace.o
 .debug_macro   0x000000000000cae0       0x16 ./nrf51_sdk/components/libraries/trace/app_trace.o
 .debug_macro   0x000000000000caf6       0x52 ./nrf51_sdk/components/libraries/trace/app_trace.o
 .debug_macro   0x000000000000cb48      0x297 ./nrf51_sdk/components/libraries/timer/app_timer.o
 .debug_macro   0x000000000000cddf      0x25b ./nrf51_sdk/components/libraries/button/app_button.o
 .debug_macro   0x000000000000d03a       0x10 ./nrf51_sdk/components/libraries/button/app_button.o
 .debug_macro   0x000000000000d04a       0xb4 ./nrf51_sdk/components/libraries/button/app_button.o
 .debug_macro   0x000000000000d0fe       0x2e ./nrf51_sdk/components/libraries/button/app_button.o
 .debug_macro   0x000000000000d12c      0x190 ./nrf51_sdk/components/drivers_nrf/uart/app_uart.o
 .debug_macro   0x000000000000d2bc       0x36 ./nrf51_sdk/components/drivers_nrf/uart/app_uart.o
 .debug_macro   0x000000000000d2f2       0x10 ./nrf51_sdk/components/drivers_nrf/uart/app_uart.o
 .debug_macro   0x000000000000d302      0x282 ./nrf51_sdk/components/drivers_nrf/pstorage/pstorage.o
 .debug_macro   0x000000000000d584       0x46 ./nrf51_sdk/components/drivers_nrf/pstorage/pstorage.o
 .debug_macro   0x000000000000d5ca       0x1c ./nrf51_sdk/components/drivers_nrf/pstorage/pstorage.o
 .debug_macro   0x000000000000d5e6      0x19c ./nrf51_sdk/components/drivers_nrf/hal/nrf_delay.o
 .debug_macro   0x000000000000d782      0x1a6 ./nrf51_sdk/components/drivers_nrf/gpiote/nrf_drv_gpiote.o
 .debug_macro   0x000000000000d928       0x70 ./nrf51_sdk/components/drivers_nrf/gpiote/nrf_drv_gpiote.o
 .debug_macro   0x000000000000d998      0x116 ./nrf51_sdk/components/drivers_nrf/common/nrf_drv_common.o
 .debug_macro   0x000000000000daae      0x438 ./nrf51_sdk/components/ble/device_manager/device_manager_peripheral.o
 .debug_macro   0x000000000000dee6       0x16 ./nrf51_sdk/components/ble/device_manager/device_manager_peripheral.o
 .debug_macro   0x000000000000defc      0x1d6 ./nrf51_sdk/components/ble/common/ble_advdata.o
 .debug_macro   0x000000000000e0d2      0x258 ./nrf51_sdk/components/ble/common/ble_conn_params.o
 .debug_macro   0x000000000000e32a      0x1cf ./nrf51_sdk/components/ble/common/ble_srv_common.o
 .debug_macro   0x000000000000e4f9      0x2bf ./nrf51_sdk/components/ble/ble_advertising/ble_advertising.o

.debug_line     0x0000000000000000     0x9564
 .debug_line    0x0000000000000000      0x3e5 ./src/SEGGER_RTT.o
 .debug_line    0x00000000000003e5      0x3a1 ./src/SEGGER_RTT_printf.o
 .debug_line    0x0000000000000786      0xbad ./src/main.o
 .debug_line    0x0000000000001333      0x6b4 ./nrf51_sdk/examples/bsp/bsp.o
 .debug_line    0x00000000000019e7      0x662 ./nrf51_sdk/examples/bsp/bsp_btn_ble.o
 .debug_line    0x0000000000002049       0x98 ./nrf51_sdk/components/toolchain/gcc/gcc_startup_nrf51.o
 .debug_line    0x00000000000020e1      0x319 ./nrf51_sdk/components/toolchain/system_nrf51.o
 .debug_line    0x00000000000023fa      0x762 ./nrf51_sdk/components/softdevice/common/softdevice_handler/softdevice_handler.o
 .debug_line    0x0000000000002b5c      0x423 ./nrf51_sdk/components/libraries/util/app_error.o
 .debug_line    0x0000000000002f7f      0x43f ./nrf51_sdk/components/libraries/util/app_util_platform.o
 .debug_line    0x00000000000033be      0x223 ./nrf51_sdk/components/libraries/util/nrf_assert.o
 .debug_line    0x00000000000035e1      0x555 ./nrf51_sdk/components/libraries/uart/retarget.o
 .debug_line    0x0000000000003b36      0x29d ./nrf51_sdk/components/libraries/trace/app_trace.o
 .debug_line    0x0000000000003dd3      0x82f ./nrf51_sdk/components/libraries/timer/app_timer.o
 .debug_line    0x0000000000004602      0x5d4 ./nrf51_sdk/components/libraries/button/app_button.o
 .debug_line    0x0000000000004bd6      0x64b ./nrf51_sdk/components/drivers_nrf/uart/app_uart.o
 .debug_line    0x0000000000005221      0x985 ./nrf51_sdk/components/drivers_nrf/pstorage/pstorage.o
 .debug_line    0x0000000000005ba6      0x3b4 ./nrf51_sdk/components/drivers_nrf/hal/nrf_delay.o
 .debug_line    0x0000000000005f5a      0x7c1 ./nrf51_sdk/components/drivers_nrf/gpiote/nrf_drv_gpiote.o
 .debug_line    0x000000000000671b      0x486 ./nrf51_sdk/components/drivers_nrf/common/nrf_drv_common.o
 .debug_line    0x0000000000006ba1      0xeb6 ./nrf51_sdk/components/ble/device_manager/device_manager_peripheral.o
 .debug_line    0x0000000000007a57      0x638 ./nrf51_sdk/components/ble/common/ble_advdata.o
 .debug_line    0x000000000000808f      0x634 ./nrf51_sdk/components/ble/common/ble_conn_params.o
 .debug_line    0x00000000000086c3      0x551 ./nrf51_sdk/components/ble/common/ble_srv_common.o
 .debug_line    0x0000000000008c14      0x950 ./nrf51_sdk/components/ble/ble_advertising/ble_advertising.o

.debug_str      0x0000000000000000    0x455bc
 .debug_str     0x0000000000000000     0x5482 ./src/SEGGER_RTT.o
                                       0x55b6 (size before relaxing)
 .debug_str     0x0000000000005482      0x362 ./src/SEGGER_RTT_printf.o
                                       0x5579 (size before relaxing)
 .debug_str     0x00000000000057e4    0x3904d ./src/main.o
                                      0x3e048 (size before relaxing)
 .debug_str     0x000000000003e831      0x617 ./nrf51_sdk/examples/bsp/bsp.o
                                      0x341b9 (size before relaxing)
 .debug_str     0x000000000003ee48      0x473 ./nrf51_sdk/examples/bsp/bsp_btn_ble.o
                                      0x3629f (size before relaxing)
 .debug_str     0x000000000003f2bb      0x109 ./nrf51_sdk/components/toolchain/system_nrf51.o
                                      0x2eb53 (size before relaxing)
 .debug_str     0x000000000003f3c4      0x215 ./nrf51_sdk/components/softdevice/common/softdevice_handler/softdevice_handler.o
                                      0x35d23 (size before relaxing)
 .debug_str     0x000000000003f5d9       0x7e ./nrf51_sdk/components/libraries/util/app_error.o
                                      0x304b3 (size before relaxing)
 .debug_str     0x000000000003f657      0x32e ./nrf51_sdk/components/libraries/util/app_util_platform.o
                                      0x2d615 (size before relaxing)
 .debug_str     0x000000000003f985       0x34 ./nrf51_sdk/components/libraries/util/nrf_assert.o
                                       0x30e9 (size before relaxing)
 .debug_str     0x000000000003f9b9      0x643 ./nrf51_sdk/components/libraries/uart/retarget.o
                                      0x30faf (size before relaxing)
 .debug_str     0x000000000003fffc       0x34 ./nrf51_sdk/components/libraries/trace/app_trace.o
                                       0x61f4 (size before relaxing)
 .debug_str     0x0000000000040030      0x9c6 ./nrf51_sdk/components/libraries/timer/app_timer.o
                                      0x34916 (size before relaxing)
 .debug_str     0x00000000000409f6      0xa33 ./nrf51_sdk/components/libraries/button/app_button.o
                                      0x337c8 (size before relaxing)
 .debug_str     0x0000000000041429      0x74a ./nrf51_sdk/components/drivers_nrf/uart/app_uart.o
                                      0x3249c (size before relaxing)
 .debug_str     0x0000000000041b73     0x113e ./nrf51_sdk/components/drivers_nrf/pstorage/pstorage.o
                                      0x343de (size before relaxing)
 .debug_str     0x0000000000042cb1       0x4e ./nrf51_sdk/components/drivers_nrf/hal/nrf_delay.o
                                      0x31afe (size before relaxing)
 .debug_str     0x0000000000042cff      0xa5a ./nrf51_sdk/components/drivers_nrf/gpiote/nrf_drv_gpiote.o
                                      0x323b4 (size before relaxing)
 .debug_str     0x0000000000043759       0x56 ./nrf51_sdk/components/drivers_nrf/common/nrf_drv_common.o
                                      0x3041f (size before relaxing)
 .debug_str     0x00000000000437af     0x1483 ./nrf51_sdk/components/ble/device_manager/device_manager_peripheral.o
                                      0x3a689 (size before relaxing)
 .debug_str     0x0000000000044c32      0x278 ./nrf51_sdk/components/ble/common/ble_advdata.o
                                       0xc254 (size before relaxing)
 .debug_str     0x0000000000044eaa      0x1de ./nrf51_sdk/components/ble/common/ble_conn_params.o
                                       0xe222 (size before relaxing)
 .debug_str     0x0000000000045088      0x1ea ./nrf51_sdk/components/ble/common/ble_srv_common.o
                                       0xc1c3 (size before relaxing)
 .debug_str     0x0000000000045272      0x34a ./nrf51_sdk/components/ble/ble_advertising/ble_advertising.o
                                      0x39ed8 (size before relaxing)

.debug_frame    0x0000000000000000     0x6f20
 .debug_frame   0x0000000000000000      0x2cc ./src/SEGGER_RTT.o
 .debug_frame   0x00000000000002cc       0xb4 ./src/SEGGER_RTT_printf.o
 .debug_frame   0x0000000000000380      0x9d8 ./src/main.o
 .debug_frame   0x0000000000000d58      0x1c8 ./nrf51_sdk/examples/bsp/bsp.o
 .debug_frame   0x0000000000000f20      0x490 ./nrf51_sdk/examples/bsp/bsp_btn_ble.o
 .debug_frame   0x00000000000013b0       0x80 ./nrf51_sdk/components/toolchain/system_nrf51.o
 .debug_frame   0x0000000000001430      0x840 ./nrf51_sdk/components/softdevice/common/softdevice_handler/softdevice_handler.o
 .debug_frame   0x0000000000001c70       0x30 ./nrf51_sdk/components/libraries/util/app_error.o
 .debug_frame   0x0000000000001ca0      0x378 ./nrf51_sdk/components/libraries/util/app_util_platform.o
 .debug_frame   0x0000000000002018      0x380 ./nrf51_sdk/components/libraries/uart/retarget.o
 .debug_frame   0x0000000000002398      0x84c ./nrf51_sdk/components/libraries/timer/app_timer.o
 .debug_frame   0x0000000000002be4       0xd0 ./nrf51_sdk/components/libraries/button/app_button.o
 .debug_frame   0x0000000000002cb4      0x65c ./nrf51_sdk/components/drivers_nrf/uart/app_uart.o
 .debug_frame   0x0000000000003310      0xa44 ./nrf51_sdk/components/drivers_nrf/pstorage/pstorage.o
 .debug_frame   0x0000000000003d54       0x30 ./nrf51_sdk/components/drivers_nrf/hal/nrf_delay.o
 .debug_frame   0x0000000000003d84      0xaf8 ./nrf51_sdk/components/drivers_nrf/gpiote/nrf_drv_gpiote.o
 .debug_frame   0x000000000000487c      0x3c4 ./nrf51_sdk/components/drivers_nrf/common/nrf_drv_common.o
 .debug_frame   0x0000000000004c40      0xa10 ./nrf51_sdk/components/ble/device_manager/device_manager_peripheral.o
 .debug_frame   0x0000000000005650      0x590 ./nrf51_sdk/components/ble/common/ble_advdata.o
 .debug_frame   0x0000000000005be0      0x56c ./nrf51_sdk/components/ble/common/ble_conn_params.o
 .debug_frame   0x000000000000614c      0x450 ./nrf51_sdk/components/ble/common/ble_srv_common.o
 .debug_frame   0x000000000000659c      0x83c ./nrf51_sdk/components/ble/ble_advertising/ble_advertising.o
 .debug_frame   0x0000000000006dd8       0x20 /usr/local/gcc_arm/gcc-arm-none-eabi-4_9-2015q3/bin/../lib/gcc/arm-none-eabi/4.9.3/armv6-m/libgcc.a(_udivsi3.o)
 .debug_frame   0x0000000000006df8       0x20 /usr/local/gcc_arm/gcc-arm-none-eabi-4_9-2015q3/bin/../lib/gcc/arm-none-eabi/4.9.3/armv6-m/libgcc.a(_divsi3.o)
 .debug_frame   0x0000000000006e18       0x28 /usr/local/gcc_arm/gcc-arm-none-eabi-4_9-2015q3/bin/../lib/gcc/arm-none-eabi/4.9.3/../../../../arm-none-eabi/lib/armv6-m/libg_nano.a(lib_a-exit.o)
 .debug_frame   0x0000000000006e40       0x2c /usr/local/gcc_arm/gcc-arm-none-eabi-4_9-2015q3/bin/../lib/gcc/arm-none-eabi/4.9.3/../../../../arm-none-eabi/lib/armv6-m/libg_nano.a(lib_a-init.o)
 .debug_frame   0x0000000000006e6c       0x2c /usr/local/gcc_arm/gcc-arm-none-eabi-4_9-2015q3/bin/../lib/gcc/arm-none-eabi/4.9.3/../../../../arm-none-eabi/lib/armv6-m/libg_nano.a(lib_a-memcmp.o)
 .debug_frame   0x0000000000006e98       0x28 /usr/local/gcc_arm/gcc-arm-none-eabi-4_9-2015q3/bin/../lib/gcc/arm-none-eabi/4.9.3/../../../../arm-none-eabi/lib/armv6-m/libg_nano.a(lib_a-memcpy.o)
 .debug_frame   0x0000000000006ec0       0x20 /usr/local/gcc_arm/gcc-arm-none-eabi-4_9-2015q3/bin/../lib/gcc/arm-none-eabi/4.9.3/../../../../arm-none-eabi/lib/armv6-m/libg_nano.a(lib_a-memset.o)
 .debug_frame   0x0000000000006ee0       0x20 /usr/local/gcc_arm/gcc-arm-none-eabi-4_9-2015q3/bin/../lib/gcc/arm-none-eabi/4.9.3/../../../../arm-none-eabi/lib/armv6-m/libg_nano.a(lib_a-strlen.o)
 .debug_frame   0x0000000000006f00       0x20 /usr/local/gcc_arm/gcc-arm-none-eabi-4_9-2015q3/bin/../lib/gcc/arm-none-eabi/4.9.3/../../../../arm-none-eabi/lib/armv6-m/libnosys.a(_exit.o)

.debug_ranges   0x0000000000000000       0x18
 .debug_ranges  0x0000000000000000       0x18 ./nrf51_sdk/components/ble/common/ble_conn_params.o
