Archive member included because of file (symbol)

/usr/local/gcc_arm/gcc-arm-none-eabi-4_9-2015q3/bin/../lib/gcc/arm-none-eabi/4.9.3/../../../../arm-none-eabi/lib/armv6-m/libc_nano.a(lib_a-exit.o)
                              /usr/local/gcc_arm/gcc-arm-none-eabi-4_9-2015q3/bin/../lib/gcc/arm-none-eabi/4.9.3/../../../../arm-none-eabi/lib/armv6-m/crt0.o (exit)
/usr/local/gcc_arm/gcc-arm-none-eabi-4_9-2015q3/bin/../lib/gcc/arm-none-eabi/4.9.3/../../../../arm-none-eabi/lib/armv6-m/libc_nano.a(lib_a-impure.o)
                              /usr/local/gcc_arm/gcc-arm-none-eabi-4_9-2015q3/bin/../lib/gcc/arm-none-eabi/4.9.3/../../../../arm-none-eabi/lib/armv6-m/libc_nano.a(lib_a-exit.o) (_global_impure_ptr)
/usr/local/gcc_arm/gcc-arm-none-eabi-4_9-2015q3/bin/../lib/gcc/arm-none-eabi/4.9.3/../../../../arm-none-eabi/lib/armv6-m/libc_nano.a(lib_a-init.o)
                              /usr/local/gcc_arm/gcc-arm-none-eabi-4_9-2015q3/bin/../lib/gcc/arm-none-eabi/4.9.3/../../../../arm-none-eabi/lib/armv6-m/crt0.o (__libc_init_array)
/usr/local/gcc_arm/gcc-arm-none-eabi-4_9-2015q3/bin/../lib/gcc/arm-none-eabi/4.9.3/../../../../arm-none-eabi/lib/armv6-m/libc_nano.a(lib_a-memset.o)
                              /usr/local/gcc_arm/gcc-arm-none-eabi-4_9-2015q3/bin/../lib/gcc/arm-none-eabi/4.9.3/../../../../arm-none-eabi/lib/armv6-m/crt0.o (memset)
/usr/local/gcc_arm/gcc-arm-none-eabi-4_9-2015q3/bin/../lib/gcc/arm-none-eabi/4.9.3/../../../../arm-none-eabi/lib/armv6-m/libnosys.a(_exit.o)
                              /usr/local/gcc_arm/gcc-arm-none-eabi-4_9-2015q3/bin/../lib/gcc/arm-none-eabi/4.9.3/../../../../arm-none-eabi/lib/armv6-m/libc_nano.a(lib_a-exit.o) (_exit)
/usr/local/gcc_arm/gcc-arm-none-eabi-4_9-2015q3/bin/../lib/gcc/arm-none-eabi/4.9.3/armv6-m/libgcc.a(_udivsi3.o)
                              _build/pstorage.o (__aeabi_uidiv)
/usr/local/gcc_arm/gcc-arm-none-eabi-4_9-2015q3/bin/../lib/gcc/arm-none-eabi/4.9.3/armv6-m/libgcc.a(_divsi3.o)
                              _build/pstorage.o (__aeabi_idiv)
/usr/local/gcc_arm/gcc-arm-none-eabi-4_9-2015q3/bin/../lib/gcc/arm-none-eabi/4.9.3/armv6-m/libgcc.a(_dvmd_tls.o)
                              /usr/local/gcc_arm/gcc-arm-none-eabi-4_9-2015q3/bin/../lib/gcc/arm-none-eabi/4.9.3/armv6-m/libgcc.a(_udivsi3.o) (__aeabi_idiv0)
/usr/local/gcc_arm/gcc-arm-none-eabi-4_9-2015q3/bin/../lib/gcc/arm-none-eabi/4.9.3/../../../../arm-none-eabi/lib/armv6-m/libc_nano.a(lib_a-memcmp.o)
                              _build/device_manager_peripheral.o (memcmp)
/usr/local/gcc_arm/gcc-arm-none-eabi-4_9-2015q3/bin/../lib/gcc/arm-none-eabi/4.9.3/../../../../arm-none-eabi/lib/armv6-m/libc_nano.a(lib_a-memcpy.o)
                              _build/pstorage.o (memcpy)
/usr/local/gcc_arm/gcc-arm-none-eabi-4_9-2015q3/bin/../lib/gcc/arm-none-eabi/4.9.3/../../../../arm-none-eabi/lib/armv6-m/libc_nano.a(lib_a-memmove.o)
                              _build/ble_hrs.o (memmove)
/usr/local/gcc_arm/gcc-arm-none-eabi-4_9-2015q3/bin/../lib/gcc/arm-none-eabi/4.9.3/../../../../arm-none-eabi/lib/armv6-m/libc_nano.a(lib_a-strlen.o)
                              _build/main.o (strlen)

Allocating common symbols
Common symbol       size              file

__stdin             0x68              _build/retarget.o
__stdout            0x68              _build/retarget.o

Discarded input sections

 .text          0x0000000000000000        0x0 /usr/local/gcc_arm/gcc-arm-none-eabi-4_9-2015q3/bin/../lib/gcc/arm-none-eabi/4.9.3/armv6-m/crti.o
 .data          0x0000000000000000        0x0 /usr/local/gcc_arm/gcc-arm-none-eabi-4_9-2015q3/bin/../lib/gcc/arm-none-eabi/4.9.3/armv6-m/crti.o
 .bss           0x0000000000000000        0x0 /usr/local/gcc_arm/gcc-arm-none-eabi-4_9-2015q3/bin/../lib/gcc/arm-none-eabi/4.9.3/armv6-m/crti.o
 .text          0x0000000000000000       0x60 /usr/local/gcc_arm/gcc-arm-none-eabi-4_9-2015q3/bin/../lib/gcc/arm-none-eabi/4.9.3/armv6-m/crtbegin.o
 .data          0x0000000000000000        0x4 /usr/local/gcc_arm/gcc-arm-none-eabi-4_9-2015q3/bin/../lib/gcc/arm-none-eabi/4.9.3/armv6-m/crtbegin.o
 .bss           0x0000000000000000       0x1c /usr/local/gcc_arm/gcc-arm-none-eabi-4_9-2015q3/bin/../lib/gcc/arm-none-eabi/4.9.3/armv6-m/crtbegin.o
 .init_array    0x0000000000000000        0x4 /usr/local/gcc_arm/gcc-arm-none-eabi-4_9-2015q3/bin/../lib/gcc/arm-none-eabi/4.9.3/armv6-m/crtbegin.o
 .fini_array    0x0000000000000000        0x4 /usr/local/gcc_arm/gcc-arm-none-eabi-4_9-2015q3/bin/../lib/gcc/arm-none-eabi/4.9.3/armv6-m/crtbegin.o
 .eh_frame      0x0000000000000000        0x0 /usr/local/gcc_arm/gcc-arm-none-eabi-4_9-2015q3/bin/../lib/gcc/arm-none-eabi/4.9.3/armv6-m/crtbegin.o
 .jcr           0x0000000000000000        0x0 /usr/local/gcc_arm/gcc-arm-none-eabi-4_9-2015q3/bin/../lib/gcc/arm-none-eabi/4.9.3/armv6-m/crtbegin.o
 .ARM.attributes
                0x0000000000000000       0x2c /usr/local/gcc_arm/gcc-arm-none-eabi-4_9-2015q3/bin/../lib/gcc/arm-none-eabi/4.9.3/armv6-m/crtbegin.o
 .data          0x0000000000000000        0x0 /usr/local/gcc_arm/gcc-arm-none-eabi-4_9-2015q3/bin/../lib/gcc/arm-none-eabi/4.9.3/../../../../arm-none-eabi/lib/armv6-m/crt0.o
 .bss           0x0000000000000000        0x0 /usr/local/gcc_arm/gcc-arm-none-eabi-4_9-2015q3/bin/../lib/gcc/arm-none-eabi/4.9.3/../../../../arm-none-eabi/lib/armv6-m/crt0.o
 .ARM.extab     0x0000000000000000        0x0 /usr/local/gcc_arm/gcc-arm-none-eabi-4_9-2015q3/bin/../lib/gcc/arm-none-eabi/4.9.3/../../../../arm-none-eabi/lib/armv6-m/crt0.o
 .text          0x0000000000000000        0x0 /usr/local/gcc_arm/gcc-arm-none-eabi-4_9-2015q3/bin/../lib/gcc/arm-none-eabi/4.9.3/../../../../arm-none-eabi/lib/armv6-m/libc_nano.a(lib_a-exit.o)
 .data          0x0000000000000000        0x0 /usr/local/gcc_arm/gcc-arm-none-eabi-4_9-2015q3/bin/../lib/gcc/arm-none-eabi/4.9.3/../../../../arm-none-eabi/lib/armv6-m/libc_nano.a(lib_a-exit.o)
 .bss           0x0000000000000000        0x0 /usr/local/gcc_arm/gcc-arm-none-eabi-4_9-2015q3/bin/../lib/gcc/arm-none-eabi/4.9.3/../../../../arm-none-eabi/lib/armv6-m/libc_nano.a(lib_a-exit.o)
 .text          0x0000000000000000        0x0 /usr/local/gcc_arm/gcc-arm-none-eabi-4_9-2015q3/bin/../lib/gcc/arm-none-eabi/4.9.3/../../../../arm-none-eabi/lib/armv6-m/libc_nano.a(lib_a-impure.o)
 .data          0x0000000000000000        0x0 /usr/local/gcc_arm/gcc-arm-none-eabi-4_9-2015q3/bin/../lib/gcc/arm-none-eabi/4.9.3/../../../../arm-none-eabi/lib/armv6-m/libc_nano.a(lib_a-impure.o)
 .bss           0x0000000000000000        0x0 /usr/local/gcc_arm/gcc-arm-none-eabi-4_9-2015q3/bin/../lib/gcc/arm-none-eabi/4.9.3/../../../../arm-none-eabi/lib/armv6-m/libc_nano.a(lib_a-impure.o)
 .data._impure_ptr
                0x0000000000000000        0x4 /usr/local/gcc_arm/gcc-arm-none-eabi-4_9-2015q3/bin/../lib/gcc/arm-none-eabi/4.9.3/../../../../arm-none-eabi/lib/armv6-m/libc_nano.a(lib_a-impure.o)
 .text          0x0000000000000000        0x0 /usr/local/gcc_arm/gcc-arm-none-eabi-4_9-2015q3/bin/../lib/gcc/arm-none-eabi/4.9.3/../../../../arm-none-eabi/lib/armv6-m/libc_nano.a(lib_a-init.o)
 .data          0x0000000000000000        0x0 /usr/local/gcc_arm/gcc-arm-none-eabi-4_9-2015q3/bin/../lib/gcc/arm-none-eabi/4.9.3/../../../../arm-none-eabi/lib/armv6-m/libc_nano.a(lib_a-init.o)
 .bss           0x0000000000000000        0x0 /usr/local/gcc_arm/gcc-arm-none-eabi-4_9-2015q3/bin/../lib/gcc/arm-none-eabi/4.9.3/../../../../arm-none-eabi/lib/armv6-m/libc_nano.a(lib_a-init.o)
 .text          0x0000000000000000        0x0 /usr/local/gcc_arm/gcc-arm-none-eabi-4_9-2015q3/bin/../lib/gcc/arm-none-eabi/4.9.3/../../../../arm-none-eabi/lib/armv6-m/libc_nano.a(lib_a-memset.o)
 .data          0x0000000000000000        0x0 /usr/local/gcc_arm/gcc-arm-none-eabi-4_9-2015q3/bin/../lib/gcc/arm-none-eabi/4.9.3/../../../../arm-none-eabi/lib/armv6-m/libc_nano.a(lib_a-memset.o)
 .bss           0x0000000000000000        0x0 /usr/local/gcc_arm/gcc-arm-none-eabi-4_9-2015q3/bin/../lib/gcc/arm-none-eabi/4.9.3/../../../../arm-none-eabi/lib/armv6-m/libc_nano.a(lib_a-memset.o)
 .text          0x0000000000000000        0x0 /usr/local/gcc_arm/gcc-arm-none-eabi-4_9-2015q3/bin/../lib/gcc/arm-none-eabi/4.9.3/../../../../arm-none-eabi/lib/armv6-m/libnosys.a(_exit.o)
 .data          0x0000000000000000        0x0 /usr/local/gcc_arm/gcc-arm-none-eabi-4_9-2015q3/bin/../lib/gcc/arm-none-eabi/4.9.3/../../../../arm-none-eabi/lib/armv6-m/libnosys.a(_exit.o)
 .bss           0x0000000000000000        0x0 /usr/local/gcc_arm/gcc-arm-none-eabi-4_9-2015q3/bin/../lib/gcc/arm-none-eabi/4.9.3/../../../../arm-none-eabi/lib/armv6-m/libnosys.a(_exit.o)
 .text          0x0000000000000000        0x0 _build/app_button.o
 .data          0x0000000000000000        0x0 _build/app_button.o
 .bss           0x0000000000000000        0x0 _build/app_button.o
 .text.app_button_disable
                0x0000000000000000       0x38 _build/app_button.o
 .text.app_button_is_pushed
                0x0000000000000000       0x2c _build/app_button.o
 .text          0x0000000000000000        0x0 _build/app_error.o
 .data          0x0000000000000000        0x0 _build/app_error.o
 .bss           0x0000000000000000        0x0 _build/app_error.o
 .text          0x0000000000000000        0x0 _build/app_fifo.o
 .data          0x0000000000000000        0x0 _build/app_fifo.o
 .bss           0x0000000000000000        0x0 _build/app_fifo.o
 .text.app_fifo_init
                0x0000000000000000       0x28 _build/app_fifo.o
 .text.app_fifo_flush
                0x0000000000000000        0x8 _build/app_fifo.o
 .text          0x0000000000000000        0x0 _build/app_timer.o
 .data          0x0000000000000000        0x0 _build/app_timer.o
 .bss           0x0000000000000000        0x0 _build/app_timer.o
 .text.app_timer_stop_all
                0x0000000000000000       0xc0 _build/app_timer.o
 .text.app_timer_cnt_get
                0x0000000000000000       0x14 _build/app_timer.o
 .text.app_timer_cnt_diff_compute
                0x0000000000000000        0xc _build/app_timer.o
 .text          0x0000000000000000        0x0 _build/app_trace.o
 .data          0x0000000000000000        0x0 _build/app_trace.o
 .bss           0x0000000000000000        0x0 _build/app_trace.o
 .comment       0x0000000000000000       0x71 _build/app_trace.o
 .ARM.attributes
                0x0000000000000000       0x31 _build/app_trace.o
 .text          0x0000000000000000        0x0 _build/nrf_assert.o
 .data          0x0000000000000000        0x0 _build/nrf_assert.o
 .bss           0x0000000000000000        0x0 _build/nrf_assert.o
 .comment       0x0000000000000000       0x71 _build/nrf_assert.o
 .ARM.attributes
                0x0000000000000000       0x31 _build/nrf_assert.o
 .text          0x0000000000000000        0x0 _build/retarget.o
 .data          0x0000000000000000        0x0 _build/retarget.o
 .bss           0x0000000000000000        0x0 _build/retarget.o
 .text._write   0x0000000000000000       0x1c _build/retarget.o
 .text._read    0x0000000000000000       0x14 _build/retarget.o
 .comment       0x0000000000000000       0x71 _build/retarget.o
 .ARM.attributes
                0x0000000000000000       0x31 _build/retarget.o
 COMMON         0x0000000000000000       0xd0 _build/retarget.o
 .text          0x0000000000000000        0x0 _build/sensorsim.o
 .data          0x0000000000000000        0x0 _build/sensorsim.o
 .bss           0x0000000000000000        0x0 _build/sensorsim.o
 .text          0x0000000000000000        0x0 _build/app_uart_fifo.o
 .data          0x0000000000000000        0x0 _build/app_uart_fifo.o
 .bss           0x0000000000000000        0x0 _build/app_uart_fifo.o
 .text.gpiote_uart_event_handler
                0x0000000000000000       0xc0 _build/app_uart_fifo.o
 .text.action_tx_stop
                0x0000000000000000       0x2c _build/app_uart_fifo.o
 .text.app_uart_init
                0x0000000000000000      0x2b0 _build/app_uart_fifo.o
 .text.app_uart_get
                0x0000000000000000       0x10 _build/app_uart_fifo.o
 .text.app_uart_put
                0x0000000000000000       0x80 _build/app_uart_fifo.o
 .text.app_uart_flush
                0x0000000000000000       0x1c _build/app_uart_fifo.o
 .text.app_uart_get_connection_state
                0x0000000000000000       0x14 _build/app_uart_fifo.o
 .text.app_uart_close
                0x0000000000000000       0x30 _build/app_uart_fifo.o
 .data.m_instance_counter
                0x0000000000000000        0x1 _build/app_uart_fifo.o
 .text          0x0000000000000000        0x0 _build/nrf_delay.o
 .data          0x0000000000000000        0x0 _build/nrf_delay.o
 .bss           0x0000000000000000        0x0 _build/nrf_delay.o
 .text.nrf_delay_ms
                0x0000000000000000       0x3c _build/nrf_delay.o
 .comment       0x0000000000000000       0x71 _build/nrf_delay.o
 .ARM.attributes
                0x0000000000000000       0x31 _build/nrf_delay.o
 .text          0x0000000000000000        0x0 _build/nrf_drv_common.o
 .data          0x0000000000000000        0x0 _build/nrf_drv_common.o
 .bss           0x0000000000000000        0x0 _build/nrf_drv_common.o
 .text          0x0000000000000000        0x0 _build/nrf_drv_gpiote.o
 .data          0x0000000000000000        0x0 _build/nrf_drv_gpiote.o
 .bss           0x0000000000000000        0x0 _build/nrf_drv_gpiote.o
 .text.nrf_drv_gpiote_uninit
                0x0000000000000000       0xe8 _build/nrf_drv_gpiote.o
 .text.nrf_drv_gpiote_out_init
                0x0000000000000000       0xd8 _build/nrf_drv_gpiote.o
 .text.nrf_drv_gpiote_out_uninit
                0x0000000000000000       0x30 _build/nrf_drv_gpiote.o
 .text.nrf_drv_gpiote_out_set
                0x0000000000000000       0x14 _build/nrf_drv_gpiote.o
 .text.nrf_drv_gpiote_out_clear
                0x0000000000000000       0x14 _build/nrf_drv_gpiote.o
 .text.nrf_drv_gpiote_out_toggle
                0x0000000000000000       0x2c _build/nrf_drv_gpiote.o
 .text.nrf_drv_gpiote_out_task_enable
                0x0000000000000000       0x38 _build/nrf_drv_gpiote.o
 .text.nrf_drv_gpiote_out_task_disable
                0x0000000000000000       0x28 _build/nrf_drv_gpiote.o
 .text.nrf_drv_gpiote_out_task_addr_get
                0x0000000000000000       0x20 _build/nrf_drv_gpiote.o
 .text.nrf_drv_gpiote_out_task_force
                0x0000000000000000       0x38 _build/nrf_drv_gpiote.o
 .text.nrf_drv_gpiote_out_task_trigger
                0x0000000000000000       0x20 _build/nrf_drv_gpiote.o
 .text.nrf_drv_gpiote_in_event_disable
                0x0000000000000000       0x58 _build/nrf_drv_gpiote.o
 .text.nrf_drv_gpiote_in_uninit
                0x0000000000000000       0xa0 _build/nrf_drv_gpiote.o
 .text.nrf_drv_gpiote_in_event_addr_get
                0x0000000000000000       0x20 _build/nrf_drv_gpiote.o
 .text          0x0000000000000000        0x0 _build/pstorage.o
 .data          0x0000000000000000        0x0 _build/pstorage.o
 .bss           0x0000000000000000        0x0 _build/pstorage.o
 .text          0x0000000000000000        0x0 _build/bsp.o
 .data          0x0000000000000000        0x0 _build/bsp.o
 .bss           0x0000000000000000        0x0 _build/bsp.o
 .text.bsp_buttons_state_get
                0x0000000000000000       0x40 _build/bsp.o
 .text.bsp_indication_text_set
                0x0000000000000000      0x354 _build/bsp.o
 .rodata.bsp_indication_text_set
                0x0000000000000000       0x60 _build/bsp.o
 .text.bsp_buttons_enable
                0x0000000000000000        0x8 _build/bsp.o
 .text.bsp_buttons_disable
                0x0000000000000000        0x8 _build/bsp.o
 .text          0x0000000000000000        0x0 _build/bsp_btn_ble.o
 .data          0x0000000000000000        0x0 _build/bsp_btn_ble.o
 .bss           0x0000000000000000        0x0 _build/bsp_btn_ble.o
 .text          0x0000000000000000        0x0 _build/main.o
 .data          0x0000000000000000        0x0 _build/main.o
 .bss           0x0000000000000000        0x0 _build/main.o
 .text          0x0000000000000000        0x0 _build/ble_advdata.o
 .data          0x0000000000000000        0x0 _build/ble_advdata.o
 .bss           0x0000000000000000        0x0 _build/ble_advdata.o
 .text          0x0000000000000000        0x0 _build/ble_advertising.o
 .data          0x0000000000000000        0x0 _build/ble_advertising.o
 .bss           0x0000000000000000        0x0 _build/ble_advertising.o
 .text.ble_advertising_peer_addr_reply
                0x0000000000000000       0x3c _build/ble_advertising.o
 .text.ble_advertising_whitelist_reply
                0x0000000000000000       0xd8 _build/ble_advertising.o
 .text          0x0000000000000000        0x0 _build/ble_bas.o
 .data          0x0000000000000000        0x0 _build/ble_bas.o
 .bss           0x0000000000000000        0x0 _build/ble_bas.o
 .text          0x0000000000000000        0x0 _build/ble_conn_params.o
 .data          0x0000000000000000        0x0 _build/ble_conn_params.o
 .bss           0x0000000000000000        0x0 _build/ble_conn_params.o
 .text.ble_conn_params_stop
                0x0000000000000000       0x10 _build/ble_conn_params.o
 .text.ble_conn_params_change_conn_params
                0x0000000000000000       0x70 _build/ble_conn_params.o
 .text          0x0000000000000000        0x0 _build/ble_dis.o
 .data          0x0000000000000000        0x0 _build/ble_dis.o
 .bss           0x0000000000000000        0x0 _build/ble_dis.o
 .text          0x0000000000000000        0x0 _build/ble_hrs.o
 .data          0x0000000000000000        0x0 _build/ble_hrs.o
 .bss           0x0000000000000000        0x0 _build/ble_hrs.o
 .text.sd_ble_gatts_value_set
                0x0000000000000000        0x4 _build/ble_hrs.o
 .text.ble_hrs_rr_interval_buffer_is_full
                0x0000000000000000       0x10 _build/ble_hrs.o
 .text.ble_hrs_sensor_contact_supported_set
                0x0000000000000000       0x1c _build/ble_hrs.o
 .text.ble_hrs_body_sensor_location_set
                0x0000000000000000       0x30 _build/ble_hrs.o
 .text          0x0000000000000000        0x0 _build/ble_srv_common.o
 .data          0x0000000000000000        0x0 _build/ble_srv_common.o
 .bss           0x0000000000000000        0x0 _build/ble_srv_common.o
 .text.sd_ble_gatts_characteristic_add
                0x0000000000000000        0x4 _build/ble_srv_common.o
 .text.characteristic_add
                0x0000000000000000      0x138 _build/ble_srv_common.o
 .rodata.CSWTCH.7
                0x0000000000000000        0x5 _build/ble_srv_common.o
 .rodata.CSWTCH.8
                0x0000000000000000        0x5 _build/ble_srv_common.o
 .text          0x0000000000000000        0x0 _build/device_manager_peripheral.o
 .data          0x0000000000000000        0x0 _build/device_manager_peripheral.o
 .bss           0x0000000000000000        0x0 _build/device_manager_peripheral.o
 .text.sd_ble_gap_authenticate
                0x0000000000000000        0x4 _build/device_manager_peripheral.o
 .text.dm_security_setup_req
                0x0000000000000000       0x5c _build/device_manager_peripheral.o
 .text.dm_security_status_req
                0x0000000000000000       0x74 _build/device_manager_peripheral.o
 .text.dm_whitelist_create
                0x0000000000000000       0xe0 _build/device_manager_peripheral.o
 .text.dm_device_add
                0x0000000000000000        0x8 _build/device_manager_peripheral.o
 .text.dm_device_delete
                0x0000000000000000       0xd4 _build/device_manager_peripheral.o
 .text.dm_device_delete_all
                0x0000000000000000       0xcc _build/device_manager_peripheral.o
 .text.dm_service_context_set
                0x0000000000000000       0xbc _build/device_manager_peripheral.o
 .text.dm_service_context_get
                0x0000000000000000       0xd8 _build/device_manager_peripheral.o
 .text.dm_service_context_delete
                0x0000000000000000       0x5c _build/device_manager_peripheral.o
 .text.dm_application_context_set
                0x0000000000000000       0xec _build/device_manager_peripheral.o
 .text.dm_application_context_get
                0x0000000000000000       0xc0 _build/device_manager_peripheral.o
 .text.dm_application_context_delete
                0x0000000000000000       0xa4 _build/device_manager_peripheral.o
 .text.dm_application_instance_set
                0x0000000000000000       0x3c _build/device_manager_peripheral.o
 .text.dm_handle_initialize
                0x0000000000000000       0x1c _build/device_manager_peripheral.o
 .text.dm_peer_addr_set
                0x0000000000000000       0xb8 _build/device_manager_peripheral.o
 .text.dm_peer_addr_get
                0x0000000000000000       0x84 _build/device_manager_peripheral.o
 .text.dm_distributed_keys_get
                0x0000000000000000       0xbc _build/device_manager_peripheral.o
 .text.dm_handle_get
                0x0000000000000000       0x48 _build/device_manager_peripheral.o
 .bss.m_local_id_info
                0x0000000000000000       0x17 _build/device_manager_peripheral.o
 .text          0x0000000000000000        0x0 _build/system_nrf51.o
 .data          0x0000000000000000        0x0 _build/system_nrf51.o
 .bss           0x0000000000000000        0x0 _build/system_nrf51.o
 .text.SystemCoreClockUpdate
                0x0000000000000000       0x10 _build/system_nrf51.o
 .data.SystemCoreClock
                0x0000000000000000        0x4 _build/system_nrf51.o
 .text          0x0000000000000000        0x0 _build/softdevice_handler.o
 .data          0x0000000000000000        0x0 _build/softdevice_handler.o
 .bss           0x0000000000000000        0x0 _build/softdevice_handler.o
 .text.sd_softdevice_disable
                0x0000000000000000        0x4 _build/softdevice_handler.o
 .text.intern_softdevice_events_execute
                0x0000000000000000       0x14 _build/softdevice_handler.o
 .text.softdevice_handler_sd_disable
                0x0000000000000000       0x18 _build/softdevice_handler.o
 .data          0x0000000000000000        0x0 _build/gcc_startup_nrf51.o
 .bss           0x0000000000000000        0x0 _build/gcc_startup_nrf51.o
 .ARM.extab     0x0000000000000000        0x0 _build/gcc_startup_nrf51.o
 .data          0x0000000000000000        0x0 /usr/local/gcc_arm/gcc-arm-none-eabi-4_9-2015q3/bin/../lib/gcc/arm-none-eabi/4.9.3/armv6-m/libgcc.a(_udivsi3.o)
 .bss           0x0000000000000000        0x0 /usr/local/gcc_arm/gcc-arm-none-eabi-4_9-2015q3/bin/../lib/gcc/arm-none-eabi/4.9.3/armv6-m/libgcc.a(_udivsi3.o)
 .data          0x0000000000000000        0x0 /usr/local/gcc_arm/gcc-arm-none-eabi-4_9-2015q3/bin/../lib/gcc/arm-none-eabi/4.9.3/armv6-m/libgcc.a(_divsi3.o)
 .bss           0x0000000000000000        0x0 /usr/local/gcc_arm/gcc-arm-none-eabi-4_9-2015q3/bin/../lib/gcc/arm-none-eabi/4.9.3/armv6-m/libgcc.a(_divsi3.o)
 .data          0x0000000000000000        0x0 /usr/local/gcc_arm/gcc-arm-none-eabi-4_9-2015q3/bin/../lib/gcc/arm-none-eabi/4.9.3/armv6-m/libgcc.a(_dvmd_tls.o)
 .bss           0x0000000000000000        0x0 /usr/local/gcc_arm/gcc-arm-none-eabi-4_9-2015q3/bin/../lib/gcc/arm-none-eabi/4.9.3/armv6-m/libgcc.a(_dvmd_tls.o)
 .text          0x0000000000000000        0x0 /usr/local/gcc_arm/gcc-arm-none-eabi-4_9-2015q3/bin/../lib/gcc/arm-none-eabi/4.9.3/../../../../arm-none-eabi/lib/armv6-m/libc_nano.a(lib_a-memcmp.o)
 .data          0x0000000000000000        0x0 /usr/local/gcc_arm/gcc-arm-none-eabi-4_9-2015q3/bin/../lib/gcc/arm-none-eabi/4.9.3/../../../../arm-none-eabi/lib/armv6-m/libc_nano.a(lib_a-memcmp.o)
 .bss           0x0000000000000000        0x0 /usr/local/gcc_arm/gcc-arm-none-eabi-4_9-2015q3/bin/../lib/gcc/arm-none-eabi/4.9.3/../../../../arm-none-eabi/lib/armv6-m/libc_nano.a(lib_a-memcmp.o)
 .text          0x0000000000000000        0x0 /usr/local/gcc_arm/gcc-arm-none-eabi-4_9-2015q3/bin/../lib/gcc/arm-none-eabi/4.9.3/../../../../arm-none-eabi/lib/armv6-m/libc_nano.a(lib_a-memcpy.o)
 .data          0x0000000000000000        0x0 /usr/local/gcc_arm/gcc-arm-none-eabi-4_9-2015q3/bin/../lib/gcc/arm-none-eabi/4.9.3/../../../../arm-none-eabi/lib/armv6-m/libc_nano.a(lib_a-memcpy.o)
 .bss           0x0000000000000000        0x0 /usr/local/gcc_arm/gcc-arm-none-eabi-4_9-2015q3/bin/../lib/gcc/arm-none-eabi/4.9.3/../../../../arm-none-eabi/lib/armv6-m/libc_nano.a(lib_a-memcpy.o)
 .text          0x0000000000000000        0x0 /usr/local/gcc_arm/gcc-arm-none-eabi-4_9-2015q3/bin/../lib/gcc/arm-none-eabi/4.9.3/../../../../arm-none-eabi/lib/armv6-m/libc_nano.a(lib_a-memmove.o)
 .data          0x0000000000000000        0x0 /usr/local/gcc_arm/gcc-arm-none-eabi-4_9-2015q3/bin/../lib/gcc/arm-none-eabi/4.9.3/../../../../arm-none-eabi/lib/armv6-m/libc_nano.a(lib_a-memmove.o)
 .bss           0x0000000000000000        0x0 /usr/local/gcc_arm/gcc-arm-none-eabi-4_9-2015q3/bin/../lib/gcc/arm-none-eabi/4.9.3/../../../../arm-none-eabi/lib/armv6-m/libc_nano.a(lib_a-memmove.o)
 .text          0x0000000000000000        0x0 /usr/local/gcc_arm/gcc-arm-none-eabi-4_9-2015q3/bin/../lib/gcc/arm-none-eabi/4.9.3/../../../../arm-none-eabi/lib/armv6-m/libc_nano.a(lib_a-strlen.o)
 .data          0x0000000000000000        0x0 /usr/local/gcc_arm/gcc-arm-none-eabi-4_9-2015q3/bin/../lib/gcc/arm-none-eabi/4.9.3/../../../../arm-none-eabi/lib/armv6-m/libc_nano.a(lib_a-strlen.o)
 .bss           0x0000000000000000        0x0 /usr/local/gcc_arm/gcc-arm-none-eabi-4_9-2015q3/bin/../lib/gcc/arm-none-eabi/4.9.3/../../../../arm-none-eabi/lib/armv6-m/libc_nano.a(lib_a-strlen.o)
 .text          0x0000000000000000        0x0 /usr/local/gcc_arm/gcc-arm-none-eabi-4_9-2015q3/bin/../lib/gcc/arm-none-eabi/4.9.3/armv6-m/crtend.o
 .data          0x0000000000000000        0x0 /usr/local/gcc_arm/gcc-arm-none-eabi-4_9-2015q3/bin/../lib/gcc/arm-none-eabi/4.9.3/armv6-m/crtend.o
 .bss           0x0000000000000000        0x0 /usr/local/gcc_arm/gcc-arm-none-eabi-4_9-2015q3/bin/../lib/gcc/arm-none-eabi/4.9.3/armv6-m/crtend.o
 .eh_frame      0x0000000000000000        0x4 /usr/local/gcc_arm/gcc-arm-none-eabi-4_9-2015q3/bin/../lib/gcc/arm-none-eabi/4.9.3/armv6-m/crtend.o
 .jcr           0x0000000000000000        0x4 /usr/local/gcc_arm/gcc-arm-none-eabi-4_9-2015q3/bin/../lib/gcc/arm-none-eabi/4.9.3/armv6-m/crtend.o
 .ARM.attributes
                0x0000000000000000       0x2c /usr/local/gcc_arm/gcc-arm-none-eabi-4_9-2015q3/bin/../lib/gcc/arm-none-eabi/4.9.3/armv6-m/crtend.o
 .text          0x0000000000000000        0x0 /usr/local/gcc_arm/gcc-arm-none-eabi-4_9-2015q3/bin/../lib/gcc/arm-none-eabi/4.9.3/armv6-m/crtn.o
 .data          0x0000000000000000        0x0 /usr/local/gcc_arm/gcc-arm-none-eabi-4_9-2015q3/bin/../lib/gcc/arm-none-eabi/4.9.3/armv6-m/crtn.o
 .bss           0x0000000000000000        0x0 /usr/local/gcc_arm/gcc-arm-none-eabi-4_9-2015q3/bin/../lib/gcc/arm-none-eabi/4.9.3/armv6-m/crtn.o

Memory Configuration

Name             Origin             Length             Attributes
FLASH            0x0000000000018000 0x0000000000028000 xr
RAM              0x0000000020002000 0x0000000000006000 xrw
*default*        0x0000000000000000 0xffffffffffffffff

Linker script and memory map

LOAD /usr/local/gcc_arm/gcc-arm-none-eabi-4_9-2015q3/bin/../lib/gcc/arm-none-eabi/4.9.3/armv6-m/crti.o
LOAD /usr/local/gcc_arm/gcc-arm-none-eabi-4_9-2015q3/bin/../lib/gcc/arm-none-eabi/4.9.3/armv6-m/crtbegin.o
LOAD /usr/local/gcc_arm/gcc-arm-none-eabi-4_9-2015q3/bin/../lib/gcc/arm-none-eabi/4.9.3/../../../../arm-none-eabi/lib/armv6-m/crt0.o
LOAD /usr/local/gcc_arm/gcc-arm-none-eabi-4_9-2015q3/bin/../lib/gcc/arm-none-eabi/4.9.3/../../../../arm-none-eabi/lib/armv6-m/libc_nano.a
LOAD /usr/local/gcc_arm/gcc-arm-none-eabi-4_9-2015q3/bin/../lib/gcc/arm-none-eabi/4.9.3/../../../../arm-none-eabi/lib/armv6-m/libnosys.a
LOAD _build/app_button.o
LOAD _build/app_error.o
LOAD _build/app_fifo.o
LOAD _build/app_timer.o
LOAD _build/app_trace.o
LOAD _build/nrf_assert.o
LOAD _build/retarget.o
LOAD _build/sensorsim.o
LOAD _build/app_uart_fifo.o
LOAD _build/nrf_delay.o
LOAD _build/nrf_drv_common.o
LOAD _build/nrf_drv_gpiote.o
LOAD _build/pstorage.o
LOAD _build/bsp.o
LOAD _build/bsp_btn_ble.o
LOAD _build/main.o
LOAD _build/ble_advdata.o
LOAD _build/ble_advertising.o
LOAD _build/ble_bas.o
LOAD _build/ble_conn_params.o
LOAD _build/ble_dis.o
LOAD _build/ble_hrs.o
LOAD _build/ble_srv_common.o
LOAD _build/device_manager_peripheral.o
LOAD _build/system_nrf51.o
LOAD _build/softdevice_handler.o
LOAD _build/gcc_startup_nrf51.o
START GROUP
LOAD /usr/local/gcc_arm/gcc-arm-none-eabi-4_9-2015q3/bin/../lib/gcc/arm-none-eabi/4.9.3/armv6-m/libgcc.a
LOAD /usr/local/gcc_arm/gcc-arm-none-eabi-4_9-2015q3/bin/../lib/gcc/arm-none-eabi/4.9.3/../../../../arm-none-eabi/lib/armv6-m/libc_nano.a
END GROUP
START GROUP
LOAD /usr/local/gcc_arm/gcc-arm-none-eabi-4_9-2015q3/bin/../lib/gcc/arm-none-eabi/4.9.3/armv6-m/libgcc.a
LOAD /usr/local/gcc_arm/gcc-arm-none-eabi-4_9-2015q3/bin/../lib/gcc/arm-none-eabi/4.9.3/../../../../arm-none-eabi/lib/armv6-m/libc_nano.a
END GROUP
LOAD /usr/local/gcc_arm/gcc-arm-none-eabi-4_9-2015q3/bin/../lib/gcc/arm-none-eabi/4.9.3/armv6-m/crtend.o
LOAD /usr/local/gcc_arm/gcc-arm-none-eabi-4_9-2015q3/bin/../lib/gcc/arm-none-eabi/4.9.3/armv6-m/crtn.o
START GROUP
LOAD /usr/local/gcc_arm/gcc-arm-none-eabi-4_9-2015q3/bin/../lib/gcc/arm-none-eabi/4.9.3/armv6-m/libgcc.a
LOAD /usr/local/gcc_arm/gcc-arm-none-eabi-4_9-2015q3/bin/../lib/gcc/arm-none-eabi/4.9.3/../../../../arm-none-eabi/lib/armv6-m/libc.a
LOAD /usr/local/gcc_arm/gcc-arm-none-eabi-4_9-2015q3/bin/../lib/gcc/arm-none-eabi/4.9.3/../../../../arm-none-eabi/lib/armv6-m/libnosys.a
END GROUP

.text           0x0000000000018000     0x7560
 *(.Vectors)
 .Vectors       0x0000000000018000       0xc0 _build/gcc_startup_nrf51.o
                0x0000000000018000                __Vectors
 *(.text*)
 .text          0x00000000000180c0       0x78 /usr/local/gcc_arm/gcc-arm-none-eabi-4_9-2015q3/bin/../lib/gcc/arm-none-eabi/4.9.3/../../../../arm-none-eabi/lib/armv6-m/crt0.o
                0x00000000000180c0                _mainCRTStartup
                0x00000000000180c0                _start
 .text.exit     0x0000000000018138       0x2c /usr/local/gcc_arm/gcc-arm-none-eabi-4_9-2015q3/bin/../lib/gcc/arm-none-eabi/4.9.3/../../../../arm-none-eabi/lib/armv6-m/libc_nano.a(lib_a-exit.o)
                0x0000000000018138                exit
 .text.__libc_init_array
                0x0000000000018164       0x4c /usr/local/gcc_arm/gcc-arm-none-eabi-4_9-2015q3/bin/../lib/gcc/arm-none-eabi/4.9.3/../../../../arm-none-eabi/lib/armv6-m/libc_nano.a(lib_a-init.o)
                0x0000000000018164                __libc_init_array
 .text.memset   0x00000000000181b0       0x10 /usr/local/gcc_arm/gcc-arm-none-eabi-4_9-2015q3/bin/../lib/gcc/arm-none-eabi/4.9.3/../../../../arm-none-eabi/lib/armv6-m/libc_nano.a(lib_a-memset.o)
                0x00000000000181b0                memset
 .text._exit    0x00000000000181c0        0x4 /usr/local/gcc_arm/gcc-arm-none-eabi-4_9-2015q3/bin/../lib/gcc/arm-none-eabi/4.9.3/../../../../arm-none-eabi/lib/armv6-m/libnosys.a(_exit.o)
                0x00000000000181c0                _exit
 .text.detection_delay_timeout_handler
                0x00000000000181c4       0xa8 _build/app_button.o
 .text.gpiote_event_handler
                0x000000000001826c       0x5c _build/app_button.o
 .text.app_button_init
                0x00000000000182c8       0xb4 _build/app_button.o
                0x00000000000182c8                app_button_init
 .text.app_button_enable
                0x000000000001837c       0x30 _build/app_button.o
                0x000000000001837c                app_button_enable
 .text.app_error_handler
                0x00000000000183ac       0x18 _build/app_error.o
                0x00000000000183ac                app_error_handler
 .text.app_fifo_put
                0x00000000000183c4       0x28 _build/app_fifo.o
                0x00000000000183c4                app_fifo_put
 .text.app_fifo_get
                0x00000000000183ec       0x24 _build/app_fifo.o
                0x00000000000183ec                app_fifo_get
 .text.rtc1_stop
                0x0000000000018410       0x78 _build/app_timer.o
 .text.RTC1_IRQHandler
                0x0000000000018488       0xe4 _build/app_timer.o
                0x0000000000018488                RTC1_IRQHandler
 .text.SWI0_IRQHandler
                0x000000000001856c      0x514 _build/app_timer.o
                0x000000000001856c                SWI0_IRQHandler
 .text.app_timer_init
                0x0000000000018a80      0x108 _build/app_timer.o
                0x0000000000018a80                app_timer_init
 .text.app_timer_create
                0x0000000000018b88       0x68 _build/app_timer.o
                0x0000000000018b88                app_timer_create
 .text.app_timer_start
                0x0000000000018bf0      0x11c _build/app_timer.o
                0x0000000000018bf0                app_timer_start
 .text.app_timer_stop
                0x0000000000018d0c       0xe8 _build/app_timer.o
                0x0000000000018d0c                app_timer_stop
 .text.sensorsim_init
                0x0000000000018df4       0x18 _build/sensorsim.o
                0x0000000000018df4                sensorsim_init
 .text.sensorsim_measure
                0x0000000000018e0c       0x40 _build/sensorsim.o
                0x0000000000018e0c                sensorsim_measure
 .text.UART0_IRQHandler
                0x0000000000018e4c      0x124 _build/app_uart_fifo.o
                0x0000000000018e4c                UART0_IRQHandler
 .text.nrf_drv_common_irq_enable
                0x0000000000018f70       0x80 _build/nrf_drv_common.o
                0x0000000000018f70                nrf_drv_common_irq_enable
 .text.nrf_drv_gpiote_init
                0x0000000000018ff0       0x74 _build/nrf_drv_gpiote.o
                0x0000000000018ff0                nrf_drv_gpiote_init
 .text.nrf_drv_gpiote_is_init
                0x0000000000019064       0x14 _build/nrf_drv_gpiote.o
                0x0000000000019064                nrf_drv_gpiote_is_init
 .text.nrf_drv_gpiote_in_init
                0x0000000000019078      0x17c _build/nrf_drv_gpiote.o
                0x0000000000019078                nrf_drv_gpiote_in_init
 .text.nrf_drv_gpiote_in_event_enable
                0x00000000000191f4       0xa8 _build/nrf_drv_gpiote.o
                0x00000000000191f4                nrf_drv_gpiote_in_event_enable
 .text.nrf_drv_gpiote_in_is_set
                0x000000000001929c       0x14 _build/nrf_drv_gpiote.o
                0x000000000001929c                nrf_drv_gpiote_in_is_set
 .text.GPIOTE_IRQHandler
                0x00000000000192b0      0x248 _build/nrf_drv_gpiote.o
                0x00000000000192b0                GPIOTE_IRQHandler
 .text.sd_flash_write
                0x00000000000194f8        0x4 _build/pstorage.o
 .text.sd_flash_page_erase
                0x00000000000194fc        0x4 _build/pstorage.o
 .text.flash_api_err_code_process
                0x0000000000019500       0x60 _build/pstorage.o
 .text.state_entry_action_run
                0x0000000000019560      0x1b4 _build/pstorage.o
 .text.clear_operation_execute
                0x0000000000019714      0x194 _build/pstorage.o
 .text.unlikely.cmd_queue_enqueue
                0x00000000000198a8       0x8c _build/pstorage.o
 .text.tail_restore_state_run
                0x0000000000019934       0xb4 _build/pstorage.o
 .text.state_write_data_swap_entry_run
                0x00000000000199e8       0xb0 _build/pstorage.o
 .text.state_restore_head_entry_run
                0x0000000000019a98       0xb0 _build/pstorage.o
 .text.data_to_swap_write_state_run
                0x0000000000019b48       0xa0 _build/pstorage.o
 .text.state_restore_tail_entry_run
                0x0000000000019be8       0xc0 _build/pstorage.o
 .text.state_erase_data_page_entry_run
                0x0000000000019ca8       0x70 _build/pstorage.o
 .text.swap_erase_state_run
                0x0000000000019d18       0xd4 _build/pstorage.o
 .text.state_swap_erase_entry_run
                0x0000000000019dec       0xa4 _build/pstorage.o
 .text.store_cmd_flash_write_execute
                0x0000000000019e90      0x120 _build/pstorage.o
 .text.head_restore_state_run
                0x0000000000019fb0      0x21c _build/pstorage.o
 .text.data_page_erase_state_run
                0x000000000001a1cc      0x26c _build/pstorage.o
 .text.command_end_procedure_run
                0x000000000001a438       0xb8 _build/pstorage.o
 .text.pstorage_sys_event_handler
                0x000000000001a4f0      0x1cc _build/pstorage.o
                0x000000000001a4f0                pstorage_sys_event_handler
 .text.pstorage_init
                0x000000000001a6bc      0x14c _build/pstorage.o
                0x000000000001a6bc                pstorage_init
 .text.pstorage_register
                0x000000000001a808       0xec _build/pstorage.o
                0x000000000001a808                pstorage_register
 .text.pstorage_block_identifier_get
                0x000000000001a8f4       0x50 _build/pstorage.o
                0x000000000001a8f4                pstorage_block_identifier_get
 .text.pstorage_store
                0x000000000001a944       0x88 _build/pstorage.o
                0x000000000001a944                pstorage_store
 .text.pstorage_update
                0x000000000001a9cc       0x88 _build/pstorage.o
                0x000000000001a9cc                pstorage_update
 .text.pstorage_load
                0x000000000001aa54       0xa8 _build/pstorage.o
                0x000000000001aa54                pstorage_load
 .text.pstorage_clear
                0x000000000001aafc       0x94 _build/pstorage.o
                0x000000000001aafc                pstorage_clear
 .text.pstorage_access_status_get
                0x000000000001ab90       0x28 _build/pstorage.o
                0x000000000001ab90                pstorage_access_status_get
 .text.alert_timer_handler
                0x000000000001abb8       0x28 _build/bsp.o
 .text.bsp_button_event_handler
                0x000000000001abe0       0xd0 _build/bsp.o
 .text.leds_timer_handler
                0x000000000001acb0      0x2d4 _build/bsp.o
 .text.button_timer_handler
                0x000000000001af84       0x48 _build/bsp.o
 .text.bsp_button_is_pressed
                0x000000000001afcc       0x2c _build/bsp.o
                0x000000000001afcc                bsp_button_is_pressed
 .text.bsp_indication_set
                0x000000000001aff8      0x354 _build/bsp.o
                0x000000000001aff8                bsp_indication_set
 .text.bsp_init
                0x000000000001b34c       0xc0 _build/bsp.o
                0x000000000001b34c                bsp_init
 .text.bsp_event_to_button_action_assign
                0x000000000001b40c       0x58 _build/bsp.o
                0x000000000001b40c                bsp_event_to_button_action_assign
 .text.bsp_wakeup_buttons_set
                0x000000000001b464       0x8c _build/bsp.o
                0x000000000001b464                bsp_wakeup_buttons_set
 .text.bsp_btn_ble_sleep_mode_prepare
                0x000000000001b4f0       0x18 _build/bsp_btn_ble.o
                0x000000000001b4f0                bsp_btn_ble_sleep_mode_prepare
 .text.bsp_btn_ble_on_ble_evt
                0x000000000001b508       0xbc _build/bsp_btn_ble.o
                0x000000000001b508                bsp_btn_ble_on_ble_evt
 .text.bsp_btn_ble_init
                0x000000000001b5c4       0x9c _build/bsp_btn_ble.o
                0x000000000001b5c4                bsp_btn_ble_init
 .text.sd_ble_gap_disconnect
                0x000000000001b660        0x4 _build/main.o
 .text.sd_ble_gap_appearance_set
                0x000000000001b664        0x4 _build/main.o
 .text.sd_ble_gap_ppcp_set
                0x000000000001b668        0x4 _build/main.o
 .text.sd_ble_gap_device_name_set
                0x000000000001b66c        0x4 _build/main.o
 .text.sd_ble_enable
                0x000000000001b670        0x4 _build/main.o
 .text.sd_power_system_off
                0x000000000001b674        0x4 _build/main.o
 .text.sd_app_evt_wait
                0x000000000001b678        0x4 _build/main.o
 .text.conn_params_error_handler
                0x000000000001b67c        0xc _build/main.o
 .text.sensor_contact_detected_timeout_handler
                0x000000000001b688       0x1c _build/main.o
 .text.heart_rate_meas_timeout_handler
                0x000000000001b6a4       0x64 _build/main.o
 .text.battery_level_meas_timeout_handler
                0x000000000001b708       0x44 _build/main.o
 .text.sys_evt_dispatch
                0x000000000001b74c       0x10 _build/main.o
 .text.device_manager_evt_handler
                0x000000000001b75c       0x14 _build/main.o
 .text.on_conn_params_evt
                0x000000000001b770       0x28 _build/main.o
 .text.ble_evt_dispatch
                0x000000000001b798       0x64 _build/main.o
 .text.bsp_event_handler
                0x000000000001b7fc       0x68 _build/main.o
                0x000000000001b7fc                bsp_event_handler
 .text.rr_interval_timeout_handler
                0x000000000001b864       0x2c _build/main.o
 .text.on_adv_evt
                0x000000000001b890       0x50 _build/main.o
 .text.assert_nrf_callback
                0x000000000001b8e0       0x14 _build/main.o
                0x000000000001b8e0                assert_nrf_callback
 .text.startup.main
                0x000000000001b8f4      0x4d4 _build/main.o
                0x000000000001b8f4                main
 .text.sd_ble_gap_adv_data_set
                0x000000000001bdc8        0x4 _build/ble_advdata.o
 .text.sd_ble_gap_appearance_get
                0x000000000001bdcc        0x4 _build/ble_advdata.o
 .text.sd_ble_gap_device_name_get
                0x000000000001bdd0        0x4 _build/ble_advdata.o
 .text.sd_ble_uuid_encode
                0x000000000001bdd4        0x4 _build/ble_advdata.o
 .text.uuid_list_sized_encode
                0x000000000001bdd8       0xdc _build/ble_advdata.o
 .text.ble_advdata_set
                0x000000000001beb4      0x77c _build/ble_advdata.o
                0x000000000001beb4                ble_advdata_set
 .text.sd_ble_gap_adv_start
                0x000000000001c630        0x4 _build/ble_advertising.o
 .text.sd_ble_gap_adv_stop
                0x000000000001c634        0x4 _build/ble_advertising.o
 .text.ble_advertising_init
                0x000000000001c638      0x148 _build/ble_advertising.o
                0x000000000001c638                ble_advertising_init
 .text.ble_advertising_start
                0x000000000001c780      0x2c0 _build/ble_advertising.o
                0x000000000001c780                ble_advertising_start
 .text.ble_advertising_on_ble_evt
                0x000000000001ca40       0xb0 _build/ble_advertising.o
                0x000000000001ca40                ble_advertising_on_ble_evt
 .text.ble_advertising_on_sys_evt
                0x000000000001caf0      0x2e0 _build/ble_advertising.o
                0x000000000001caf0                ble_advertising_on_sys_evt
 .text.ble_advertising_restart_without_whitelist
                0x000000000001cdd0      0x324 _build/ble_advertising.o
                0x000000000001cdd0                ble_advertising_restart_without_whitelist
 .text.sd_ble_gatts_service_add
                0x000000000001d0f4        0x4 _build/ble_bas.o
 .text.sd_ble_gatts_characteristic_add
                0x000000000001d0f8        0x4 _build/ble_bas.o
 .text.sd_ble_gatts_descriptor_add
                0x000000000001d0fc        0x4 _build/ble_bas.o
 .text.sd_ble_gatts_value_set
                0x000000000001d100        0x4 _build/ble_bas.o
 .text.sd_ble_gatts_hvx
                0x000000000001d104        0x4 _build/ble_bas.o
 .text.ble_bas_on_ble_evt
                0x000000000001d108       0x5c _build/ble_bas.o
                0x000000000001d108                ble_bas_on_ble_evt
 .text.ble_bas_init
                0x000000000001d164      0x1d0 _build/ble_bas.o
                0x000000000001d164                ble_bas_init
 .text.ble_bas_battery_level_update
                0x000000000001d334       0x84 _build/ble_bas.o
                0x000000000001d334                ble_bas_battery_level_update
 .text.sd_ble_gap_conn_param_update
                0x000000000001d3b8        0x4 _build/ble_conn_params.o
 .text.sd_ble_gap_disconnect
                0x000000000001d3bc        0x4 _build/ble_conn_params.o
 .text.sd_ble_gap_ppcp_set
                0x000000000001d3c0        0x4 _build/ble_conn_params.o
 .text.sd_ble_gap_ppcp_get
                0x000000000001d3c4        0x4 _build/ble_conn_params.o
 .text.update_timeout_handler
                0x000000000001d3c8       0x78 _build/ble_conn_params.o
 .text.conn_params_negotiation
                0x000000000001d440       0x8c _build/ble_conn_params.o
 .text.ble_conn_params_init
                0x000000000001d4cc       0x78 _build/ble_conn_params.o
                0x000000000001d4cc                ble_conn_params_init
 .text.ble_conn_params_on_ble_evt
                0x000000000001d544       0xb0 _build/ble_conn_params.o
                0x000000000001d544                ble_conn_params_on_ble_evt
 .text.sd_ble_gatts_service_add
                0x000000000001d5f4        0x4 _build/ble_dis.o
 .text.sd_ble_gatts_characteristic_add
                0x000000000001d5f8        0x4 _build/ble_dis.o
 .text.char_add
                0x000000000001d5fc       0xd0 _build/ble_dis.o
 .text.ble_dis_init
                0x000000000001d6cc      0x2ec _build/ble_dis.o
                0x000000000001d6cc                ble_dis_init
 .text.sd_ble_gatts_service_add
                0x000000000001d9b8        0x4 _build/ble_hrs.o
 .text.sd_ble_gatts_characteristic_add
                0x000000000001d9bc        0x4 _build/ble_hrs.o
 .text.sd_ble_gatts_hvx
                0x000000000001d9c0        0x4 _build/ble_hrs.o
 .text.ble_hrs_on_ble_evt
                0x000000000001d9c4       0x54 _build/ble_hrs.o
                0x000000000001d9c4                ble_hrs_on_ble_evt
 .text.ble_hrs_init
                0x000000000001da18      0x2d4 _build/ble_hrs.o
                0x000000000001da18                ble_hrs_init
 .text.ble_hrs_heart_rate_measurement_send
                0x000000000001dcec      0x118 _build/ble_hrs.o
                0x000000000001dcec                ble_hrs_heart_rate_measurement_send
 .text.ble_hrs_rr_interval_add
                0x000000000001de04       0x34 _build/ble_hrs.o
                0x000000000001de04                ble_hrs_rr_interval_add
 .text.ble_hrs_sensor_contact_detected_update
                0x000000000001de38        0x8 _build/ble_hrs.o
                0x000000000001de38                ble_hrs_sensor_contact_detected_update
 .text.ble_srv_report_ref_encode
                0x000000000001de40        0xc _build/ble_srv_common.o
                0x000000000001de40                ble_srv_report_ref_encode
 .text.ble_srv_ascii_to_utf8
                0x000000000001de4c       0x14 _build/ble_srv_common.o
                0x000000000001de4c                ble_srv_ascii_to_utf8
 .text.sd_ble_gap_sec_params_reply
                0x000000000001de60        0x4 _build/device_manager_peripheral.o
 .text.sd_ble_gap_sec_info_reply
                0x000000000001de64        0x4 _build/device_manager_peripheral.o
 .text.sd_ble_gatts_service_changed
                0x000000000001de68        0x4 _build/device_manager_peripheral.o
 .text.sd_ble_gatts_sys_attr_set
                0x000000000001de6c        0x4 _build/device_manager_peripheral.o
 .text.sd_ble_gatts_sys_attr_get
                0x000000000001de70        0x4 _build/device_manager_peripheral.o
 .text.storage_operation_dummy_handler
                0x000000000001de74        0x4 _build/device_manager_peripheral.o
 .text.no_service_context_store
                0x000000000001de78        0x4 _build/device_manager_peripheral.o
 .text.gattc_context_store
                0x000000000001de7c        0x4 _build/device_manager_peripheral.o
 .text.no_service_context_load
                0x000000000001de80        0x4 _build/device_manager_peripheral.o
 .text.gattc_context_load
                0x000000000001de84        0x4 _build/device_manager_peripheral.o
 .text.no_service_context_apply
                0x000000000001de88        0x4 _build/device_manager_peripheral.o
 .text.gattc_context_apply
                0x000000000001de8c        0x4 _build/device_manager_peripheral.o
 .text.gatts_context_apply
                0x000000000001de90       0xec _build/device_manager_peripheral.o
 .text.gatts_context_store
                0x000000000001df7c       0xd4 _build/device_manager_peripheral.o
 .text.gatts_context_load
                0x000000000001e050       0x3c _build/device_manager_peripheral.o
 .text.dm_pstorage_cb_handler
                0x000000000001e08c      0x164 _build/device_manager_peripheral.o
 .text.gattsc_context_load
                0x000000000001e1f0       0x3c _build/device_manager_peripheral.o
 .text.gattsc_context_apply
                0x000000000001e22c       0xe4 _build/device_manager_peripheral.o
 .text.gattsc_context_store
                0x000000000001e310       0xd4 _build/device_manager_peripheral.o
 .text.dm_init  0x000000000001e3e4      0x14c _build/device_manager_peripheral.o
                0x000000000001e3e4                dm_init
 .text.dm_register
                0x000000000001e530       0x7c _build/device_manager_peripheral.o
                0x000000000001e530                dm_register
 .text.bond_data_load
                0x000000000001e5ac       0x50 _build/device_manager_peripheral.o
                0x000000000001e5ac                bond_data_load
 .text.dm_ble_evt_handler
                0x000000000001e5fc      0x6d0 _build/device_manager_peripheral.o
                0x000000000001e5fc                dm_ble_evt_handler
 .text.SystemInit
                0x000000000001eccc       0x9c _build/system_nrf51.o
                0x000000000001eccc                SystemInit
 .text.sd_nvic_EnableIRQ
                0x000000000001ed68        0x4 _build/softdevice_handler.o
 .text.sd_evt_get
                0x000000000001ed6c        0x4 _build/softdevice_handler.o
 .text.sd_softdevice_enable
                0x000000000001ed70        0x4 _build/softdevice_handler.o
 .text.sd_ble_evt_get
                0x000000000001ed74        0x4 _build/softdevice_handler.o
 .text.softdevice_assertion_handler
                0x000000000001ed78        0xc _build/softdevice_handler.o
                0x000000000001ed78                softdevice_assertion_handler
 .text.intern_softdevice_events_execute.part.0
                0x000000000001ed84       0xe0 _build/softdevice_handler.o
 .text.softdevice_handler_init
                0x000000000001ee64       0x4c _build/softdevice_handler.o
                0x000000000001ee64                softdevice_handler_init
 .text.softdevice_ble_evt_handler_set
                0x000000000001eeb0       0x14 _build/softdevice_handler.o
                0x000000000001eeb0                softdevice_ble_evt_handler_set
 .text.softdevice_sys_evt_handler_set
                0x000000000001eec4       0x14 _build/softdevice_handler.o
                0x000000000001eec4                softdevice_sys_evt_handler_set
 .text.SWI2_IRQHandler
                0x000000000001eed8       0x34 _build/softdevice_handler.o
                0x000000000001eed8                SWI2_IRQHandler
 .text          0x000000000001ef0c       0x54 _build/gcc_startup_nrf51.o
                0x000000000001ef0c                Reset_Handler
                0x000000000001ef54                NMI_Handler
                0x000000000001ef56                HardFault_Handler
                0x000000000001ef58                SVC_Handler
                0x000000000001ef5a                PendSV_Handler
                0x000000000001ef5c                SysTick_Handler
                0x000000000001ef5e                SWI4_IRQHandler
                0x000000000001ef5e                TEMP_IRQHandler
                0x000000000001ef5e                QDEC_IRQHandler
                0x000000000001ef5e                SWI5_IRQHandler
                0x000000000001ef5e                TIMER0_IRQHandler
                0x000000000001ef5e                TIMER1_IRQHandler
                0x000000000001ef5e                ECB_IRQHandler
                0x000000000001ef5e                Default_Handler
                0x000000000001ef5e                ADC_IRQHandler
                0x000000000001ef5e                SWI3_IRQHandler
                0x000000000001ef5e                CCM_AAR_IRQHandler
                0x000000000001ef5e                WDT_IRQHandler
                0x000000000001ef5e                RNG_IRQHandler
                0x000000000001ef5e                SPI1_TWI1_IRQHandler
                0x000000000001ef5e                TIMER2_IRQHandler
                0x000000000001ef5e                SWI1_IRQHandler
                0x000000000001ef5e                SPI0_TWI0_IRQHandler
                0x000000000001ef5e                RTC0_IRQHandler
                0x000000000001ef5e                POWER_CLOCK_IRQHandler
                0x000000000001ef5e                RADIO_IRQHandler
                0x000000000001ef5e                LPCOMP_IRQHandler
 .text          0x000000000001ef60      0x120 /usr/local/gcc_arm/gcc-arm-none-eabi-4_9-2015q3/bin/../lib/gcc/arm-none-eabi/4.9.3/armv6-m/libgcc.a(_udivsi3.o)
                0x000000000001ef60                __udivsi3
                0x000000000001ef60                __aeabi_uidiv
                0x000000000001f06c                __aeabi_uidivmod
 .text          0x000000000001f080      0x1e0 /usr/local/gcc_arm/gcc-arm-none-eabi-4_9-2015q3/bin/../lib/gcc/arm-none-eabi/4.9.3/armv6-m/libgcc.a(_divsi3.o)
                0x000000000001f080                __aeabi_idiv
                0x000000000001f080                __divsi3
                0x000000000001f24c                __aeabi_idivmod
 .text          0x000000000001f260        0x4 /usr/local/gcc_arm/gcc-arm-none-eabi-4_9-2015q3/bin/../lib/gcc/arm-none-eabi/4.9.3/armv6-m/libgcc.a(_dvmd_tls.o)
                0x000000000001f260                __aeabi_ldiv0
                0x000000000001f260                __aeabi_idiv0
 .text.memcmp   0x000000000001f264       0x1e /usr/local/gcc_arm/gcc-arm-none-eabi-4_9-2015q3/bin/../lib/gcc/arm-none-eabi/4.9.3/../../../../arm-none-eabi/lib/armv6-m/libc_nano.a(lib_a-memcmp.o)
                0x000000000001f264                memcmp
 .text.memcpy   0x000000000001f282       0x12 /usr/local/gcc_arm/gcc-arm-none-eabi-4_9-2015q3/bin/../lib/gcc/arm-none-eabi/4.9.3/../../../../arm-none-eabi/lib/armv6-m/libc_nano.a(lib_a-memcpy.o)
                0x000000000001f282                memcpy
 .text.memmove  0x000000000001f294       0x28 /usr/local/gcc_arm/gcc-arm-none-eabi-4_9-2015q3/bin/../lib/gcc/arm-none-eabi/4.9.3/../../../../arm-none-eabi/lib/armv6-m/libc_nano.a(lib_a-memmove.o)
                0x000000000001f294                memmove
 .text.strlen   0x000000000001f2bc        0xe /usr/local/gcc_arm/gcc-arm-none-eabi-4_9-2015q3/bin/../lib/gcc/arm-none-eabi/4.9.3/../../../../arm-none-eabi/lib/armv6-m/libc_nano.a(lib_a-strlen.o)
                0x000000000001f2bc                strlen
 *(.init)
 *fill*         0x000000000001f2ca        0x2 
 .init          0x000000000001f2cc        0x4 /usr/local/gcc_arm/gcc-arm-none-eabi-4_9-2015q3/bin/../lib/gcc/arm-none-eabi/4.9.3/armv6-m/crti.o
                0x000000000001f2cc                _init
 .init          0x000000000001f2d0        0x8 /usr/local/gcc_arm/gcc-arm-none-eabi-4_9-2015q3/bin/../lib/gcc/arm-none-eabi/4.9.3/armv6-m/crtn.o
 *(.fini)
 .fini          0x000000000001f2d8        0x4 /usr/local/gcc_arm/gcc-arm-none-eabi-4_9-2015q3/bin/../lib/gcc/arm-none-eabi/4.9.3/armv6-m/crti.o
                0x000000000001f2d8                _fini
 .fini          0x000000000001f2dc        0x8 /usr/local/gcc_arm/gcc-arm-none-eabi-4_9-2015q3/bin/../lib/gcc/arm-none-eabi/4.9.3/armv6-m/crtn.o
 *crtbegin.o(.ctors)
 *crtbegin?.o(.ctors)
 *(EXCLUDE_FILE(*crtend.o *crtend?.o) .ctors)
 *(SORT(.ctors.*))
 *(.ctors)
 *crtbegin.o(.dtors)
 *crtbegin?.o(.dtors)
 *(EXCLUDE_FILE(*crtend.o *crtend?.o) .dtors)
 *(SORT(.dtors.*))
 *(.dtors)
 *(.rodata*)
 .rodata.str1.1
                0x000000000001f2e4        0x2 /usr/local/gcc_arm/gcc-arm-none-eabi-4_9-2015q3/bin/../lib/gcc/arm-none-eabi/4.9.3/../../../../arm-none-eabi/lib/armv6-m/libc_nano.a(lib_a-impure.o)
 *fill*         0x000000000001f2e6        0x2 
 .rodata._global_impure_ptr
                0x000000000001f2e8        0x4 /usr/local/gcc_arm/gcc-arm-none-eabi-4_9-2015q3/bin/../lib/gcc/arm-none-eabi/4.9.3/../../../../arm-none-eabi/lib/armv6-m/libc_nano.a(lib_a-impure.o)
                0x000000000001f2e8                _global_impure_ptr
 .rodata.swap_sub_state_sm_lut.5948
                0x000000000001f2ec       0x14 _build/pstorage.o
 .rodata.swap_sub_state_sm_lut.5873
                0x000000000001f300       0x14 _build/pstorage.o
 .rodata.leds_timer_handler
                0x000000000001f314       0x60 _build/bsp.o
 .rodata.bsp_indication_set
                0x000000000001f374       0x60 _build/bsp.o
 .rodata.m_buttons_list
                0x000000000001f3d4       0x10 _build/bsp.o
 .rodata.app_buttons
                0x000000000001f3e4       0x20 _build/bsp.o
 .rodata.str1.4
                0x000000000001f404       0x20 _build/main.o
 .rodata.dm_ble_evt_handler
                0x000000000001f424      0x108 _build/device_manager_peripheral.o
 .rodata.m_service_context_store
                0x000000000001f52c       0x10 _build/device_manager_peripheral.o
                0x000000000001f52c                m_service_context_store
 .rodata.m_service_context_load
                0x000000000001f53c       0x10 _build/device_manager_peripheral.o
                0x000000000001f53c                m_service_context_load
 .rodata.m_service_context_apply
                0x000000000001f54c       0x10 _build/device_manager_peripheral.o
                0x000000000001f54c                m_service_context_apply
 .rodata.m_context_init_len
                0x000000000001f55c        0x4 _build/device_manager_peripheral.o
                0x000000000001f55c                m_context_init_len
 *(.eh_frame*)
                0x000000000001f560                . = ALIGN (0x4)

.glue_7         0x000000000001f560        0x0
 .glue_7        0x0000000000000000        0x0 linker stubs

.glue_7t        0x000000000001f560        0x0
 .glue_7t       0x0000000000000000        0x0 linker stubs

.vfp11_veneer   0x000000000001f560        0x0
 .vfp11_veneer  0x0000000000000000        0x0 linker stubs

.v4_bx          0x000000000001f560        0x0
 .v4_bx         0x0000000000000000        0x0 linker stubs

.iplt           0x000000000001f560        0x0
 .iplt          0x0000000000000000        0x0 /usr/local/gcc_arm/gcc-arm-none-eabi-4_9-2015q3/bin/../lib/gcc/arm-none-eabi/4.9.3/armv6-m/crtbegin.o

.ARM.extab      0x000000000001f560        0x0
 *(.ARM.extab* .gnu.linkonce.armextab.*)
                0x000000000001f560                . = ALIGN (0x4)
                0x000000000001f560                __exidx_start = .

.ARM.exidx      0x000000000001f560        0x8
 *(.ARM.exidx* .gnu.linkonce.armexidx.*)
 .ARM.exidx     0x000000000001f560        0x8 /usr/local/gcc_arm/gcc-arm-none-eabi-4_9-2015q3/bin/../lib/gcc/arm-none-eabi/4.9.3/../../../../arm-none-eabi/lib/armv6-m/crt0.o
 .ARM.exidx     0x000000000001f568        0x0 _build/gcc_startup_nrf51.o
                                          0x8 (size before relaxing)
                0x000000000001f568                . = ALIGN (0x4)
                0x000000000001f568                __exidx_end = .
                0x000000000001f568                __etext = .

.rel.dyn        0x000000000001f568        0x0
 .rel.iplt      0x0000000000000000        0x0 /usr/local/gcc_arm/gcc-arm-none-eabi-4_9-2015q3/bin/../lib/gcc/arm-none-eabi/4.9.3/armv6-m/crtbegin.o

.data           0x0000000020002000       0x74 load address 0x000000000001f568
                0x0000000020002000                __data_start__ = .
 *(vtable)
 *(.data*)
 .data.impure_data
                0x0000000020002000       0x60 /usr/local/gcc_arm/gcc-arm-none-eabi-4_9-2015q3/bin/../lib/gcc/arm-none-eabi/4.9.3/../../../../arm-none-eabi/lib/armv6-m/libc_nano.a(lib_a-impure.o)
 .data.m_conn_handle
                0x0000000020002060        0x2 _build/main.o
 .data.m_rr_interval_enabled
                0x0000000020002062        0x1 _build/main.o
 *fill*         0x0000000020002063        0x1 
 .data.m_adv_uuids
                0x0000000020002064        0xc _build/main.o
 .data.current_slave_link_conn_handle.7150
                0x0000000020002070        0x2 _build/ble_advertising.o
                0x0000000020002074                . = ALIGN (0x4)
 *fill*         0x0000000020002072        0x2 
                0x0000000020002074                PROVIDE (__preinit_array_start, .)
 *(.preinit_array)
                0x0000000020002074                PROVIDE (__preinit_array_end, .)
                0x0000000020002074                . = ALIGN (0x4)
                0x0000000020002074                PROVIDE (__init_array_start, .)
 *(SORT(.init_array.*))
 *(.init_array)
                0x0000000020002074                PROVIDE (__init_array_end, .)
                0x0000000020002074                . = ALIGN (0x4)
                0x0000000020002074                PROVIDE (__fini_array_start, .)
 *(SORT(.fini_array.*))
 *(.fini_array)
                0x0000000020002074                PROVIDE (__fini_array_end, .)
 *(.jcr)
                0x0000000020002074                . = ALIGN (0x4)
                0x0000000020002074                __data_end__ = .

.igot.plt       0x0000000020002074        0x0 load address 0x000000000001f5dc
 .igot.plt      0x0000000000000000        0x0 /usr/local/gcc_arm/gcc-arm-none-eabi-4_9-2015q3/bin/../lib/gcc/arm-none-eabi/4.9.3/armv6-m/crtbegin.o

.bss            0x0000000020002074      0x934 load address 0x000000000001f5dc
                0x0000000020002074                . = ALIGN (0x4)
                0x0000000020002074                __bss_start__ = .
 *(.bss*)
 .bss.m_detection_delay
                0x0000000020002074        0x4 _build/app_button.o
 .bss.mp_buttons
                0x0000000020002078        0x4 _build/app_button.o
 .bss.m_button_count
                0x000000002000207c        0x1 _build/app_button.o
 *fill*         0x000000002000207d        0x3 
 .bss.m_pin_state
                0x0000000020002080        0x4 _build/app_button.o
 .bss.m_detection_delay_timer_id
                0x0000000020002084        0x4 _build/app_button.o
 .bss.m_pin_transition
                0x0000000020002088        0x4 _build/app_button.o
 .bss.m_ticks_latest
                0x000000002000208c        0x4 _build/app_timer.o
 .bss.m_evt_schedule_func
                0x0000000020002090        0x4 _build/app_timer.o
 .bss.mp_nodes  0x0000000020002094        0x4 _build/app_timer.o
 .bss.m_user_array_size
                0x0000000020002098        0x1 _build/app_timer.o
 *fill*         0x0000000020002099        0x3 
 .bss.mp_users  0x000000002000209c        0x4 _build/app_timer.o
 .bss.m_ticks_elapsed_q_read_ind
                0x00000000200020a0        0x1 _build/app_timer.o
 .bss.m_ticks_elapsed_q_write_ind
                0x00000000200020a1        0x1 _build/app_timer.o
 .bss.m_node_array_size
                0x00000000200020a2        0x1 _build/app_timer.o
 *fill*         0x00000000200020a3        0x1 
 .bss.m_timer_id_head
                0x00000000200020a4        0x4 _build/app_timer.o
 .bss.m_rtc1_reset
                0x00000000200020a8        0x1 _build/app_timer.o
 *fill*         0x00000000200020a9        0x3 
 .bss.m_ticks_elapsed
                0x00000000200020ac        0x8 _build/app_timer.o
 .bss.m_rtc1_running
                0x00000000200020b4        0x1 _build/app_timer.o
 *fill*         0x00000000200020b5        0x3 
 .bss.m_event_handler
                0x00000000200020b8        0x4 _build/app_uart_fifo.o
 .bss.m_tx_fifo
                0x00000000200020bc       0x10 _build/app_uart_fifo.o
 .bss.m_current_state
                0x00000000200020cc        0x1 _build/app_uart_fifo.o
 *fill*         0x00000000200020cd        0x3 
 .bss.m_rx_fifo
                0x00000000200020d0       0x10 _build/app_uart_fifo.o
 .bss.m_cb      0x00000000200020e0       0x50 _build/nrf_drv_gpiote.o
 .bss.m_cmd_queue
                0x0000000020002130       0xcc _build/pstorage.o
 .bss.m_num_of_bytes_written
                0x00000000200021fc        0x4 _build/pstorage.o
 .bss.m_tail_word_size
                0x0000000020002200        0x4 _build/pstorage.o
 .bss.m_app_table
                0x0000000020002204        0xc _build/pstorage.o
 .bss.m_next_app_instance
                0x0000000020002210        0x2 _build/pstorage.o
 *fill*         0x0000000020002212        0x2 
 .bss.m_flags   0x0000000020002214        0x4 _build/pstorage.o
 .bss.m_swap_sub_state
                0x0000000020002218        0x1 _build/pstorage.o
 .bss.m_state   0x0000000020002219        0x1 _build/pstorage.o
 *fill*         0x000000002000221a        0x2 
 .bss.m_next_page_addr
                0x000000002000221c        0x4 _build/pstorage.o
 .bss.m_app_data_size
                0x0000000020002220        0x4 _build/pstorage.o
 .bss.m_num_of_command_retries
                0x0000000020002224        0x4 _build/pstorage.o
 .bss.m_head_word_size
                0x0000000020002228        0x4 _build/pstorage.o
 .bss.m_current_page_id
                0x000000002000222c        0x4 _build/pstorage.o
 .bss.release_event_at_push.5913
                0x0000000020002230        0x4 _build/bsp.o
 .bss.m_indication_type
                0x0000000020002234        0x4 _build/bsp.o
 .bss.m_button_timer_id
                0x0000000020002238        0x4 _build/bsp.o
 .bss.m_app_ticks_per_100ms
                0x000000002000223c        0x4 _build/bsp.o
 .bss.m_alert_timer_id
                0x0000000020002240        0x4 _build/bsp.o
 .bss.m_registered_callback
                0x0000000020002244        0x4 _build/bsp.o
 .bss.m_stable_state
                0x0000000020002248        0x1 _build/bsp.o
 .bss.current_long_push_pin_no.5912
                0x0000000020002249        0x1 _build/bsp.o
 *fill*         0x000000002000224a        0x2 
 .bss.m_leds_timer_id
                0x000000002000224c        0x4 _build/bsp.o
 .bss.m_events_list
                0x0000000020002250        0xc _build/bsp.o
 .bss.m_error_handler
                0x000000002000225c        0x4 _build/bsp_btn_ble.o
 .bss.m_num_connections
                0x0000000020002260        0x4 _build/bsp_btn_ble.o
 .bss.m_heart_rate_sim_state
                0x0000000020002264        0x8 _build/main.o
 .bss.m_rr_interval_sim_state
                0x000000002000226c        0x8 _build/main.o
 .bss.m_battery_sim_cfg
                0x0000000020002274       0x10 _build/main.o
 .bss.m_battery_sim_state
                0x0000000020002284        0x8 _build/main.o
 .bss.sensor_contact_detected.8309
                0x000000002000228c        0x1 _build/main.o
 .bss.m_app_handle
                0x000000002000228d        0x1 _build/main.o
 *fill*         0x000000002000228e        0x2 
 .bss.cnt.8299  0x0000000020002290        0x4 _build/main.o
 .bss.m_heart_rate_sim_cfg
                0x0000000020002294       0x10 _build/main.o
 .bss.m_hrs     0x00000000200022a4       0x50 _build/main.o
 .bss.APP_TIMER_BUF.8314
                0x00000000200022f4      0x330 _build/main.o
 .bss.BLE_EVT_BUFFER.8401
                0x0000000020002624       0x48 _build/main.o
 .bss.m_rr_interval_timer_id
                0x000000002000266c        0x4 _build/main.o
 .bss.m_heart_rate_timer_id
                0x0000000020002670        0x4 _build/main.o
 .bss.m_battery_timer_id
                0x0000000020002674        0x4 _build/main.o
 .bss.m_rr_interval_sim_cfg
                0x0000000020002678       0x10 _build/main.o
 .bss.m_sensor_contact_timer_id
                0x0000000020002688        0x4 _build/main.o
 .bss.m_bas     0x000000002000268c       0x18 _build/main.o
 .bss.m_advdata
                0x00000000200026a4       0x30 _build/ble_advertising.o
 .bss.m_manuf_specific_data
                0x00000000200026d4        0xc _build/ble_advertising.o
 .bss.m_evt_handler
                0x00000000200026e0        0x4 _build/ble_advertising.o
 .bss.m_manuf_data_array
                0x00000000200026e4       0x1f _build/ble_advertising.o
 .bss.m_whitelist_temporarily_disabled
                0x0000000020002703        0x1 _build/ble_advertising.o
 .bss.m_error_handler
                0x0000000020002704        0x4 _build/ble_advertising.o
 .bss.m_peer_address
                0x0000000020002708        0x7 _build/ble_advertising.o
 *fill*         0x000000002000270f        0x1 
 .bss.m_adv_modes_config
                0x0000000020002710       0x24 _build/ble_advertising.o
 .bss.mp_whitelist_addr
                0x0000000020002734       0x20 _build/ble_advertising.o
 .bss.m_tx_power_level
                0x0000000020002754        0x1 _build/ble_advertising.o
 *fill*         0x0000000020002755        0x3 
 .bss.m_whitelist
                0x0000000020002758       0x10 _build/ble_advertising.o
 .bss.m_service_data_array
                0x0000000020002768       0x1f _build/ble_advertising.o
 .bss.m_peer_addr_reply_expected
                0x0000000020002787        0x1 _build/ble_advertising.o
 .bss.m_whitelist_reply_expected
                0x0000000020002788        0x1 _build/ble_advertising.o
 *fill*         0x0000000020002789        0x3 
 .bss.mp_whitelist_irk
                0x000000002000278c       0x20 _build/ble_advertising.o
 .bss.m_adv_mode_current
                0x00000000200027ac        0x1 _build/ble_advertising.o
 .bss.m_advertising_start_pending
                0x00000000200027ad        0x1 _build/ble_advertising.o
 *fill*         0x00000000200027ae        0x2 
 .bss.m_slave_conn_int
                0x00000000200027b0        0x4 _build/ble_advertising.o
 .bss.m_service_data
                0x00000000200027b4        0xc _build/ble_advertising.o
 .bss.m_adv_evt
                0x00000000200027c0        0x1 _build/ble_advertising.o
 .bss.m_change_param
                0x00000000200027c1        0x1 _build/ble_conn_params.o
 *fill*         0x00000000200027c2        0x2 
 .bss.m_current_conn_params
                0x00000000200027c4        0x8 _build/ble_conn_params.o
 .bss.m_update_count
                0x00000000200027cc        0x1 _build/ble_conn_params.o
 *fill*         0x00000000200027cd        0x3 
 .bss.m_conn_params_config
                0x00000000200027d0       0x1c _build/ble_conn_params.o
 .bss.m_conn_params_timer_id
                0x00000000200027ec        0x4 _build/ble_conn_params.o
 .bss.m_conn_handle
                0x00000000200027f0        0x2 _build/ble_conn_params.o
 *fill*         0x00000000200027f2        0x2 
 .bss.m_preferred_conn_params
                0x00000000200027f4        0x8 _build/ble_conn_params.o
 .bss.sw_rev_handles
                0x00000000200027fc        0x8 _build/ble_dis.o
 .bss.model_num_handles
                0x0000000020002804        0x8 _build/ble_dis.o
 .bss.sys_id_handles
                0x000000002000280c        0x8 _build/ble_dis.o
 .bss.manufact_name_handles
                0x0000000020002814        0x8 _build/ble_dis.o
 .bss.reg_cert_data_list_handles
                0x000000002000281c        0x8 _build/ble_dis.o
 .bss.pnp_id_handles
                0x0000000020002824        0x8 _build/ble_dis.o
 .bss.hw_rev_handles
                0x000000002000282c        0x8 _build/ble_dis.o
 .bss.serial_num_handles
                0x0000000020002834        0x8 _build/ble_dis.o
 .bss.fw_rev_handles
                0x000000002000283c        0x8 _build/ble_dis.o
 .bss.service_handle
                0x0000000020002844        0x2 _build/ble_dis.o
 *fill*         0x0000000020002846        0x2 
 .bss.m_app_context_table
                0x0000000020002848       0x1c _build/device_manager_peripheral.o
 .bss.m_irk_index_table
                0x0000000020002864        0x7 _build/device_manager_peripheral.o
 .bss.m_module_initialized
                0x000000002000286b        0x1 _build/device_manager_peripheral.o
 .bss.m_connection_table
                0x000000002000286c        0xc _build/device_manager_peripheral.o
 .bss.m_peer_table
                0x0000000020002878       0xc4 _build/device_manager_peripheral.o
 .bss.m_storage_handle
                0x000000002000293c        0x8 _build/device_manager_peripheral.o
 .bss.m_bond_table
                0x0000000020002944       0x1c _build/device_manager_peripheral.o
 .bss.m_gatts_table
                0x0000000020002960       0x24 _build/device_manager_peripheral.o
 .bss.m_peer_addr_update
                0x0000000020002984        0x4 _build/device_manager_peripheral.o
 .bss.m_application_table
                0x0000000020002988        0xc _build/device_manager_peripheral.o
 .bss.m_softdevice_enabled
                0x0000000020002994        0x1 _build/softdevice_handler.o
 *fill*         0x0000000020002995        0x1 
 .bss.m_ble_evt_buffer_size
                0x0000000020002996        0x2 _build/softdevice_handler.o
 .bss.mp_ble_evt_buffer
                0x0000000020002998        0x4 _build/softdevice_handler.o
 .bss.m_sys_evt_handler
                0x000000002000299c        0x4 _build/softdevice_handler.o
 .bss.m_ble_evt_handler
                0x00000000200029a0        0x4 _build/softdevice_handler.o
 .bss.m_evt_schedule_func
                0x00000000200029a4        0x4 _build/softdevice_handler.o
 *(COMMON)
                0x00000000200029a8                . = ALIGN (0x4)
                0x00000000200029a8                __bss_end__ = .

.heap           0x00000000200029a8      0x800
                0x00000000200029a8                __end__ = .
                0x00000000200029a8                end = __end__
 *(.heap*)
 .heap          0x00000000200029a8      0x800 _build/gcc_startup_nrf51.o
                0x00000000200029a8                __HeapBase
                0x00000000200031a8                __HeapLimit = .

.stack_dummy    0x00000000200029a8      0x800
 *(.stack*)
 .stack         0x00000000200029a8      0x800 _build/gcc_startup_nrf51.o
                0x0000000020008000                __StackTop = (ORIGIN (RAM) + 0x6000)
                0x0000000020007800                __StackLimit = (__StackTop - SIZEOF (.stack_dummy))
                0x0000000020008000                PROVIDE (__stack, __StackTop)
                0x0000000000000001                ASSERT ((__StackLimit >= __HeapLimit), region RAM overflowed with stack)
OUTPUT(_build/nrf51422_xxac_s110.out elf32-littlearm)

.ARM.attributes
                0x0000000000000000       0x28
 .ARM.attributes
                0x0000000000000000       0x1e /usr/local/gcc_arm/gcc-arm-none-eabi-4_9-2015q3/bin/../lib/gcc/arm-none-eabi/4.9.3/armv6-m/crti.o
 .ARM.attributes
                0x000000000000001e       0x1b /usr/local/gcc_arm/gcc-arm-none-eabi-4_9-2015q3/bin/../lib/gcc/arm-none-eabi/4.9.3/../../../../arm-none-eabi/lib/armv6-m/crt0.o
 .ARM.attributes
                0x0000000000000039       0x2c /usr/local/gcc_arm/gcc-arm-none-eabi-4_9-2015q3/bin/../lib/gcc/arm-none-eabi/4.9.3/../../../../arm-none-eabi/lib/armv6-m/libc_nano.a(lib_a-exit.o)
 .ARM.attributes
                0x0000000000000065       0x2c /usr/local/gcc_arm/gcc-arm-none-eabi-4_9-2015q3/bin/../lib/gcc/arm-none-eabi/4.9.3/../../../../arm-none-eabi/lib/armv6-m/libc_nano.a(lib_a-impure.o)
 .ARM.attributes
                0x0000000000000091       0x2c /usr/local/gcc_arm/gcc-arm-none-eabi-4_9-2015q3/bin/../lib/gcc/arm-none-eabi/4.9.3/../../../../arm-none-eabi/lib/armv6-m/libc_nano.a(lib_a-init.o)
 .ARM.attributes
                0x00000000000000bd       0x2c /usr/local/gcc_arm/gcc-arm-none-eabi-4_9-2015q3/bin/../lib/gcc/arm-none-eabi/4.9.3/../../../../arm-none-eabi/lib/armv6-m/libc_nano.a(lib_a-memset.o)
 .ARM.attributes
                0x00000000000000e9       0x2c /usr/local/gcc_arm/gcc-arm-none-eabi-4_9-2015q3/bin/../lib/gcc/arm-none-eabi/4.9.3/../../../../arm-none-eabi/lib/armv6-m/libnosys.a(_exit.o)
 .ARM.attributes
                0x0000000000000115       0x31 _build/app_button.o
 .ARM.attributes
                0x0000000000000146       0x31 _build/app_error.o
 .ARM.attributes
                0x0000000000000177       0x31 _build/app_fifo.o
 .ARM.attributes
                0x00000000000001a8       0x31 _build/app_timer.o
 .ARM.attributes
                0x00000000000001d9       0x31 _build/sensorsim.o
 .ARM.attributes
                0x000000000000020a       0x31 _build/app_uart_fifo.o
 .ARM.attributes
                0x000000000000023b       0x31 _build/nrf_drv_common.o
 .ARM.attributes
                0x000000000000026c       0x31 _build/nrf_drv_gpiote.o
 .ARM.attributes
                0x000000000000029d       0x31 _build/pstorage.o
 .ARM.attributes
                0x00000000000002ce       0x31 _build/bsp.o
 .ARM.attributes
                0x00000000000002ff       0x31 _build/bsp_btn_ble.o
 .ARM.attributes
                0x0000000000000330       0x31 _build/main.o
 .ARM.attributes
                0x0000000000000361       0x31 _build/ble_advdata.o
 .ARM.attributes
                0x0000000000000392       0x31 _build/ble_advertising.o
 .ARM.attributes
                0x00000000000003c3       0x31 _build/ble_bas.o
 .ARM.attributes
                0x00000000000003f4       0x31 _build/ble_conn_params.o
 .ARM.attributes
                0x0000000000000425       0x31 _build/ble_dis.o
 .ARM.attributes
                0x0000000000000456       0x31 _build/ble_hrs.o
 .ARM.attributes
                0x0000000000000487       0x31 _build/ble_srv_common.o
 .ARM.attributes
                0x00000000000004b8       0x31 _build/device_manager_peripheral.o
 .ARM.attributes
                0x00000000000004e9       0x31 _build/system_nrf51.o
 .ARM.attributes
                0x000000000000051a       0x31 _build/softdevice_handler.o
 .ARM.attributes
                0x000000000000054b       0x1b _build/gcc_startup_nrf51.o
 .ARM.attributes
                0x0000000000000566       0x1e /usr/local/gcc_arm/gcc-arm-none-eabi-4_9-2015q3/bin/../lib/gcc/arm-none-eabi/4.9.3/armv6-m/libgcc.a(_udivsi3.o)
 .ARM.attributes
                0x0000000000000584       0x1e /usr/local/gcc_arm/gcc-arm-none-eabi-4_9-2015q3/bin/../lib/gcc/arm-none-eabi/4.9.3/armv6-m/libgcc.a(_divsi3.o)
 .ARM.attributes
                0x00000000000005a2       0x1e /usr/local/gcc_arm/gcc-arm-none-eabi-4_9-2015q3/bin/../lib/gcc/arm-none-eabi/4.9.3/armv6-m/libgcc.a(_dvmd_tls.o)
 .ARM.attributes
                0x00000000000005c0       0x2c /usr/local/gcc_arm/gcc-arm-none-eabi-4_9-2015q3/bin/../lib/gcc/arm-none-eabi/4.9.3/../../../../arm-none-eabi/lib/armv6-m/libc_nano.a(lib_a-memcmp.o)
 .ARM.attributes
                0x00000000000005ec       0x2c /usr/local/gcc_arm/gcc-arm-none-eabi-4_9-2015q3/bin/../lib/gcc/arm-none-eabi/4.9.3/../../../../arm-none-eabi/lib/armv6-m/libc_nano.a(lib_a-memcpy.o)
 .ARM.attributes
                0x0000000000000618       0x2c /usr/local/gcc_arm/gcc-arm-none-eabi-4_9-2015q3/bin/../lib/gcc/arm-none-eabi/4.9.3/../../../../arm-none-eabi/lib/armv6-m/libc_nano.a(lib_a-memmove.o)
 .ARM.attributes
                0x0000000000000644       0x2c /usr/local/gcc_arm/gcc-arm-none-eabi-4_9-2015q3/bin/../lib/gcc/arm-none-eabi/4.9.3/../../../../arm-none-eabi/lib/armv6-m/libc_nano.a(lib_a-strlen.o)
 .ARM.attributes
                0x0000000000000670       0x1e /usr/local/gcc_arm/gcc-arm-none-eabi-4_9-2015q3/bin/../lib/gcc/arm-none-eabi/4.9.3/armv6-m/crtn.o

.comment        0x0000000000000000       0x70
 .comment       0x0000000000000000       0x70 _build/app_button.o
                                         0x71 (size before relaxing)
 .comment       0x0000000000000000       0x71 _build/app_error.o
 .comment       0x0000000000000000       0x71 _build/app_fifo.o
 .comment       0x0000000000000000       0x71 _build/app_timer.o
 .comment       0x0000000000000000       0x71 _build/sensorsim.o
 .comment       0x0000000000000000       0x71 _build/app_uart_fifo.o
 .comment       0x0000000000000000       0x71 _build/nrf_drv_common.o
 .comment       0x0000000000000000       0x71 _build/nrf_drv_gpiote.o
 .comment       0x0000000000000000       0x71 _build/pstorage.o
 .comment       0x0000000000000000       0x71 _build/bsp.o
 .comment       0x0000000000000000       0x71 _build/bsp_btn_ble.o
 .comment       0x0000000000000000       0x71 _build/main.o
 .comment       0x0000000000000000       0x71 _build/ble_advdata.o
 .comment       0x0000000000000000       0x71 _build/ble_advertising.o
 .comment       0x0000000000000000       0x71 _build/ble_bas.o
 .comment       0x0000000000000000       0x71 _build/ble_conn_params.o
 .comment       0x0000000000000000       0x71 _build/ble_dis.o
 .comment       0x0000000000000000       0x71 _build/ble_hrs.o
 .comment       0x0000000000000000       0x71 _build/ble_srv_common.o
 .comment       0x0000000000000000       0x71 _build/device_manager_peripheral.o
 .comment       0x0000000000000000       0x71 _build/system_nrf51.o
 .comment       0x0000000000000000       0x71 _build/softdevice_handler.o

.debug_frame    0x0000000000000000      0x170
 .debug_frame   0x0000000000000000       0x28 /usr/local/gcc_arm/gcc-arm-none-eabi-4_9-2015q3/bin/../lib/gcc/arm-none-eabi/4.9.3/../../../../arm-none-eabi/lib/armv6-m/libc_nano.a(lib_a-exit.o)
 .debug_frame   0x0000000000000028       0x2c /usr/local/gcc_arm/gcc-arm-none-eabi-4_9-2015q3/bin/../lib/gcc/arm-none-eabi/4.9.3/../../../../arm-none-eabi/lib/armv6-m/libc_nano.a(lib_a-init.o)
 .debug_frame   0x0000000000000054       0x20 /usr/local/gcc_arm/gcc-arm-none-eabi-4_9-2015q3/bin/../lib/gcc/arm-none-eabi/4.9.3/../../../../arm-none-eabi/lib/armv6-m/libc_nano.a(lib_a-memset.o)
 .debug_frame   0x0000000000000074       0x20 /usr/local/gcc_arm/gcc-arm-none-eabi-4_9-2015q3/bin/../lib/gcc/arm-none-eabi/4.9.3/../../../../arm-none-eabi/lib/armv6-m/libnosys.a(_exit.o)
 .debug_frame   0x0000000000000094       0x20 /usr/local/gcc_arm/gcc-arm-none-eabi-4_9-2015q3/bin/../lib/gcc/arm-none-eabi/4.9.3/armv6-m/libgcc.a(_udivsi3.o)
 .debug_frame   0x00000000000000b4       0x20 /usr/local/gcc_arm/gcc-arm-none-eabi-4_9-2015q3/bin/../lib/gcc/arm-none-eabi/4.9.3/armv6-m/libgcc.a(_divsi3.o)
 .debug_frame   0x00000000000000d4       0x2c /usr/local/gcc_arm/gcc-arm-none-eabi-4_9-2015q3/bin/../lib/gcc/arm-none-eabi/4.9.3/../../../../arm-none-eabi/lib/armv6-m/libc_nano.a(lib_a-memcmp.o)
 .debug_frame   0x0000000000000100       0x28 /usr/local/gcc_arm/gcc-arm-none-eabi-4_9-2015q3/bin/../lib/gcc/arm-none-eabi/4.9.3/../../../../arm-none-eabi/lib/armv6-m/libc_nano.a(lib_a-memcpy.o)
 .debug_frame   0x0000000000000128       0x28 /usr/local/gcc_arm/gcc-arm-none-eabi-4_9-2015q3/bin/../lib/gcc/arm-none-eabi/4.9.3/../../../../arm-none-eabi/lib/armv6-m/libc_nano.a(lib_a-memmove.o)
 .debug_frame   0x0000000000000150       0x20 /usr/local/gcc_arm/gcc-arm-none-eabi-4_9-2015q3/bin/../lib/gcc/arm-none-eabi/4.9.3/../../../../arm-none-eabi/lib/armv6-m/libc_nano.a(lib_a-strlen.o)
