Archive member included because of file (symbol)

/usr/local/gcc_arm/gcc-arm-none-eabi-4_9-2015q3/bin/../lib/gcc/arm-none-eabi/4.9.3/../../../../arm-none-eabi/lib/armv6-m/libc_nano.a(lib_a-exit.o)
                              /usr/local/gcc_arm/gcc-arm-none-eabi-4_9-2015q3/bin/../lib/gcc/arm-none-eabi/4.9.3/../../../../arm-none-eabi/lib/armv6-m/crt0.o (exit)
/usr/local/gcc_arm/gcc-arm-none-eabi-4_9-2015q3/bin/../lib/gcc/arm-none-eabi/4.9.3/../../../../arm-none-eabi/lib/armv6-m/libc_nano.a(lib_a-impure.o)
                              /usr/local/gcc_arm/gcc-arm-none-eabi-4_9-2015q3/bin/../lib/gcc/arm-none-eabi/4.9.3/../../../../arm-none-eabi/lib/armv6-m/libc_nano.a(lib_a-exit.o) (_global_impure_ptr)
/usr/local/gcc_arm/gcc-arm-none-eabi-4_9-2015q3/bin/../lib/gcc/arm-none-eabi/4.9.3/../../../../arm-none-eabi/lib/armv6-m/libc_nano.a(lib_a-init.o)
                              /usr/local/gcc_arm/gcc-arm-none-eabi-4_9-2015q3/bin/../lib/gcc/arm-none-eabi/4.9.3/../../../../arm-none-eabi/lib/armv6-m/crt0.o (__libc_init_array)
/usr/local/gcc_arm/gcc-arm-none-eabi-4_9-2015q3/bin/../lib/gcc/arm-none-eabi/4.9.3/../../../../arm-none-eabi/lib/armv6-m/libc_nano.a(lib_a-memset.o)
                              /usr/local/gcc_arm/gcc-arm-none-eabi-4_9-2015q3/bin/../lib/gcc/arm-none-eabi/4.9.3/../../../../arm-none-eabi/lib/armv6-m/crt0.o (memset)
/usr/local/gcc_arm/gcc-arm-none-eabi-4_9-2015q3/bin/../lib/gcc/arm-none-eabi/4.9.3/../../../../arm-none-eabi/lib/armv6-m/libnosys.a(_exit.o)
                              /usr/local/gcc_arm/gcc-arm-none-eabi-4_9-2015q3/bin/../lib/gcc/arm-none-eabi/4.9.3/../../../../arm-none-eabi/lib/armv6-m/libc_nano.a(lib_a-exit.o) (_exit)
/usr/local/gcc_arm/gcc-arm-none-eabi-4_9-2015q3/bin/../lib/gcc/arm-none-eabi/4.9.3/armv6-m/libgcc.a(_udivsi3.o)
                              _build/pstorage.o (__aeabi_uidiv)
/usr/local/gcc_arm/gcc-arm-none-eabi-4_9-2015q3/bin/../lib/gcc/arm-none-eabi/4.9.3/armv6-m/libgcc.a(_divsi3.o)
                              _build/pstorage.o (__aeabi_idiv)
/usr/local/gcc_arm/gcc-arm-none-eabi-4_9-2015q3/bin/../lib/gcc/arm-none-eabi/4.9.3/armv6-m/libgcc.a(_dvmd_tls.o)
                              /usr/local/gcc_arm/gcc-arm-none-eabi-4_9-2015q3/bin/../lib/gcc/arm-none-eabi/4.9.3/armv6-m/libgcc.a(_udivsi3.o) (__aeabi_idiv0)
/usr/local/gcc_arm/gcc-arm-none-eabi-4_9-2015q3/bin/../lib/gcc/arm-none-eabi/4.9.3/../../../../arm-none-eabi/lib/armv6-m/libc_nano.a(lib_a-memcpy.o)
                              _build/pstorage.o (memcpy)
/usr/local/gcc_arm/gcc-arm-none-eabi-4_9-2015q3/bin/../lib/gcc/arm-none-eabi/4.9.3/../../../../arm-none-eabi/lib/armv6-m/libc_nano.a(lib_a-printf.o)
                              _build/main.o (printf)
/usr/local/gcc_arm/gcc-arm-none-eabi-4_9-2015q3/bin/../lib/gcc/arm-none-eabi/4.9.3/../../../../arm-none-eabi/lib/armv6-m/libc_nano.a(lib_a-strlen.o)
                              _build/main.o (strlen)
/usr/local/gcc_arm/gcc-arm-none-eabi-4_9-2015q3/bin/../lib/gcc/arm-none-eabi/4.9.3/../../../../arm-none-eabi/lib/armv6-m/libc_nano.a(lib_a-findfp.o)
                              /usr/local/gcc_arm/gcc-arm-none-eabi-4_9-2015q3/bin/../lib/gcc/arm-none-eabi/4.9.3/../../../../arm-none-eabi/lib/armv6-m/libc_nano.a(lib_a-printf.o) (__sinit)
/usr/local/gcc_arm/gcc-arm-none-eabi-4_9-2015q3/bin/../lib/gcc/arm-none-eabi/4.9.3/../../../../arm-none-eabi/lib/armv6-m/libc_nano.a(lib_a-fwalk.o)
                              /usr/local/gcc_arm/gcc-arm-none-eabi-4_9-2015q3/bin/../lib/gcc/arm-none-eabi/4.9.3/../../../../arm-none-eabi/lib/armv6-m/libc_nano.a(lib_a-findfp.o) (_fwalk)
/usr/local/gcc_arm/gcc-arm-none-eabi-4_9-2015q3/bin/../lib/gcc/arm-none-eabi/4.9.3/../../../../arm-none-eabi/lib/armv6-m/libc_nano.a(lib_a-nano-mallocr.o)
                              /usr/local/gcc_arm/gcc-arm-none-eabi-4_9-2015q3/bin/../lib/gcc/arm-none-eabi/4.9.3/../../../../arm-none-eabi/lib/armv6-m/libc_nano.a(lib_a-findfp.o) (_malloc_r)
/usr/local/gcc_arm/gcc-arm-none-eabi-4_9-2015q3/bin/../lib/gcc/arm-none-eabi/4.9.3/../../../../arm-none-eabi/lib/armv6-m/libc_nano.a(lib_a-nano-vfprintf.o)
                              /usr/local/gcc_arm/gcc-arm-none-eabi-4_9-2015q3/bin/../lib/gcc/arm-none-eabi/4.9.3/../../../../arm-none-eabi/lib/armv6-m/libc_nano.a(lib_a-printf.o) (_vfprintf_r)
/usr/local/gcc_arm/gcc-arm-none-eabi-4_9-2015q3/bin/../lib/gcc/arm-none-eabi/4.9.3/../../../../arm-none-eabi/lib/armv6-m/libc_nano.a(lib_a-nano-vfprintf_i.o)
                              /usr/local/gcc_arm/gcc-arm-none-eabi-4_9-2015q3/bin/../lib/gcc/arm-none-eabi/4.9.3/../../../../arm-none-eabi/lib/armv6-m/libc_nano.a(lib_a-nano-vfprintf.o) (_printf_i)
/usr/local/gcc_arm/gcc-arm-none-eabi-4_9-2015q3/bin/../lib/gcc/arm-none-eabi/4.9.3/../../../../arm-none-eabi/lib/armv6-m/libc_nano.a(lib_a-sbrkr.o)
                              /usr/local/gcc_arm/gcc-arm-none-eabi-4_9-2015q3/bin/../lib/gcc/arm-none-eabi/4.9.3/../../../../arm-none-eabi/lib/armv6-m/libc_nano.a(lib_a-nano-mallocr.o) (_sbrk_r)
[...]
Memory Configuration

Name             Origin             Length             Attributes
FLASH            0x0000000000018000 0x0000000000028000 xr
RAM              0x0000000020002000 0x0000000000006000 xrw
*default*        0x0000000000000000 0xffffffffffffffff

Linker script and memory map

LOAD /usr/local/gcc_arm/gcc-arm-none-eabi-4_9-2015q3/bin/../lib/gcc/arm-none-eabi/4.9.3/armv6-m/crti.o
LOAD /usr/local/gcc_arm/gcc-arm-none-eabi-4_9-2015q3/bin/../lib/gcc/arm-none-eabi/4.9.3/armv6-m/crtbegin.o
LOAD /usr/local/gcc_arm/gcc-arm-none-eabi-4_9-2015q3/bin/../lib/gcc/arm-none-eabi/4.9.3/../../../../arm-none-eabi/lib/armv6-m/crt0.o
LOAD /usr/local/gcc_arm/gcc-arm-none-eabi-4_9-2015q3/bin/../lib/gcc/arm-none-eabi/4.9.3/../../../../arm-none-eabi/lib/armv6-m/libc_nano.a
LOAD /usr/local/gcc_arm/gcc-arm-none-eabi-4_9-2015q3/bin/../lib/gcc/arm-none-eabi/4.9.3/../../../../arm-none-eabi/lib/armv6-m/libnosys.a
LOAD _build/app_button.o
LOAD _build/app_error.o
LOAD _build/app_fifo.o
LOAD _build/app_timer.o
LOAD _build/app_trace.o
LOAD _build/nrf_assert.o
LOAD _build/retarget.o
LOAD _build/app_uart_fifo.o
LOAD _build/nrf_delay.o
LOAD _build/nrf_drv_common.o
LOAD _build/nrf_drv_gpiote.o
LOAD _build/pstorage.o
LOAD _build/bsp.o
LOAD _build/bsp_btn_ble.o
LOAD _build/main.o
LOAD _build/ble_advdata.o
LOAD _build/ble_advertising.o
LOAD _build/ble_conn_params.o
LOAD _build/ble_nus.o
LOAD _build/ble_srv_common.o
LOAD _build/system_nrf51.o
LOAD _build/softdevice_handler.o
LOAD _build/gcc_startup_nrf51.o
START GROUP
LOAD /usr/local/gcc_arm/gcc-arm-none-eabi-4_9-2015q3/bin/../lib/gcc/arm-none-eabi/4.9.3/armv6-m/libgcc.a
LOAD /usr/local/gcc_arm/gcc-arm-none-eabi-4_9-2015q3/bin/../lib/gcc/arm-none-eabi/4.9.3/../../../../arm-none-eabi/lib/armv6-m/libc_nano.a
END GROUP
START GROUP
LOAD /usr/local/gcc_arm/gcc-arm-none-eabi-4_9-2015q3/bin/../lib/gcc/arm-none-eabi/4.9.3/armv6-m/libgcc.a
LOAD /usr/local/gcc_arm/gcc-arm-none-eabi-4_9-2015q3/bin/../lib/gcc/arm-none-eabi/4.9.3/../../../../arm-none-eabi/lib/armv6-m/libc_nano.a
END GROUP
LOAD /usr/local/gcc_arm/gcc-arm-none-eabi-4_9-2015q3/bin/../lib/gcc/arm-none-eabi/4.9.3/armv6-m/crtend.o
LOAD /usr/local/gcc_arm/gcc-arm-none-eabi-4_9-2015q3/bin/../lib/gcc/arm-none-eabi/4.9.3/armv6-m/crtn.o
START GROUP
LOAD /usr/local/gcc_arm/gcc-arm-none-eabi-4_9-2015q3/bin/../lib/gcc/arm-none-eabi/4.9.3/armv6-m/libgcc.a
LOAD /usr/local/gcc_arm/gcc-arm-none-eabi-4_9-2015q3/bin/../lib/gcc/arm-none-eabi/4.9.3/../../../../arm-none-eabi/lib/armv6-m/libc.a
LOAD /usr/local/gcc_arm/gcc-arm-none-eabi-4_9-2015q3/bin/../lib/gcc/arm-none-eabi/4.9.3/../../../../arm-none-eabi/lib/armv6-m/libnosys.a
END GROUP

.text           0x0000000000018000     0x52c0
 *(.Vectors)
 .Vectors       0x0000000000018000       0xc0 _build/gcc_startup_nrf51.o
                0x0000000000018000                __Vectors
 *(.text*)
 .text          0x00000000000180c0       0x78 /usr/local/gcc_arm/gcc-arm-none-eabi-4_9-2015q3/bin/../lib/gcc/arm-none-eabi/4.9.3/../../../../arm-none-eabi/lib/armv6-m/crt0.o
                0x00000000000180c0                _mainCRTStartup
                0x00000000000180c0                _start
 .text.exit     0x0000000000018138       0x2c /usr/local/gcc_arm/gcc-arm-none-eabi-4_9-2015q3/bin/../lib/gcc/arm-none-eabi/4.9.3/../../../../arm-none-eabi/lib/armv6-m/libc_nano.a(lib_a-exit.o)
                0x0000000000018138                exit
 .text.__libc_init_array
                0x0000000000018164       0x4c /usr/local/gcc_arm/gcc-arm-none-eabi-4_9-2015q3/bin/../lib/gcc/arm-none-eabi/4.9.3/../../../../arm-none-eabi/lib/armv6-m/libc_nano.a(lib_a-init.o)
                0x0000000000018164                __libc_init_array
 .text.memset   0x00000000000181b0       0x10 /usr/local/gcc_arm/gcc-arm-none-eabi-4_9-2015q3/bin/../lib/gcc/arm-none-eabi/4.9.3/../../../../arm-none-eabi/lib/armv6-m/libc_nano.a(lib_a-memset.o)
                0x00000000000181b0                memset
 .text._exit    0x00000000000181c0        0x4 /usr/local/gcc_arm/gcc-arm-none-eabi-4_9-2015q3/bin/../lib/gcc/arm-none-eabi/4.9.3/../../../../arm-none-eabi/lib/armv6-m/libnosys.a(_exit.o)
                0x00000000000181c0                _exit
 .text.detection_delay_timeout_handler
                0x00000000000181c4       0xa8 _build/app_button.o
 .text.gpiote_event_handler
                0x000000000001826c       0x5c _build/app_button.o
 .text.app_button_init
                0x00000000000182c8       0xb4 _build/app_button.o
                0x00000000000182c8                app_button_init
 .text.app_button_enable
                0x000000000001837c       0x30 _build/app_button.o
                0x000000000001837c                app_button_enable
 .text.app_error_handler
                0x00000000000183ac       0x18 _build/app_error.o
                0x00000000000183ac                app_error_handler
 .text.app_fifo_init
                0x00000000000183c4       0x28 _build/app_fifo.o
                0x00000000000183c4                app_fifo_init
 .text.app_fifo_put
                0x00000000000183ec       0x28 _build/app_fifo.o
                0x00000000000183ec                app_fifo_put
 .text.app_fifo_get
                0x0000000000018414       0x24 _build/app_fifo.o
                0x0000000000018414                app_fifo_get
 .text.rtc1_stop
                0x0000000000018438       0x78 _build/app_timer.o
 .text.RTC1_IRQHandler
                0x00000000000184b0       0xe4 _build/app_timer.o
                0x00000000000184b0                RTC1_IRQHandler
 .text.SWI0_IRQHandler
                0x0000000000018594      0x514 _build/app_timer.o
                0x0000000000018594                SWI0_IRQHandler
 .text.app_timer_init
                0x0000000000018aa8      0x108 _build/app_timer.o
                0x0000000000018aa8                app_timer_init
 .text.app_timer_create
                0x0000000000018bb0       0x68 _build/app_timer.o
                0x0000000000018bb0                app_timer_create
 .text.app_timer_start
                0x0000000000018c18      0x11c _build/app_timer.o
                0x0000000000018c18                app_timer_start
 .text.app_timer_stop
                0x0000000000018d34       0xe8 _build/app_timer.o
                0x0000000000018d34                app_timer_stop
 .text._write   0x0000000000018e1c       0x1c _build/retarget.o
                0x0000000000018e1c                _write
 .text._read    0x0000000000018e38       0x14 _build/retarget.o
                0x0000000000018e38                _read
 .text.gpiote_uart_event_handler
                0x0000000000018e4c       0xc0 _build/app_uart_fifo.o
 .text.UART0_IRQHandler
                0x0000000000018f0c      0x124 _build/app_uart_fifo.o
                0x0000000000018f0c                UART0_IRQHandler
 .text.app_uart_init
                0x0000000000019030      0x2b0 _build/app_uart_fifo.o
                0x0000000000019030                app_uart_init
 .text.app_uart_get
                0x00000000000192e0       0x10 _build/app_uart_fifo.o
                0x00000000000192e0                app_uart_get
 .text.app_uart_put
                0x00000000000192f0       0x80 _build/app_uart_fifo.o
                0x00000000000192f0                app_uart_put
 .text.nrf_drv_common_irq_enable
                0x0000000000019370       0x80 _build/nrf_drv_common.o
                0x0000000000019370                nrf_drv_common_irq_enable
 .text.nrf_drv_gpiote_init
                0x00000000000193f0       0x74 _build/nrf_drv_gpiote.o
                0x00000000000193f0                nrf_drv_gpiote_init
 .text.nrf_drv_gpiote_is_init
                0x0000000000019464       0x14 _build/nrf_drv_gpiote.o
                0x0000000000019464                nrf_drv_gpiote_is_init
 .text.nrf_drv_gpiote_out_init
                0x0000000000019478       0xd8 _build/nrf_drv_gpiote.o
                0x0000000000019478                nrf_drv_gpiote_out_init
 .text.nrf_drv_gpiote_in_init
                0x0000000000019550      0x17c _build/nrf_drv_gpiote.o
                0x0000000000019550                nrf_drv_gpiote_in_init
 .text.nrf_drv_gpiote_in_event_enable
                0x00000000000196cc       0xa8 _build/nrf_drv_gpiote.o
                0x00000000000196cc                nrf_drv_gpiote_in_event_enable
 .text.nrf_drv_gpiote_in_is_set
                0x0000000000019774       0x14 _build/nrf_drv_gpiote.o
                0x0000000000019774                nrf_drv_gpiote_in_is_set
 .text.GPIOTE_IRQHandler
                0x0000000000019788      0x248 _build/nrf_drv_gpiote.o
                0x0000000000019788                GPIOTE_IRQHandler
 .text.pstorage_access_status_get
                0x00000000000199d0       0x28 _build/pstorage.o
                0x00000000000199d0                pstorage_access_status_get
 .text.alert_timer_handler
                0x00000000000199f8       0x28 _build/bsp.o
 .text.bsp_button_event_handler
                0x0000000000019a20       0xd0 _build/bsp.o
 .text.leds_timer_handler
                0x0000000000019af0      0x2d4 _build/bsp.o
 .text.button_timer_handler
                0x0000000000019dc4       0x48 _build/bsp.o
 .text.bsp_button_is_pressed
                0x0000000000019e0c       0x2c _build/bsp.o
                0x0000000000019e0c                bsp_button_is_pressed
 .text.bsp_indication_set
                0x0000000000019e38      0x354 _build/bsp.o
                0x0000000000019e38                bsp_indication_set
 .text.bsp_init
                0x000000000001a18c       0xc0 _build/bsp.o
                0x000000000001a18c                bsp_init
 .text.bsp_event_to_button_action_assign
                0x000000000001a24c       0x58 _build/bsp.o
                0x000000000001a24c                bsp_event_to_button_action_assign
 .text.bsp_wakeup_buttons_set
                0x000000000001a2a4       0x8c _build/bsp.o
                0x000000000001a2a4                bsp_wakeup_buttons_set
 .text.bsp_btn_ble_sleep_mode_prepare
                0x000000000001a330       0x18 _build/bsp_btn_ble.o
                0x000000000001a330                bsp_btn_ble_sleep_mode_prepare
 .text.bsp_btn_ble_on_ble_evt
                0x000000000001a348       0xbc _build/bsp_btn_ble.o
                0x000000000001a348                bsp_btn_ble_on_ble_evt
 .text.bsp_btn_ble_init
                0x000000000001a404       0x9c _build/bsp_btn_ble.o
                0x000000000001a404                bsp_btn_ble_init
 .text.sd_ble_gap_disconnect
                0x000000000001a4a0        0x4 _build/main.o
 .text.sd_ble_gap_ppcp_set
                0x000000000001a4a4        0x4 _build/main.o
 .text.sd_ble_gap_device_name_set
                0x000000000001a4a8        0x4 _build/main.o
 .text.sd_ble_gap_sec_params_reply
                0x000000000001a4ac        0x4 _build/main.o
 .text.sd_ble_gatts_sys_attr_set
                0x000000000001a4b0        0x4 _build/main.o
 .text.sd_ble_enable
                0x000000000001a4b4        0x4 _build/main.o
 .text.sd_power_system_off
                0x000000000001a4b8        0x4 _build/main.o
 .text.sd_app_evt_wait
                0x000000000001a4bc        0x4 _build/main.o
 .text.conn_params_error_handler
                0x000000000001a4c0        0xc _build/main.o
 .text.nus_data_handler
                0x000000000001a4cc       0x28 _build/main.o
 .text.on_conn_params_evt
                0x000000000001a4f4       0x28 _build/main.o
 .text.ble_evt_dispatch
                0x000000000001a51c       0xa4 _build/main.o
 .text.bsp_event_handler
                0x000000000001a5c0       0x68 _build/main.o
                0x000000000001a5c0                bsp_event_handler
 .text.uart_event_handle
                0x000000000001a628       0x6c _build/main.o
                0x000000000001a628                uart_event_handle
 .text.on_adv_evt
                0x000000000001a694       0x50 _build/main.o
 .text.assert_nrf_callback
                0x000000000001a6e4       0x14 _build/main.o
                0x000000000001a6e4                assert_nrf_callback
 .text.startup.main
                0x000000000001a6f8      0x26c _build/main.o
                0x000000000001a6f8                main
 .text.sd_ble_gap_adv_data_set
                0x000000000001a964        0x4 _build/ble_advdata.o
 .text.sd_ble_gap_appearance_get
                0x000000000001a968        0x4 _build/ble_advdata.o
 .text.sd_ble_gap_device_name_get
                0x000000000001a96c        0x4 _build/ble_advdata.o
 .text.sd_ble_uuid_encode
                0x000000000001a970        0x4 _build/ble_advdata.o
 .text.uuid_list_sized_encode
                0x000000000001a974       0xdc _build/ble_advdata.o
 .text.ble_advdata_set
                0x000000000001aa50      0x77c _build/ble_advdata.o
                0x000000000001aa50                ble_advdata_set
 .text.sd_ble_gap_adv_start
                0x000000000001b1cc        0x4 _build/ble_advertising.o
 .text.sd_ble_gap_adv_stop
                0x000000000001b1d0        0x4 _build/ble_advertising.o
 .text.ble_advertising_init
                0x000000000001b1d4      0x148 _build/ble_advertising.o
                0x000000000001b1d4                ble_advertising_init
 .text.ble_advertising_start
                0x000000000001b31c      0x2c0 _build/ble_advertising.o
                0x000000000001b31c                ble_advertising_start
 .text.ble_advertising_on_ble_evt
                0x000000000001b5dc       0xb0 _build/ble_advertising.o
                0x000000000001b5dc                ble_advertising_on_ble_evt
 .text.ble_advertising_restart_without_whitelist
                0x000000000001b68c      0x324 _build/ble_advertising.o
                0x000000000001b68c                ble_advertising_restart_without_whitelist
 .text.sd_ble_gap_conn_param_update
                0x000000000001b9b0        0x4 _build/ble_conn_params.o
 .text.sd_ble_gap_disconnect
                0x000000000001b9b4        0x4 _build/ble_conn_params.o
 .text.sd_ble_gap_ppcp_set
                0x000000000001b9b8        0x4 _build/ble_conn_params.o
 .text.sd_ble_gap_ppcp_get
                0x000000000001b9bc        0x4 _build/ble_conn_params.o
 .text.update_timeout_handler
                0x000000000001b9c0       0x78 _build/ble_conn_params.o
 .text.conn_params_negotiation
                0x000000000001ba38       0x8c _build/ble_conn_params.o
 .text.ble_conn_params_init
                0x000000000001bac4       0x78 _build/ble_conn_params.o
                0x000000000001bac4                ble_conn_params_init
 .text.ble_conn_params_on_ble_evt
                0x000000000001bb3c       0xb0 _build/ble_conn_params.o
                0x000000000001bb3c                ble_conn_params_on_ble_evt
 .text.sd_ble_gatts_service_add
                0x000000000001bbec        0x4 _build/ble_nus.o
 .text.sd_ble_gatts_characteristic_add
                0x000000000001bbf0        0x4 _build/ble_nus.o
 .text.sd_ble_gatts_hvx
                0x000000000001bbf4        0x4 _build/ble_nus.o
 .text.sd_ble_uuid_vs_add
                0x000000000001bbf8        0x4 _build/ble_nus.o
 .text.ble_nus_on_ble_evt
                0x000000000001bbfc       0x60 _build/ble_nus.o
                0x000000000001bbfc                ble_nus_on_ble_evt
 .text.ble_nus_init
                0x000000000001bc5c      0x208 _build/ble_nus.o
                0x000000000001bc5c                ble_nus_init
 .text.ble_nus_string_send
                0x000000000001be64       0x5c _build/ble_nus.o
                0x000000000001be64                ble_nus_string_send
 .text.SystemInit
                0x000000000001bec0       0x9c _build/system_nrf51.o
                0x000000000001bec0                SystemInit
 .text.sd_nvic_EnableIRQ
                0x000000000001bf5c        0x4 _build/softdevice_handler.o
 .text.sd_evt_get
                0x000000000001bf60        0x4 _build/softdevice_handler.o
 .text.sd_softdevice_enable
                0x000000000001bf64        0x4 _build/softdevice_handler.o
 .text.sd_ble_evt_get
                0x000000000001bf68        0x4 _build/softdevice_handler.o
 .text.softdevice_assertion_handler
                0x000000000001bf6c        0xc _build/softdevice_handler.o
                0x000000000001bf6c                softdevice_assertion_handler
 .text.intern_softdevice_events_execute.part.0
                0x000000000001bf78       0xe0 _build/softdevice_handler.o
 .text.softdevice_handler_init
                0x000000000001c058       0x4c _build/softdevice_handler.o
                0x000000000001c058                softdevice_handler_init
 .text.softdevice_ble_evt_handler_set
                0x000000000001c0a4       0x14 _build/softdevice_handler.o
                0x000000000001c0a4                softdevice_ble_evt_handler_set
 .text.SWI2_IRQHandler
                0x000000000001c0b8       0x34 _build/softdevice_handler.o
                0x000000000001c0b8                SWI2_IRQHandler
 .text          0x000000000001c0ec       0x54 _build/gcc_startup_nrf51.o
                0x000000000001c0ec                Reset_Handler
                0x000000000001c134                NMI_Handler
                0x000000000001c136                HardFault_Handler
                0x000000000001c138                SVC_Handler
                0x000000000001c13a                PendSV_Handler
                0x000000000001c13c                SysTick_Handler
                0x000000000001c13e                SWI4_IRQHandler
                0x000000000001c13e                TEMP_IRQHandler
                0x000000000001c13e                QDEC_IRQHandler
                0x000000000001c13e                SWI5_IRQHandler
                0x000000000001c13e                TIMER0_IRQHandler
                0x000000000001c13e                TIMER1_IRQHandler
                0x000000000001c13e                ECB_IRQHandler
                0x000000000001c13e                Default_Handler
                0x000000000001c13e                ADC_IRQHandler
                0x000000000001c13e                SWI3_IRQHandler
                0x000000000001c13e                CCM_AAR_IRQHandler
                0x000000000001c13e                WDT_IRQHandler
                0x000000000001c13e                RNG_IRQHandler
                0x000000000001c13e                SPI1_TWI1_IRQHandler
                0x000000000001c13e                TIMER2_IRQHandler
                0x000000000001c13e                SWI1_IRQHandler
                0x000000000001c13e                SPI0_TWI0_IRQHandler
                0x000000000001c13e                RTC0_IRQHandler
                0x000000000001c13e                POWER_CLOCK_IRQHandler
                0x000000000001c13e                RADIO_IRQHandler
                0x000000000001c13e                LPCOMP_IRQHandler
 .text          0x000000000001c140      0x120 /usr/local/gcc_arm/gcc-arm-none-eabi-4_9-2015q3/bin/../lib/gcc/arm-none-eabi/4.9.3/armv6-m/libgcc.a(_udivsi3.o)
                0x000000000001c140                __udivsi3
                0x000000000001c140                __aeabi_uidiv
                0x000000000001c24c                __aeabi_uidivmod
 .text          0x000000000001c260        0x4 /usr/local/gcc_arm/gcc-arm-none-eabi-4_9-2015q3/bin/../lib/gcc/arm-none-eabi/4.9.3/armv6-m/libgcc.a(_dvmd_tls.o)
                0x000000000001c260                __aeabi_ldiv0
                0x000000000001c260                __aeabi_idiv0
 .text.memcpy   0x000000000001c264       0x12 /usr/local/gcc_arm/gcc-arm-none-eabi-4_9-2015q3/bin/../lib/gcc/arm-none-eabi/4.9.3/../../../../arm-none-eabi/lib/armv6-m/libc_nano.a(lib_a-memcpy.o)
                0x000000000001c264                memcpy
 *fill*         0x000000000001c276        0x2 
 .text.printf   0x000000000001c278       0x34 /usr/local/gcc_arm/gcc-arm-none-eabi-4_9-2015q3/bin/../lib/gcc/arm-none-eabi/4.9.3/../../../../arm-none-eabi/lib/armv6-m/libc_nano.a(lib_a-printf.o)
                0x000000000001c278                printf
                0x000000000001c278                iprintf
 .text.strlen   0x000000000001c2ac        0xe /usr/local/gcc_arm/gcc-arm-none-eabi-4_9-2015q3/bin/../lib/gcc/arm-none-eabi/4.9.3/../../../../arm-none-eabi/lib/armv6-m/libc_nano.a(lib_a-strlen.o)
                0x000000000001c2ac                strlen
 *fill*         0x000000000001c2ba        0x2 
 .text._cleanup_r
                0x000000000001c2bc       0x10 /usr/local/gcc_arm/gcc-arm-none-eabi-4_9-2015q3/bin/../lib/gcc/arm-none-eabi/4.9.3/../../../../arm-none-eabi/lib/armv6-m/libc_nano.a(lib_a-findfp.o)
                0x000000000001c2bc                _cleanup_r
 .text.std.isra.0
                0x000000000001c2cc       0x48 /usr/local/gcc_arm/gcc-arm-none-eabi-4_9-2015q3/bin/../lib/gcc/arm-none-eabi/4.9.3/../../../../arm-none-eabi/lib/armv6-m/libc_nano.a(lib_a-findfp.o)
 .text.__sfmoreglue
                0x000000000001c314       0x2c /usr/local/gcc_arm/gcc-arm-none-eabi-4_9-2015q3/bin/../lib/gcc/arm-none-eabi/4.9.3/../../../../arm-none-eabi/lib/armv6-m/libc_nano.a(lib_a-findfp.o)
                0x000000000001c314                __sfmoreglue
 .text.__sinit  0x000000000001c340       0x64 /usr/local/gcc_arm/gcc-arm-none-eabi-4_9-2015q3/bin/../lib/gcc/arm-none-eabi/4.9.3/../../../../arm-none-eabi/lib/armv6-m/libc_nano.a(lib_a-findfp.o)
                0x000000000001c340                __sinit
 .text.__sfp    0x000000000001c3a4       0x7c /usr/local/gcc_arm/gcc-arm-none-eabi-4_9-2015q3/bin/../lib/gcc/arm-none-eabi/4.9.3/../../../../arm-none-eabi/lib/armv6-m/libc_nano.a(lib_a-findfp.o)
                0x000000000001c3a4                __sfp
 .text._fwalk_reent
                0x000000000001c420       0x42 /usr/local/gcc_arm/gcc-arm-none-eabi-4_9-2015q3/bin/../lib/gcc/arm-none-eabi/4.9.3/../../../../arm-none-eabi/lib/armv6-m/libc_nano.a(lib_a-fwalk.o)
                0x000000000001c420                _fwalk_reent
 *fill*         0x000000000001c462        0x2 
 .text._malloc_r
                0x000000000001c464       0xb0 /usr/local/gcc_arm/gcc-arm-none-eabi-4_9-2015q3/bin/../lib/gcc/arm-none-eabi/4.9.3/../../../../arm-none-eabi/lib/armv6-m/libc_nano.a(lib_a-nano-mallocr.o)
                0x000000000001c464                _malloc_r
 .text.__sfputc_r
                0x000000000001c514       0x2a /usr/local/gcc_arm/gcc-arm-none-eabi-4_9-2015q3/bin/../lib/gcc/arm-none-eabi/4.9.3/../../../../arm-none-eabi/lib/armv6-m/libc_nano.a(lib_a-nano-vfprintf.o)
 .text.__sfputs_r
                0x000000000001c53e       0x24 /usr/local/gcc_arm/gcc-arm-none-eabi-4_9-2015q3/bin/../lib/gcc/arm-none-eabi/4.9.3/../../../../arm-none-eabi/lib/armv6-m/libc_nano.a(lib_a-nano-vfprintf.o)
                0x000000000001c53e                __sfputs_r
 *fill*         0x000000000001c562        0x2 
 .text._vfprintf_r
                0x000000000001c564      0x220 /usr/local/gcc_arm/gcc-arm-none-eabi-4_9-2015q3/bin/../lib/gcc/arm-none-eabi/4.9.3/../../../../arm-none-eabi/lib/armv6-m/libc_nano.a(lib_a-nano-vfprintf.o)
                0x000000000001c564                _vfiprintf_r
                0x000000000001c564                _vfprintf_r
 .text._printf_common
                0x000000000001c784       0xdc /usr/local/gcc_arm/gcc-arm-none-eabi-4_9-2015q3/bin/../lib/gcc/arm-none-eabi/4.9.3/../../../../arm-none-eabi/lib/armv6-m/libc_nano.a(lib_a-nano-vfprintf_i.o)
                0x000000000001c784                _printf_common
 .text._printf_i
                0x000000000001c860      0x230 /usr/local/gcc_arm/gcc-arm-none-eabi-4_9-2015q3/bin/../lib/gcc/arm-none-eabi/4.9.3/../../../../arm-none-eabi/lib/armv6-m/libc_nano.a(lib_a-nano-vfprintf_i.o)
                0x000000000001c860                _printf_i
 .text._sbrk_r  0x000000000001ca90       0x24 /usr/local/gcc_arm/gcc-arm-none-eabi-4_9-2015q3/bin/../lib/gcc/arm-none-eabi/4.9.3/../../../../arm-none-eabi/lib/armv6-m/libc_nano.a(lib_a-sbrkr.o)
                0x000000000001ca90                _sbrk_r
 .text.__sread  0x000000000001cab4       0x28 /usr/local/gcc_arm/gcc-arm-none-eabi-4_9-2015q3/bin/../lib/gcc/arm-none-eabi/4.9.3/../../../../arm-none-eabi/lib/armv6-m/libc_nano.a(lib_a-stdio.o)
                0x000000000001cab4                __sread
 .text.__swrite
                0x000000000001cadc       0x38 /usr/local/gcc_arm/gcc-arm-none-eabi-4_9-2015q3/bin/../lib/gcc/arm-none-eabi/4.9.3/../../../../arm-none-eabi/lib/armv6-m/libc_nano.a(lib_a-stdio.o)
                0x000000000001cadc                __swrite
 .text.__sseek  0x000000000001cb14       0x2c /usr/local/gcc_arm/gcc-arm-none-eabi-4_9-2015q3/bin/../lib/gcc/arm-none-eabi/4.9.3/../../../../arm-none-eabi/lib/armv6-m/libc_nano.a(lib_a-stdio.o)
                0x000000000001cb14                __sseek
 .text.__sclose
                0x000000000001cb40        0xc /usr/local/gcc_arm/gcc-arm-none-eabi-4_9-2015q3/bin/../lib/gcc/arm-none-eabi/4.9.3/../../../../arm-none-eabi/lib/armv6-m/libc_nano.a(lib_a-stdio.o)
                0x000000000001cb40                __sclose
 .text.__swbuf_r
                0x000000000001cb4c       0xb0 /usr/local/gcc_arm/gcc-arm-none-eabi-4_9-2015q3/bin/../lib/gcc/arm-none-eabi/4.9.3/../../../../arm-none-eabi/lib/armv6-m/libc_nano.a(lib_a-wbuf.o)
                0x000000000001cb4c                __swbuf_r
 .text._write_r
                0x000000000001cbfc       0x28 /usr/local/gcc_arm/gcc-arm-none-eabi-4_9-2015q3/bin/../lib/gcc/arm-none-eabi/4.9.3/../../../../arm-none-eabi/lib/armv6-m/libc_nano.a(lib_a-writer.o)
                0x000000000001cbfc                _write_r
 .text.__swsetup_r
                0x000000000001cc24       0xe8 /usr/local/gcc_arm/gcc-arm-none-eabi-4_9-2015q3/bin/../lib/gcc/arm-none-eabi/4.9.3/../../../../arm-none-eabi/lib/armv6-m/libc_nano.a(lib_a-wsetup.o)
                0x000000000001cc24                __swsetup_r
 .text._close_r
                0x000000000001cd0c       0x24 /usr/local/gcc_arm/gcc-arm-none-eabi-4_9-2015q3/bin/../lib/gcc/arm-none-eabi/4.9.3/../../../../arm-none-eabi/lib/armv6-m/libc_nano.a(lib_a-closer.o)
                0x000000000001cd0c                _close_r
 .text.__sflush_r
                0x000000000001cd30      0x112 /usr/local/gcc_arm/gcc-arm-none-eabi-4_9-2015q3/bin/../lib/gcc/arm-none-eabi/4.9.3/../../../../arm-none-eabi/lib/armv6-m/libc_nano.a(lib_a-fflush.o)
                0x000000000001cd30                __sflush_r
 *fill*         0x000000000001ce42        0x2 
 .text._fflush_r
                0x000000000001ce44       0x58 /usr/local/gcc_arm/gcc-arm-none-eabi-4_9-2015q3/bin/../lib/gcc/arm-none-eabi/4.9.3/../../../../arm-none-eabi/lib/armv6-m/libc_nano.a(lib_a-fflush.o)
                0x000000000001ce44                _fflush_r
 .text._lseek_r
                0x000000000001ce9c       0x28 /usr/local/gcc_arm/gcc-arm-none-eabi-4_9-2015q3/bin/../lib/gcc/arm-none-eabi/4.9.3/../../../../arm-none-eabi/lib/armv6-m/libc_nano.a(lib_a-lseekr.o)
                0x000000000001ce9c                _lseek_r
 .text.__smakebuf_r
                0x000000000001cec4       0xb0 /usr/local/gcc_arm/gcc-arm-none-eabi-4_9-2015q3/bin/../lib/gcc/arm-none-eabi/4.9.3/../../../../arm-none-eabi/lib/armv6-m/libc_nano.a(lib_a-makebuf.o)
                0x000000000001cec4                __smakebuf_r
 .text.memchr   0x000000000001cf74       0x16 /usr/local/gcc_arm/gcc-arm-none-eabi-4_9-2015q3/bin/../lib/gcc/arm-none-eabi/4.9.3/../../../../arm-none-eabi/lib/armv6-m/libc_nano.a(lib_a-memchr.o)
                0x000000000001cf74                memchr
 *fill*         0x000000000001cf8a        0x2 
 .text._free_r  0x000000000001cf8c       0x8c /usr/local/gcc_arm/gcc-arm-none-eabi-4_9-2015q3/bin/../lib/gcc/arm-none-eabi/4.9.3/../../../../arm-none-eabi/lib/armv6-m/libc_nano.a(lib_a-nano-freer.o)
                0x000000000001cf8c                _free_r
 .text._read_r  0x000000000001d018       0x28 /usr/local/gcc_arm/gcc-arm-none-eabi-4_9-2015q3/bin/../lib/gcc/arm-none-eabi/4.9.3/../../../../arm-none-eabi/lib/armv6-m/libc_nano.a(lib_a-readr.o)
                0x000000000001d018                _read_r
 .text._fstat_r
                0x000000000001d040       0x24 /usr/local/gcc_arm/gcc-arm-none-eabi-4_9-2015q3/bin/../lib/gcc/arm-none-eabi/4.9.3/../../../../arm-none-eabi/lib/armv6-m/libc_nano.a(lib_a-fstatr.o)
                0x000000000001d040                _fstat_r
 .text._isatty_r
                0x000000000001d064       0x24 /usr/local/gcc_arm/gcc-arm-none-eabi-4_9-2015q3/bin/../lib/gcc/arm-none-eabi/4.9.3/../../../../arm-none-eabi/lib/armv6-m/libc_nano.a(lib_a-isattyr.o)
                0x000000000001d064                _isatty_r
 .text._close   0x000000000001d088       0x10 /usr/local/gcc_arm/gcc-arm-none-eabi-4_9-2015q3/bin/../lib/gcc/arm-none-eabi/4.9.3/../../../../arm-none-eabi/lib/armv6-m/libnosys.a(close.o)
                0x000000000001d088                _close
 .text._fstat   0x000000000001d098       0x10 /usr/local/gcc_arm/gcc-arm-none-eabi-4_9-2015q3/bin/../lib/gcc/arm-none-eabi/4.9.3/../../../../arm-none-eabi/lib/armv6-m/libnosys.a(fstat.o)
                0x000000000001d098                _fstat
 .text._isatty  0x000000000001d0a8       0x10 /usr/local/gcc_arm/gcc-arm-none-eabi-4_9-2015q3/bin/../lib/gcc/arm-none-eabi/4.9.3/../../../../arm-none-eabi/lib/armv6-m/libnosys.a(isatty.o)
                0x000000000001d0a8                _isatty
 .text._lseek   0x000000000001d0b8       0x10 /usr/local/gcc_arm/gcc-arm-none-eabi-4_9-2015q3/bin/../lib/gcc/arm-none-eabi/4.9.3/../../../../arm-none-eabi/lib/armv6-m/libnosys.a(lseek.o)
                0x000000000001d0b8                _lseek
 .text._sbrk    0x000000000001d0c8       0x1c /usr/local/gcc_arm/gcc-arm-none-eabi-4_9-2015q3/bin/../lib/gcc/arm-none-eabi/4.9.3/../../../../arm-none-eabi/lib/armv6-m/libnosys.a(sbrk.o)
                0x000000000001d0c8                _sbrk
 *(.init)
 .init          0x000000000001d0e4        0x4 /usr/local/gcc_arm/gcc-arm-none-eabi-4_9-2015q3/bin/../lib/gcc/arm-none-eabi/4.9.3/armv6-m/crti.o
                0x000000000001d0e4                _init
 .init          0x000000000001d0e8        0x8 /usr/local/gcc_arm/gcc-arm-none-eabi-4_9-2015q3/bin/../lib/gcc/arm-none-eabi/4.9.3/armv6-m/crtn.o
 *(.fini)
 .fini          0x000000000001d0f0        0x4 /usr/local/gcc_arm/gcc-arm-none-eabi-4_9-2015q3/bin/../lib/gcc/arm-none-eabi/4.9.3/armv6-m/crti.o
                0x000000000001d0f0                _fini
 .fini          0x000000000001d0f4        0x8 /usr/local/gcc_arm/gcc-arm-none-eabi-4_9-2015q3/bin/../lib/gcc/arm-none-eabi/4.9.3/armv6-m/crtn.o
 *crtbegin.o(.ctors)
 *crtbegin?.o(.ctors)
 *(EXCLUDE_FILE(*crtend.o *crtend?.o) .ctors)
 *(SORT(.ctors.*))
 *(.ctors)
 *crtbegin.o(.dtors)
 *crtbegin?.o(.dtors)
 *(EXCLUDE_FILE(*crtend.o *crtend?.o) .dtors)
 *(SORT(.dtors.*))
 *(.dtors)
 *(.rodata*)
 .rodata.str1.1
                0x000000000001d0fc        0x2 /usr/local/gcc_arm/gcc-arm-none-eabi-4_9-2015q3/bin/../lib/gcc/arm-none-eabi/4.9.3/../../../../arm-none-eabi/lib/armv6-m/libc_nano.a(lib_a-impure.o)
 *fill*         0x000000000001d0fe        0x2 
 .rodata._global_impure_ptr
                0x000000000001d100        0x4 /usr/local/gcc_arm/gcc-arm-none-eabi-4_9-2015q3/bin/../lib/gcc/arm-none-eabi/4.9.3/../../../../arm-none-eabi/lib/armv6-m/libc_nano.a(lib_a-impure.o)
                0x000000000001d100                _global_impure_ptr
 .rodata.leds_timer_handler
                0x000000000001d104       0x60 _build/bsp.o
 .rodata.bsp_indication_set
                0x000000000001d164       0x60 _build/bsp.o
 .rodata.m_buttons_list
                0x000000000001d1c4       0x10 _build/bsp.o
 .rodata.app_buttons
                0x000000000001d1d4       0x20 _build/bsp.o
 .rodata        0x000000000001d1f4        0xc _build/main.o
 .rodata.str1.4
                0x000000000001d200       0x1c _build/main.o
                                         0x1a (size before relaxing)
 .rodata        0x000000000001d21c       0x10 _build/ble_nus.o
 .rodata.__sf_fake_stdin
                0x000000000001d22c       0x20 /usr/local/gcc_arm/gcc-arm-none-eabi-4_9-2015q3/bin/../lib/gcc/arm-none-eabi/4.9.3/../../../../arm-none-eabi/lib/armv6-m/libc_nano.a(lib_a-findfp.o)
                0x000000000001d22c                __sf_fake_stdin
 .rodata.__sf_fake_stdout
                0x000000000001d24c       0x20 /usr/local/gcc_arm/gcc-arm-none-eabi-4_9-2015q3/bin/../lib/gcc/arm-none-eabi/4.9.3/../../../../arm-none-eabi/lib/armv6-m/libc_nano.a(lib_a-findfp.o)
                0x000000000001d24c                __sf_fake_stdout
 .rodata.__sf_fake_stderr
                0x000000000001d26c       0x20 /usr/local/gcc_arm/gcc-arm-none-eabi-4_9-2015q3/bin/../lib/gcc/arm-none-eabi/4.9.3/../../../../arm-none-eabi/lib/armv6-m/libc_nano.a(lib_a-findfp.o)
                0x000000000001d26c                __sf_fake_stderr
 .rodata.str1.1
                0x000000000001d28c       0x11 /usr/local/gcc_arm/gcc-arm-none-eabi-4_9-2015q3/bin/../lib/gcc/arm-none-eabi/4.9.3/../../../../arm-none-eabi/lib/armv6-m/libc_nano.a(lib_a-nano-vfprintf.o)
 .rodata.str1.1
                0x000000000001d29d       0x22 /usr/local/gcc_arm/gcc-arm-none-eabi-4_9-2015q3/bin/../lib/gcc/arm-none-eabi/4.9.3/../../../../arm-none-eabi/lib/armv6-m/libc_nano.a(lib_a-nano-vfprintf_i.o)
 *(.eh_frame*)
                0x000000000001d2c0                . = ALIGN (0x4)
 *fill*         0x000000000001d2bf        0x1 

.glue_7         0x000000000001d2c0        0x0
 .glue_7        0x0000000000000000        0x0 linker stubs

.glue_7t        0x000000000001d2c0        0x0
 .glue_7t       0x0000000000000000        0x0 linker stubs

.vfp11_veneer   0x000000000001d2c0        0x0
 .vfp11_veneer  0x0000000000000000        0x0 linker stubs

.v4_bx          0x000000000001d2c0        0x0
 .v4_bx         0x0000000000000000        0x0 linker stubs

.iplt           0x000000000001d2c0        0x0
 .iplt          0x0000000000000000        0x0 /usr/local/gcc_arm/gcc-arm-none-eabi-4_9-2015q3/bin/../lib/gcc/arm-none-eabi/4.9.3/armv6-m/crtbegin.o

.ARM.extab      0x000000000001d2c0        0x0
 *(.ARM.extab* .gnu.linkonce.armextab.*)
                0x000000000001d2c0                . = ALIGN (0x4)
                0x000000000001d2c0                __exidx_start = .

.ARM.exidx      0x000000000001d2c0        0x8
 *(.ARM.exidx* .gnu.linkonce.armexidx.*)
 .ARM.exidx     0x000000000001d2c0        0x8 /usr/local/gcc_arm/gcc-arm-none-eabi-4_9-2015q3/bin/../lib/gcc/arm-none-eabi/4.9.3/../../../../arm-none-eabi/lib/armv6-m/crt0.o
 .ARM.exidx     0x000000000001d2c8        0x0 _build/gcc_startup_nrf51.o
                                          0x8 (size before relaxing)
                0x000000000001d2c8                . = ALIGN (0x4)
                0x000000000001d2c8                __exidx_end = .
                0x000000000001d2c8                __etext = .

.rel.dyn        0x000000000001d2c8        0x0
 .rel.iplt      0x0000000000000000        0x0 /usr/local/gcc_arm/gcc-arm-none-eabi-4_9-2015q3/bin/../lib/gcc/arm-none-eabi/4.9.3/armv6-m/crtbegin.o

.data           0x0000000020002000       0x70 load address 0x000000000001d2c8
                0x0000000020002000                __data_start__ = .
 *(vtable)
 *(.data*)
 .data.impure_data
                0x0000000020002000       0x60 /usr/local/gcc_arm/gcc-arm-none-eabi-4_9-2015q3/bin/../lib/gcc/arm-none-eabi/4.9.3/../../../../arm-none-eabi/lib/armv6-m/libc_nano.a(lib_a-impure.o)
 .data._impure_ptr
                0x0000000020002060        0x4 /usr/local/gcc_arm/gcc-arm-none-eabi-4_9-2015q3/bin/../lib/gcc/arm-none-eabi/4.9.3/../../../../arm-none-eabi/lib/armv6-m/libc_nano.a(lib_a-impure.o)
                0x0000000020002060                _impure_ptr
 .data.m_instance_counter
                0x0000000020002064        0x1 _build/app_uart_fifo.o
 *fill*         0x0000000020002065        0x3 
 .data.m_adv_uuids
                0x0000000020002068        0x4 _build/main.o
 .data.m_conn_handle
                0x000000002000206c        0x2 _build/main.o
 .data.current_slave_link_conn_handle.7150
                0x000000002000206e        0x2 _build/ble_advertising.o
                0x0000000020002070                . = ALIGN (0x4)
                0x0000000020002070                PROVIDE (__preinit_array_start, .)
 *(.preinit_array)
                0x0000000020002070                PROVIDE (__preinit_array_end, .)
                0x0000000020002070                . = ALIGN (0x4)
                0x0000000020002070                PROVIDE (__init_array_start, .)
 *(SORT(.init_array.*))
 *(.init_array)
                0x0000000020002070                PROVIDE (__init_array_end, .)
                0x0000000020002070                . = ALIGN (0x4)
                0x0000000020002070                PROVIDE (__fini_array_start, .)
 *(SORT(.fini_array.*))
 *(.fini_array)
                0x0000000020002070                PROVIDE (__fini_array_end, .)
 *(.jcr)
                0x0000000020002070                . = ALIGN (0x4)
                0x0000000020002070                __data_end__ = .

.igot.plt       0x0000000020002070        0x0 load address 0x000000000001d338
 .igot.plt      0x0000000000000000        0x0 /usr/local/gcc_arm/gcc-arm-none-eabi-4_9-2015q3/bin/../lib/gcc/arm-none-eabi/4.9.3/armv6-m/crtbegin.o

.bss            0x0000000020002070      0x848 load address 0x000000000001d338
                0x0000000020002070                . = ALIGN (0x4)
                0x0000000020002070                __bss_start__ = .
 *(.bss*)
 .bss.m_detection_delay
                0x0000000020002070        0x4 _build/app_button.o
 .bss.mp_buttons
                0x0000000020002074        0x4 _build/app_button.o
 .bss.m_button_count
                0x0000000020002078        0x1 _build/app_button.o
 *fill*         0x0000000020002079        0x3 
 .bss.m_pin_state
                0x000000002000207c        0x4 _build/app_button.o
 .bss.m_detection_delay_timer_id
                0x0000000020002080        0x4 _build/app_button.o
 .bss.m_pin_transition
                0x0000000020002084        0x4 _build/app_button.o
 .bss.m_ticks_latest
                0x0000000020002088        0x4 _build/app_timer.o
 .bss.m_evt_schedule_func
                0x000000002000208c        0x4 _build/app_timer.o
 .bss.mp_nodes  0x0000000020002090        0x4 _build/app_timer.o
 .bss.m_user_array_size
                0x0000000020002094        0x1 _build/app_timer.o
 *fill*         0x0000000020002095        0x3 
 .bss.mp_users  0x0000000020002098        0x4 _build/app_timer.o
 .bss.m_ticks_elapsed_q_read_ind
                0x000000002000209c        0x1 _build/app_timer.o
 .bss.m_ticks_elapsed_q_write_ind
                0x000000002000209d        0x1 _build/app_timer.o
 .bss.m_node_array_size
                0x000000002000209e        0x1 _build/app_timer.o
 *fill*         0x000000002000209f        0x1 
 .bss.m_timer_id_head
                0x00000000200020a0        0x4 _build/app_timer.o
 .bss.m_rtc1_reset
                0x00000000200020a4        0x1 _build/app_timer.o
 *fill*         0x00000000200020a5        0x3 
 .bss.m_ticks_elapsed
                0x00000000200020a8        0x8 _build/app_timer.o
 .bss.m_rtc1_running
                0x00000000200020b0        0x1 _build/app_timer.o
 *fill*         0x00000000200020b1        0x3 
 .bss.m_event_handler
                0x00000000200020b4        0x4 _build/app_uart_fifo.o
 .bss.m_tx_fifo
                0x00000000200020b8       0x10 _build/app_uart_fifo.o
 .bss.m_current_state
                0x00000000200020c8        0x1 _build/app_uart_fifo.o
 *fill*         0x00000000200020c9        0x3 
 .bss.m_rx_fifo
                0x00000000200020cc       0x10 _build/app_uart_fifo.o
 .bss.m_cb      0x00000000200020dc       0x50 _build/nrf_drv_gpiote.o
 .bss.m_cmd_queue
                0x000000002000212c       0xcc _build/pstorage.o
 .bss.m_flags   0x00000000200021f8        0x4 _build/pstorage.o
 .bss.release_event_at_push.5913
                0x00000000200021fc        0x4 _build/bsp.o
 .bss.m_indication_type
                0x0000000020002200        0x4 _build/bsp.o
 .bss.m_button_timer_id
                0x0000000020002204        0x4 _build/bsp.o
 .bss.m_app_ticks_per_100ms
                0x0000000020002208        0x4 _build/bsp.o
 .bss.m_alert_timer_id
                0x000000002000220c        0x4 _build/bsp.o
 .bss.m_registered_callback
                0x0000000020002210        0x4 _build/bsp.o
 .bss.m_stable_state
                0x0000000020002214        0x1 _build/bsp.o
 .bss.current_long_push_pin_no.5912
                0x0000000020002215        0x1 _build/bsp.o
 *fill*         0x0000000020002216        0x2 
 .bss.m_leds_timer_id
                0x0000000020002218        0x4 _build/bsp.o
 .bss.m_events_list
                0x000000002000221c        0xc _build/bsp.o
 .bss.m_error_handler
                0x0000000020002228        0x4 _build/bsp_btn_ble.o
 .bss.m_num_connections
                0x000000002000222c        0x4 _build/bsp_btn_ble.o
 .bss.index.8150
                0x0000000020002230        0x1 _build/main.o
 *fill*         0x0000000020002231        0x3 
 .bss.APP_TIMER_BUF.8194
                0x0000000020002234      0x290 _build/main.o
 .bss.tx_buf.8166
                0x00000000200024c4      0x100 _build/main.o
 .bss.rx_buf.8165
                0x00000000200025c4      0x100 _build/main.o
 .bss.BLE_EVT_BUFFER.8129
                0x00000000200026c4       0x48 _build/main.o
 .bss.data_array.8149
                0x000000002000270c       0x14 _build/main.o
 .bss.m_nus     0x0000000020002720       0x1c _build/main.o
 .bss.m_advdata
                0x000000002000273c       0x30 _build/ble_advertising.o
 .bss.m_manuf_specific_data
                0x000000002000276c        0xc _build/ble_advertising.o
 .bss.m_evt_handler
                0x0000000020002778        0x4 _build/ble_advertising.o
 .bss.m_manuf_data_array
                0x000000002000277c       0x1f _build/ble_advertising.o
 .bss.m_whitelist_temporarily_disabled
                0x000000002000279b        0x1 _build/ble_advertising.o
 .bss.m_error_handler
                0x000000002000279c        0x4 _build/ble_advertising.o
 .bss.m_peer_address
                0x00000000200027a0        0x7 _build/ble_advertising.o
 *fill*         0x00000000200027a7        0x1 
 .bss.m_adv_modes_config
                0x00000000200027a8       0x24 _build/ble_advertising.o
 .bss.mp_whitelist_addr
                0x00000000200027cc       0x20 _build/ble_advertising.o
 .bss.m_tx_power_level
                0x00000000200027ec        0x1 _build/ble_advertising.o
 *fill*         0x00000000200027ed        0x3 
 .bss.m_whitelist
                0x00000000200027f0       0x10 _build/ble_advertising.o
 .bss.m_service_data_array
                0x0000000020002800       0x1f _build/ble_advertising.o
 .bss.m_peer_addr_reply_expected
                0x000000002000281f        0x1 _build/ble_advertising.o
 .bss.m_whitelist_reply_expected
                0x0000000020002820        0x1 _build/ble_advertising.o
 *fill*         0x0000000020002821        0x3 
 .bss.mp_whitelist_irk
                0x0000000020002824       0x20 _build/ble_advertising.o
 .bss.m_adv_mode_current
                0x0000000020002844        0x1 _build/ble_advertising.o
 .bss.m_advertising_start_pending
                0x0000000020002845        0x1 _build/ble_advertising.o
 *fill*         0x0000000020002846        0x2 
 .bss.m_slave_conn_int
                0x0000000020002848        0x4 _build/ble_advertising.o
 .bss.m_service_data
                0x000000002000284c        0xc _build/ble_advertising.o
 .bss.m_adv_evt
                0x0000000020002858        0x1 _build/ble_advertising.o
 .bss.m_change_param
                0x0000000020002859        0x1 _build/ble_conn_params.o
 *fill*         0x000000002000285a        0x2 
 .bss.m_current_conn_params
                0x000000002000285c        0x8 _build/ble_conn_params.o
 .bss.m_update_count
                0x0000000020002864        0x1 _build/ble_conn_params.o
 *fill*         0x0000000020002865        0x3 
 .bss.m_conn_params_config
                0x0000000020002868       0x1c _build/ble_conn_params.o
 .bss.m_conn_params_timer_id
                0x0000000020002884        0x4 _build/ble_conn_params.o
 .bss.m_conn_handle
                0x0000000020002888        0x2 _build/ble_conn_params.o
 *fill*         0x000000002000288a        0x2 
 .bss.m_preferred_conn_params
                0x000000002000288c        0x8 _build/ble_conn_params.o
 .bss.m_softdevice_enabled
                0x0000000020002894        0x1 _build/softdevice_handler.o
 *fill*         0x0000000020002895        0x1 
 .bss.m_ble_evt_buffer_size
                0x0000000020002896        0x2 _build/softdevice_handler.o
 .bss.mp_ble_evt_buffer
                0x0000000020002898        0x4 _build/softdevice_handler.o
 .bss.m_sys_evt_handler
                0x000000002000289c        0x4 _build/softdevice_handler.o
 .bss.m_ble_evt_handler
                0x00000000200028a0        0x4 _build/softdevice_handler.o
 .bss.m_evt_schedule_func
                0x00000000200028a4        0x4 _build/softdevice_handler.o
 .bss.__malloc_sbrk_start
                0x00000000200028a8        0x4 /usr/local/gcc_arm/gcc-arm-none-eabi-4_9-2015q3/bin/../lib/gcc/arm-none-eabi/4.9.3/../../../../arm-none-eabi/lib/armv6-m/libc_nano.a(lib_a-nano-mallocr.o)
                0x00000000200028a8                __malloc_sbrk_start
 .bss.__malloc_free_list
                0x00000000200028ac        0x4 /usr/local/gcc_arm/gcc-arm-none-eabi-4_9-2015q3/bin/../lib/gcc/arm-none-eabi/4.9.3/../../../../arm-none-eabi/lib/armv6-m/libc_nano.a(lib_a-nano-mallocr.o)
                0x00000000200028ac                __malloc_free_list
 .bss.heap_end.4079
                0x00000000200028b0        0x4 /usr/local/gcc_arm/gcc-arm-none-eabi-4_9-2015q3/bin/../lib/gcc/arm-none-eabi/4.9.3/../../../../arm-none-eabi/lib/armv6-m/libnosys.a(sbrk.o)
 *(COMMON)
 COMMON         0x00000000200028b4        0x4 /usr/local/gcc_arm/gcc-arm-none-eabi-4_9-2015q3/bin/../lib/gcc/arm-none-eabi/4.9.3/../../../../arm-none-eabi/lib/armv6-m/libc_nano.a(lib_a-reent.o)
                0x00000000200028b4                errno
                0x00000000200028b8                . = ALIGN (0x4)
                0x00000000200028b8                __bss_end__ = .

.heap           0x00000000200028b8      0x800
                0x00000000200028b8                __end__ = .
                0x00000000200028b8                end = __end__
 *(.heap*)
 .heap          0x00000000200028b8      0x800 _build/gcc_startup_nrf51.o
                0x00000000200028b8                __HeapBase
                0x00000000200030b8                __HeapLimit = .

.stack_dummy    0x00000000200028b8      0x800
 *(.stack*)
 .stack         0x00000000200028b8      0x800 _build/gcc_startup_nrf51.o
                0x0000000020008000                __StackTop = (ORIGIN (RAM) + 0x6000)
                0x0000000020007800                __StackLimit = (__StackTop - SIZEOF (.stack_dummy))
                0x0000000020008000                PROVIDE (__stack, __StackTop)
                0x0000000000000001                ASSERT ((__StackLimit >= __HeapLimit), region RAM overflowed with stack)
OUTPUT(_build/nrf51422_xxac_s110.out elf32-littlearm)

.ARM.attributes
                0x0000000000000000       0x28
 .ARM.attributes
                0x0000000000000000       0x1e /usr/local/gcc_arm/gcc-arm-none-eabi-4_9-2015q3/bin/../lib/gcc/arm-none-eabi/4.9.3/armv6-m/crti.o
 .ARM.attributes
                0x000000000000001e       0x1b /usr/local/gcc_arm/gcc-arm-none-eabi-4_9-2015q3/bin/../lib/gcc/arm-none-eabi/4.9.3/../../../../arm-none-eabi/lib/armv6-m/crt0.o
 .ARM.attributes
                0x0000000000000039       0x2c /usr/local/gcc_arm/gcc-arm-none-eabi-4_9-2015q3/bin/../lib/gcc/arm-none-eabi/4.9.3/../../../../arm-none-eabi/lib/armv6-m/libc_nano.a(lib_a-exit.o)
 .ARM.attributes
                0x0000000000000065       0x2c /usr/local/gcc_arm/gcc-arm-none-eabi-4_9-2015q3/bin/../lib/gcc/arm-none-eabi/4.9.3/../../../../arm-none-eabi/lib/armv6-m/libc_nano.a(lib_a-impure.o)
 .ARM.attributes
                0x0000000000000091       0x2c /usr/local/gcc_arm/gcc-arm-none-eabi-4_9-2015q3/bin/../lib/gcc/arm-none-eabi/4.9.3/../../../../arm-none-eabi/lib/armv6-m/libc_nano.a(lib_a-init.o)
 .ARM.attributes
                0x00000000000000bd       0x2c /usr/local/gcc_arm/gcc-arm-none-eabi-4_9-2015q3/bin/../lib/gcc/arm-none-eabi/4.9.3/../../../../arm-none-eabi/lib/armv6-m/libc_nano.a(lib_a-memset.o)
 .ARM.attributes
                0x00000000000000e9       0x2c /usr/local/gcc_arm/gcc-arm-none-eabi-4_9-2015q3/bin/../lib/gcc/arm-none-eabi/4.9.3/../../../../arm-none-eabi/lib/armv6-m/libnosys.a(_exit.o)
 .ARM.attributes
                0x0000000000000115       0x31 _build/app_button.o
 .ARM.attributes
                0x0000000000000146       0x31 _build/app_error.o
 .ARM.attributes
                0x0000000000000177       0x31 _build/app_fifo.o
 .ARM.attributes
                0x00000000000001a8       0x31 _build/app_timer.o
 .ARM.attributes
                0x00000000000001d9       0x31 _build/retarget.o
 .ARM.attributes
                0x000000000000020a       0x31 _build/app_uart_fifo.o
 .ARM.attributes
                0x000000000000023b       0x31 _build/nrf_drv_common.o
 .ARM.attributes
                0x000000000000026c       0x31 _build/nrf_drv_gpiote.o
 .ARM.attributes
                0x000000000000029d       0x31 _build/pstorage.o
 .ARM.attributes
                0x00000000000002ce       0x31 _build/bsp.o
 .ARM.attributes
                0x00000000000002ff       0x31 _build/bsp_btn_ble.o
 .ARM.attributes
                0x0000000000000330       0x31 _build/main.o
 .ARM.attributes
                0x0000000000000361       0x31 _build/ble_advdata.o
 .ARM.attributes
                0x0000000000000392       0x31 _build/ble_advertising.o
 .ARM.attributes
                0x00000000000003c3       0x31 _build/ble_conn_params.o
 .ARM.attributes
                0x00000000000003f4       0x31 _build/ble_nus.o
 .ARM.attributes
                0x0000000000000425       0x31 _build/system_nrf51.o
 .ARM.attributes
                0x0000000000000456       0x31 _build/softdevice_handler.o
 .ARM.attributes
                0x0000000000000487       0x1b _build/gcc_startup_nrf51.o
 .ARM.attributes
                0x00000000000004a2       0x1e /usr/local/gcc_arm/gcc-arm-none-eabi-4_9-2015q3/bin/../lib/gcc/arm-none-eabi/4.9.3/armv6-m/libgcc.a(_udivsi3.o)
 .ARM.attributes
                0x00000000000004c0       0x1e /usr/local/gcc_arm/gcc-arm-none-eabi-4_9-2015q3/bin/../lib/gcc/arm-none-eabi/4.9.3/armv6-m/libgcc.a(_dvmd_tls.o)
 .ARM.attributes
                0x00000000000004de       0x2c /usr/local/gcc_arm/gcc-arm-none-eabi-4_9-2015q3/bin/../lib/gcc/arm-none-eabi/4.9.3/../../../../arm-none-eabi/lib/armv6-m/libc_nano.a(lib_a-memcpy.o)
 .ARM.attributes
                0x000000000000050a       0x2c /usr/local/gcc_arm/gcc-arm-none-eabi-4_9-2015q3/bin/../lib/gcc/arm-none-eabi/4.9.3/../../../../arm-none-eabi/lib/armv6-m/libc_nano.a(lib_a-printf.o)
 .ARM.attributes
                0x0000000000000536       0x2c /usr/local/gcc_arm/gcc-arm-none-eabi-4_9-2015q3/bin/../lib/gcc/arm-none-eabi/4.9.3/../../../../arm-none-eabi/lib/armv6-m/libc_nano.a(lib_a-strlen.o)
 .ARM.attributes
                0x0000000000000562       0x2c /usr/local/gcc_arm/gcc-arm-none-eabi-4_9-2015q3/bin/../lib/gcc/arm-none-eabi/4.9.3/../../../../arm-none-eabi/lib/armv6-m/libc_nano.a(lib_a-findfp.o)
 .ARM.attributes
                0x000000000000058e       0x2c /usr/local/gcc_arm/gcc-arm-none-eabi-4_9-2015q3/bin/../lib/gcc/arm-none-eabi/4.9.3/../../../../arm-none-eabi/lib/armv6-m/libc_nano.a(lib_a-fwalk.o)
 .ARM.attributes
                0x00000000000005ba       0x2c /usr/local/gcc_arm/gcc-arm-none-eabi-4_9-2015q3/bin/../lib/gcc/arm-none-eabi/4.9.3/../../../../arm-none-eabi/lib/armv6-m/libc_nano.a(lib_a-nano-mallocr.o)
 .ARM.attributes
                0x00000000000005e6       0x2c /usr/local/gcc_arm/gcc-arm-none-eabi-4_9-2015q3/bin/../lib/gcc/arm-none-eabi/4.9.3/../../../../arm-none-eabi/lib/armv6-m/libc_nano.a(lib_a-nano-vfprintf.o)
 .ARM.attributes
                0x0000000000000612       0x2c /usr/local/gcc_arm/gcc-arm-none-eabi-4_9-2015q3/bin/../lib/gcc/arm-none-eabi/4.9.3/../../../../arm-none-eabi/lib/armv6-m/libc_nano.a(lib_a-nano-vfprintf_i.o)
 .ARM.attributes
                0x000000000000063e       0x2c /usr/local/gcc_arm/gcc-arm-none-eabi-4_9-2015q3/bin/../lib/gcc/arm-none-eabi/4.9.3/../../../../arm-none-eabi/lib/armv6-m/libc_nano.a(lib_a-sbrkr.o)
 .ARM.attributes
                0x000000000000066a       0x2c /usr/local/gcc_arm/gcc-arm-none-eabi-4_9-2015q3/bin/../lib/gcc/arm-none-eabi/4.9.3/../../../../arm-none-eabi/lib/armv6-m/libc_nano.a(lib_a-stdio.o)
 .ARM.attributes
                0x0000000000000696       0x2c /usr/local/gcc_arm/gcc-arm-none-eabi-4_9-2015q3/bin/../lib/gcc/arm-none-eabi/4.9.3/../../../../arm-none-eabi/lib/armv6-m/libc_nano.a(lib_a-wbuf.o)
 .ARM.attributes
                0x00000000000006c2       0x2c /usr/local/gcc_arm/gcc-arm-none-eabi-4_9-2015q3/bin/../lib/gcc/arm-none-eabi/4.9.3/../../../../arm-none-eabi/lib/armv6-m/libc_nano.a(lib_a-writer.o)
 .ARM.attributes
                0x00000000000006ee       0x2c /usr/local/gcc_arm/gcc-arm-none-eabi-4_9-2015q3/bin/../lib/gcc/arm-none-eabi/4.9.3/../../../../arm-none-eabi/lib/armv6-m/libc_nano.a(lib_a-wsetup.o)
 .ARM.attributes
                0x000000000000071a       0x2c /usr/local/gcc_arm/gcc-arm-none-eabi-4_9-2015q3/bin/../lib/gcc/arm-none-eabi/4.9.3/../../../../arm-none-eabi/lib/armv6-m/libc_nano.a(lib_a-closer.o)
 .ARM.attributes
                0x0000000000000746       0x2c /usr/local/gcc_arm/gcc-arm-none-eabi-4_9-2015q3/bin/../lib/gcc/arm-none-eabi/4.9.3/../../../../arm-none-eabi/lib/armv6-m/libc_nano.a(lib_a-fflush.o)
 .ARM.attributes
                0x0000000000000772       0x2c /usr/local/gcc_arm/gcc-arm-none-eabi-4_9-2015q3/bin/../lib/gcc/arm-none-eabi/4.9.3/../../../../arm-none-eabi/lib/armv6-m/libc_nano.a(lib_a-lseekr.o)
 .ARM.attributes
                0x000000000000079e       0x2c /usr/local/gcc_arm/gcc-arm-none-eabi-4_9-2015q3/bin/../lib/gcc/arm-none-eabi/4.9.3/../../../../arm-none-eabi/lib/armv6-m/libc_nano.a(lib_a-makebuf.o)
 .ARM.attributes
                0x00000000000007ca       0x2c /usr/local/gcc_arm/gcc-arm-none-eabi-4_9-2015q3/bin/../lib/gcc/arm-none-eabi/4.9.3/../../../../arm-none-eabi/lib/armv6-m/libc_nano.a(lib_a-memchr.o)
 .ARM.attributes
                0x00000000000007f6       0x2c /usr/local/gcc_arm/gcc-arm-none-eabi-4_9-2015q3/bin/../lib/gcc/arm-none-eabi/4.9.3/../../../../arm-none-eabi/lib/armv6-m/libc_nano.a(lib_a-nano-freer.o)
 .ARM.attributes
                0x0000000000000822       0x2c /usr/local/gcc_arm/gcc-arm-none-eabi-4_9-2015q3/bin/../lib/gcc/arm-none-eabi/4.9.3/../../../../arm-none-eabi/lib/armv6-m/libc_nano.a(lib_a-readr.o)
 .ARM.attributes
                0x000000000000084e       0x2c /usr/local/gcc_arm/gcc-arm-none-eabi-4_9-2015q3/bin/../lib/gcc/arm-none-eabi/4.9.3/../../../../arm-none-eabi/lib/armv6-m/libc_nano.a(lib_a-reent.o)
 .ARM.attributes
                0x000000000000087a       0x2c /usr/local/gcc_arm/gcc-arm-none-eabi-4_9-2015q3/bin/../lib/gcc/arm-none-eabi/4.9.3/../../../../arm-none-eabi/lib/armv6-m/libc_nano.a(lib_a-fstatr.o)
 .ARM.attributes
                0x00000000000008a6       0x2c /usr/local/gcc_arm/gcc-arm-none-eabi-4_9-2015q3/bin/../lib/gcc/arm-none-eabi/4.9.3/../../../../arm-none-eabi/lib/armv6-m/libc_nano.a(lib_a-isattyr.o)
 .ARM.attributes
                0x00000000000008d2       0x1e /usr/local/gcc_arm/gcc-arm-none-eabi-4_9-2015q3/bin/../lib/gcc/arm-none-eabi/4.9.3/armv6-m/crtn.o
 .ARM.attributes
                0x00000000000008f0       0x2c /usr/local/gcc_arm/gcc-arm-none-eabi-4_9-2015q3/bin/../lib/gcc/arm-none-eabi/4.9.3/../../../../arm-none-eabi/lib/armv6-m/libnosys.a(close.o)
 .ARM.attributes
                0x000000000000091c       0x2c /usr/local/gcc_arm/gcc-arm-none-eabi-4_9-2015q3/bin/../lib/gcc/arm-none-eabi/4.9.3/../../../../arm-none-eabi/lib/armv6-m/libnosys.a(fstat.o)
 .ARM.attributes
                0x0000000000000948       0x2c /usr/local/gcc_arm/gcc-arm-none-eabi-4_9-2015q3/bin/../lib/gcc/arm-none-eabi/4.9.3/../../../../arm-none-eabi/lib/armv6-m/libnosys.a(isatty.o)
 .ARM.attributes
                0x0000000000000974       0x2c /usr/local/gcc_arm/gcc-arm-none-eabi-4_9-2015q3/bin/../lib/gcc/arm-none-eabi/4.9.3/../../../../arm-none-eabi/lib/armv6-m/libnosys.a(lseek.o)
 .ARM.attributes
                0x00000000000009a0       0x2c /usr/local/gcc_arm/gcc-arm-none-eabi-4_9-2015q3/bin/../lib/gcc/arm-none-eabi/4.9.3/../../../../arm-none-eabi/lib/armv6-m/libnosys.a(sbrk.o)

.comment        0x0000000000000000       0x70
 .comment       0x0000000000000000       0x70 _build/app_button.o
                                         0x71 (size before relaxing)
 .comment       0x0000000000000000       0x71 _build/app_error.o
 .comment       0x0000000000000000       0x71 _build/app_fifo.o
 .comment       0x0000000000000000       0x71 _build/app_timer.o
 .comment       0x0000000000000000       0x71 _build/retarget.o
 .comment       0x0000000000000000       0x71 _build/app_uart_fifo.o
 .comment       0x0000000000000000       0x71 _build/nrf_drv_common.o
 .comment       0x0000000000000000       0x71 _build/nrf_drv_gpiote.o
 .comment       0x0000000000000000       0x71 _build/pstorage.o
 .comment       0x0000000000000000       0x71 _build/bsp.o
 .comment       0x0000000000000000       0x71 _build/bsp_btn_ble.o
 .comment       0x0000000000000000       0x71 _build/main.o
 .comment       0x0000000000000000       0x71 _build/ble_advdata.o
 .comment       0x0000000000000000       0x71 _build/ble_advertising.o
 .comment       0x0000000000000000       0x71 _build/ble_conn_params.o
 .comment       0x0000000000000000       0x71 _build/ble_nus.o
 .comment       0x0000000000000000       0x71 _build/system_nrf51.o
 .comment       0x0000000000000000       0x71 _build/softdevice_handler.o

.debug_frame    0x0000000000000000      0x804
 .debug_frame   0x0000000000000000       0x28 /usr/local/gcc_arm/gcc-arm-none-eabi-4_9-2015q3/bin/../lib/gcc/arm-none-eabi/4.9.3/../../../../arm-none-eabi/lib/armv6-m/libc_nano.a(lib_a-exit.o)
 .debug_frame   0x0000000000000028       0x2c /usr/local/gcc_arm/gcc-arm-none-eabi-4_9-2015q3/bin/../lib/gcc/arm-none-eabi/4.9.3/../../../../arm-none-eabi/lib/armv6-m/libc_nano.a(lib_a-init.o)
 .debug_frame   0x0000000000000054       0x20 /usr/local/gcc_arm/gcc-arm-none-eabi-4_9-2015q3/bin/../lib/gcc/arm-none-eabi/4.9.3/../../../../arm-none-eabi/lib/armv6-m/libc_nano.a(lib_a-memset.o)
 .debug_frame   0x0000000000000074       0x20 /usr/local/gcc_arm/gcc-arm-none-eabi-4_9-2015q3/bin/../lib/gcc/arm-none-eabi/4.9.3/../../../../arm-none-eabi/lib/armv6-m/libnosys.a(_exit.o)
 .debug_frame   0x0000000000000094       0x20 /usr/local/gcc_arm/gcc-arm-none-eabi-4_9-2015q3/bin/../lib/gcc/arm-none-eabi/4.9.3/armv6-m/libgcc.a(_udivsi3.o)
 .debug_frame   0x00000000000000b4       0x28 /usr/local/gcc_arm/gcc-arm-none-eabi-4_9-2015q3/bin/../lib/gcc/arm-none-eabi/4.9.3/../../../../arm-none-eabi/lib/armv6-m/libc_nano.a(lib_a-memcpy.o)
 .debug_frame   0x00000000000000dc       0x50 /usr/local/gcc_arm/gcc-arm-none-eabi-4_9-2015q3/bin/../lib/gcc/arm-none-eabi/4.9.3/../../../../arm-none-eabi/lib/armv6-m/libc_nano.a(lib_a-printf.o)
 .debug_frame   0x000000000000012c       0x20 /usr/local/gcc_arm/gcc-arm-none-eabi-4_9-2015q3/bin/../lib/gcc/arm-none-eabi/4.9.3/../../../../arm-none-eabi/lib/armv6-m/libc_nano.a(lib_a-strlen.o)
 .debug_frame   0x000000000000014c      0x140 /usr/local/gcc_arm/gcc-arm-none-eabi-4_9-2015q3/bin/../lib/gcc/arm-none-eabi/4.9.3/../../../../arm-none-eabi/lib/armv6-m/libc_nano.a(lib_a-findfp.o)
 .debug_frame   0x000000000000028c       0x58 /usr/local/gcc_arm/gcc-arm-none-eabi-4_9-2015q3/bin/../lib/gcc/arm-none-eabi/4.9.3/../../../../arm-none-eabi/lib/armv6-m/libc_nano.a(lib_a-fwalk.o)
 .debug_frame   0x00000000000002e4       0x2c /usr/local/gcc_arm/gcc-arm-none-eabi-4_9-2015q3/bin/../lib/gcc/arm-none-eabi/4.9.3/../../../../arm-none-eabi/lib/armv6-m/libc_nano.a(lib_a-nano-mallocr.o)
 .debug_frame   0x0000000000000310       0xa0 /usr/local/gcc_arm/gcc-arm-none-eabi-4_9-2015q3/bin/../lib/gcc/arm-none-eabi/4.9.3/../../../../arm-none-eabi/lib/armv6-m/libc_nano.a(lib_a-nano-vfprintf.o)
 .debug_frame   0x00000000000003b0       0x54 /usr/local/gcc_arm/gcc-arm-none-eabi-4_9-2015q3/bin/../lib/gcc/arm-none-eabi/4.9.3/../../../../arm-none-eabi/lib/armv6-m/libc_nano.a(lib_a-nano-vfprintf_i.o)
 .debug_frame   0x0000000000000404       0x2c /usr/local/gcc_arm/gcc-arm-none-eabi-4_9-2015q3/bin/../lib/gcc/arm-none-eabi/4.9.3/../../../../arm-none-eabi/lib/armv6-m/libc_nano.a(lib_a-sbrkr.o)
 .debug_frame   0x0000000000000430       0x90 /usr/local/gcc_arm/gcc-arm-none-eabi-4_9-2015q3/bin/../lib/gcc/arm-none-eabi/4.9.3/../../../../arm-none-eabi/lib/armv6-m/libc_nano.a(lib_a-stdio.o)
 .debug_frame   0x00000000000004c0       0x44 /usr/local/gcc_arm/gcc-arm-none-eabi-4_9-2015q3/bin/../lib/gcc/arm-none-eabi/4.9.3/../../../../arm-none-eabi/lib/armv6-m/libc_nano.a(lib_a-wbuf.o)
 .debug_frame   0x0000000000000504       0x2c /usr/local/gcc_arm/gcc-arm-none-eabi-4_9-2015q3/bin/../lib/gcc/arm-none-eabi/4.9.3/../../../../arm-none-eabi/lib/armv6-m/libc_nano.a(lib_a-writer.o)
 .debug_frame   0x0000000000000530       0x2c /usr/local/gcc_arm/gcc-arm-none-eabi-4_9-2015q3/bin/../lib/gcc/arm-none-eabi/4.9.3/../../../../arm-none-eabi/lib/armv6-m/libc_nano.a(lib_a-wsetup.o)
 .debug_frame   0x000000000000055c       0x2c /usr/local/gcc_arm/gcc-arm-none-eabi-4_9-2015q3/bin/../lib/gcc/arm-none-eabi/4.9.3/../../../../arm-none-eabi/lib/armv6-m/libc_nano.a(lib_a-closer.o)
 .debug_frame   0x0000000000000588       0x68 /usr/local/gcc_arm/gcc-arm-none-eabi-4_9-2015q3/bin/../lib/gcc/arm-none-eabi/4.9.3/../../../../arm-none-eabi/lib/armv6-m/libc_nano.a(lib_a-fflush.o)
 .debug_frame   0x00000000000005f0       0x2c /usr/local/gcc_arm/gcc-arm-none-eabi-4_9-2015q3/bin/../lib/gcc/arm-none-eabi/4.9.3/../../../../arm-none-eabi/lib/armv6-m/libc_nano.a(lib_a-lseekr.o)
 .debug_frame   0x000000000000061c       0x30 /usr/local/gcc_arm/gcc-arm-none-eabi-4_9-2015q3/bin/../lib/gcc/arm-none-eabi/4.9.3/../../../../arm-none-eabi/lib/armv6-m/libc_nano.a(lib_a-makebuf.o)
 .debug_frame   0x000000000000064c       0x20 /usr/local/gcc_arm/gcc-arm-none-eabi-4_9-2015q3/bin/../lib/gcc/arm-none-eabi/4.9.3/../../../../arm-none-eabi/lib/armv6-m/libc_nano.a(lib_a-memchr.o)
 .debug_frame   0x000000000000066c       0x2c /usr/local/gcc_arm/gcc-arm-none-eabi-4_9-2015q3/bin/../lib/gcc/arm-none-eabi/4.9.3/../../../../arm-none-eabi/lib/armv6-m/libc_nano.a(lib_a-nano-freer.o)
 .debug_frame   0x0000000000000698       0x2c /usr/local/gcc_arm/gcc-arm-none-eabi-4_9-2015q3/bin/../lib/gcc/arm-none-eabi/4.9.3/../../../../arm-none-eabi/lib/armv6-m/libc_nano.a(lib_a-readr.o)
 .debug_frame   0x00000000000006c4       0x48 /usr/local/gcc_arm/gcc-arm-none-eabi-4_9-2015q3/bin/../lib/gcc/arm-none-eabi/4.9.3/../../../../arm-none-eabi/lib/armv6-m/libc_nano.a(lib_a-reent.o)
 .debug_frame   0x000000000000070c       0x2c /usr/local/gcc_arm/gcc-arm-none-eabi-4_9-2015q3/bin/../lib/gcc/arm-none-eabi/4.9.3/../../../../arm-none-eabi/lib/armv6-m/libc_nano.a(lib_a-fstatr.o)
 .debug_frame   0x0000000000000738       0x2c /usr/local/gcc_arm/gcc-arm-none-eabi-4_9-2015q3/bin/../lib/gcc/arm-none-eabi/4.9.3/../../../../arm-none-eabi/lib/armv6-m/libc_nano.a(lib_a-isattyr.o)
 .debug_frame   0x0000000000000764       0x20 /usr/local/gcc_arm/gcc-arm-none-eabi-4_9-2015q3/bin/../lib/gcc/arm-none-eabi/4.9.3/../../../../arm-none-eabi/lib/armv6-m/libnosys.a(close.o)
 .debug_frame   0x0000000000000784       0x20 /usr/local/gcc_arm/gcc-arm-none-eabi-4_9-2015q3/bin/../lib/gcc/arm-none-eabi/4.9.3/../../../../arm-none-eabi/lib/armv6-m/libnosys.a(fstat.o)
 .debug_frame   0x00000000000007a4       0x20 /usr/local/gcc_arm/gcc-arm-none-eabi-4_9-2015q3/bin/../lib/gcc/arm-none-eabi/4.9.3/../../../../arm-none-eabi/lib/armv6-m/libnosys.a(isatty.o)
 .debug_frame   0x00000000000007c4       0x20 /usr/local/gcc_arm/gcc-arm-none-eabi-4_9-2015q3/bin/../lib/gcc/arm-none-eabi/4.9.3/../../../../arm-none-eabi/lib/armv6-m/libnosys.a(lseek.o)
 .debug_frame   0x00000000000007e4       0x20 /usr/local/gcc_arm/gcc-arm-none-eabi-4_9-2015q3/bin/../lib/gcc/arm-none-eabi/4.9.3/../../../../arm-none-eabi/lib/armv6-m/libnosys.a(sbrk.o)

.stab           0x0000000000000000       0x6c
 .stab          0x0000000000000000       0x24 /usr/local/gcc_arm/gcc-arm-none-eabi-4_9-2015q3/bin/../lib/gcc/arm-none-eabi/4.9.3/../../../../arm-none-eabi/lib/armv6-m/libnosys.a(close.o)
 .stab          0x0000000000000024       0x18 /usr/local/gcc_arm/gcc-arm-none-eabi-4_9-2015q3/bin/../lib/gcc/arm-none-eabi/4.9.3/../../../../arm-none-eabi/lib/armv6-m/libnosys.a(fstat.o)
                                         0x24 (size before relaxing)
 .stab          0x000000000000003c       0x18 /usr/local/gcc_arm/gcc-arm-none-eabi-4_9-2015q3/bin/../lib/gcc/arm-none-eabi/4.9.3/../../../../arm-none-eabi/lib/armv6-m/libnosys.a(isatty.o)
                                         0x24 (size before relaxing)
 .stab          0x0000000000000054       0x18 /usr/local/gcc_arm/gcc-arm-none-eabi-4_9-2015q3/bin/../lib/gcc/arm-none-eabi/4.9.3/../../../../arm-none-eabi/lib/armv6-m/libnosys.a(lseek.o)
                                         0x24 (size before relaxing)

.stabstr        0x0000000000000000       0xe3
 .stabstr       0x0000000000000000       0xe3 /usr/local/gcc_arm/gcc-arm-none-eabi-4_9-2015q3/bin/../lib/gcc/arm-none-eabi/4.9.3/../../../../arm-none-eabi/lib/armv6-m/libnosys.a(close.o)
